Archive member included to satisfy reference by file (symbol)

c:/st/stm32cubeide_1.7.0/stm32cubeide/plugins/com.st.stm32cube.ide.mcu.externaltools.gnu-tools-for-stm32.9-2020-q2-update.win32_2.0.0.202105311346/tools/bin/../lib/gcc/arm-none-eabi/9.3.1/../../../../arm-none-eabi/lib/thumb/v7-m/nofp\libc_nano.a(lib_a-errno.o)
                              ./Core/Src/syscalls.o (__errno)
c:/st/stm32cubeide_1.7.0/stm32cubeide/plugins/com.st.stm32cube.ide.mcu.externaltools.gnu-tools-for-stm32.9-2020-q2-update.win32_2.0.0.202105311346/tools/bin/../lib/gcc/arm-none-eabi/9.3.1/../../../../arm-none-eabi/lib/thumb/v7-m/nofp\libc_nano.a(lib_a-exit.o)
                              c:/st/stm32cubeide_1.7.0/stm32cubeide/plugins/com.st.stm32cube.ide.mcu.externaltools.gnu-tools-for-stm32.9-2020-q2-update.win32_2.0.0.202105311346/tools/bin/../lib/gcc/arm-none-eabi/9.3.1/../../../../arm-none-eabi/lib/thumb/v7-m/nofp/crt0.o (exit)
c:/st/stm32cubeide_1.7.0/stm32cubeide/plugins/com.st.stm32cube.ide.mcu.externaltools.gnu-tools-for-stm32.9-2020-q2-update.win32_2.0.0.202105311346/tools/bin/../lib/gcc/arm-none-eabi/9.3.1/../../../../arm-none-eabi/lib/thumb/v7-m/nofp\libc_nano.a(lib_a-impure.o)
                              c:/st/stm32cubeide_1.7.0/stm32cubeide/plugins/com.st.stm32cube.ide.mcu.externaltools.gnu-tools-for-stm32.9-2020-q2-update.win32_2.0.0.202105311346/tools/bin/../lib/gcc/arm-none-eabi/9.3.1/../../../../arm-none-eabi/lib/thumb/v7-m/nofp\libc_nano.a(lib_a-exit.o) (_global_impure_ptr)
c:/st/stm32cubeide_1.7.0/stm32cubeide/plugins/com.st.stm32cube.ide.mcu.externaltools.gnu-tools-for-stm32.9-2020-q2-update.win32_2.0.0.202105311346/tools/bin/../lib/gcc/arm-none-eabi/9.3.1/../../../../arm-none-eabi/lib/thumb/v7-m/nofp\libc_nano.a(lib_a-init.o)
                              c:/st/stm32cubeide_1.7.0/stm32cubeide/plugins/com.st.stm32cube.ide.mcu.externaltools.gnu-tools-for-stm32.9-2020-q2-update.win32_2.0.0.202105311346/tools/bin/../lib/gcc/arm-none-eabi/9.3.1/../../../../arm-none-eabi/lib/thumb/v7-m/nofp/crt0.o (__libc_init_array)
c:/st/stm32cubeide_1.7.0/stm32cubeide/plugins/com.st.stm32cube.ide.mcu.externaltools.gnu-tools-for-stm32.9-2020-q2-update.win32_2.0.0.202105311346/tools/bin/../lib/gcc/arm-none-eabi/9.3.1/../../../../arm-none-eabi/lib/thumb/v7-m/nofp\libc_nano.a(lib_a-memcpy-stub.o)
                              ./FreeModbus_SLAVE/functions/mbfuncother.o (memcpy)
c:/st/stm32cubeide_1.7.0/stm32cubeide/plugins/com.st.stm32cube.ide.mcu.externaltools.gnu-tools-for-stm32.9-2020-q2-update.win32_2.0.0.202105311346/tools/bin/../lib/gcc/arm-none-eabi/9.3.1/../../../../arm-none-eabi/lib/thumb/v7-m/nofp\libc_nano.a(lib_a-memset.o)
                              c:/st/stm32cubeide_1.7.0/stm32cubeide/plugins/com.st.stm32cube.ide.mcu.externaltools.gnu-tools-for-stm32.9-2020-q2-update.win32_2.0.0.202105311346/tools/bin/../lib/gcc/arm-none-eabi/9.3.1/../../../../arm-none-eabi/lib/thumb/v7-m/nofp/crt0.o (memset)

Allocating common symbols
Common symbol       size              file

pxMBFrameCBTransmitterEmpty
                    0x4               ./FreeModbus_SLAVE/mb.o
tim                 0x4               ./FreeModbus_SLAVE/port/porttimer.o
pxMBPortCBTimerExpired
                    0x4               ./FreeModbus_SLAVE/mb.o
htim4               0x48              ./Core/Src/main.o
uwTick              0x4               ./Drivers/STM32F1xx_HAL_Driver/Src/stm32f1xx_hal.o
pFlash              0x20              ./Drivers/STM32F1xx_HAL_Driver/Src/stm32f1xx_hal_flash.o
ucRTUBuf            0x100             ./FreeModbus_SLAVE/rtu/mbrtu.o
pxMBFrameCBByteReceived
                    0x4               ./FreeModbus_SLAVE/mb.o
huart1              0x44              ./Core/Src/main.o
pxMBFrameCBTransmitFSMCur
                    0x4               ./FreeModbus_SLAVE/mb.o
ucSDiscInBuf        0x1               ./FreeModbus_SLAVE/app/user_mb_app.o
usSRegHoldBuf       0x14              ./FreeModbus_SLAVE/app/user_mb_app.o
usSRegInBuf         0x4               ./FreeModbus_SLAVE/app/user_mb_app.o
pxMBFrameCBReceiveFSMCur
                    0x4               ./FreeModbus_SLAVE/mb.o
uart                0x4               ./FreeModbus_SLAVE/port/portserial.o

Discarded input sections

 .text          0x0000000000000000        0x0 c:/st/stm32cubeide_1.7.0/stm32cubeide/plugins/com.st.stm32cube.ide.mcu.externaltools.gnu-tools-for-stm32.9-2020-q2-update.win32_2.0.0.202105311346/tools/bin/../lib/gcc/arm-none-eabi/9.3.1/thumb/v7-m/nofp/crti.o
 .data          0x0000000000000000        0x0 c:/st/stm32cubeide_1.7.0/stm32cubeide/plugins/com.st.stm32cube.ide.mcu.externaltools.gnu-tools-for-stm32.9-2020-q2-update.win32_2.0.0.202105311346/tools/bin/../lib/gcc/arm-none-eabi/9.3.1/thumb/v7-m/nofp/crti.o
 .bss           0x0000000000000000        0x0 c:/st/stm32cubeide_1.7.0/stm32cubeide/plugins/com.st.stm32cube.ide.mcu.externaltools.gnu-tools-for-stm32.9-2020-q2-update.win32_2.0.0.202105311346/tools/bin/../lib/gcc/arm-none-eabi/9.3.1/thumb/v7-m/nofp/crti.o
[...]
Memory Configuration

Name             Origin             Length             Attributes
RAM              0x0000000020000000 0x0000000000005000 xrw
FLASH            0x0000000008000000 0x0000000000020000 xr
*default*        0x0000000000000000 0xffffffffffffffff

Linker script and memory map

LOAD c:/st/stm32cubeide_1.7.0/stm32cubeide/plugins/com.st.stm32cube.ide.mcu.externaltools.gnu-tools-for-stm32.9-2020-q2-update.win32_2.0.0.202105311346/tools/bin/../lib/gcc/arm-none-eabi/9.3.1/thumb/v7-m/nofp/crti.o
LOAD c:/st/stm32cubeide_1.7.0/stm32cubeide/plugins/com.st.stm32cube.ide.mcu.externaltools.gnu-tools-for-stm32.9-2020-q2-update.win32_2.0.0.202105311346/tools/bin/../lib/gcc/arm-none-eabi/9.3.1/thumb/v7-m/nofp/crtbegin.o
LOAD c:/st/stm32cubeide_1.7.0/stm32cubeide/plugins/com.st.stm32cube.ide.mcu.externaltools.gnu-tools-for-stm32.9-2020-q2-update.win32_2.0.0.202105311346/tools/bin/../lib/gcc/arm-none-eabi/9.3.1/../../../../arm-none-eabi/lib/thumb/v7-m/nofp/crt0.o
LOAD ./Core/Src/main.o
LOAD ./Core/Src/stm32f1xx_hal_msp.o
LOAD ./Core/Src/stm32f1xx_it.o
LOAD ./Core/Src/syscalls.o
LOAD ./Core/Src/sysmem.o
LOAD ./Core/Src/system_stm32f1xx.o
LOAD ./Core/Startup/startup_stm32f103rbtx.o
LOAD ./Drivers/STM32F1xx_HAL_Driver/Src/stm32f1xx_hal.o
LOAD ./Drivers/STM32F1xx_HAL_Driver/Src/stm32f1xx_hal_cortex.o
LOAD ./Drivers/STM32F1xx_HAL_Driver/Src/stm32f1xx_hal_dma.o
LOAD ./Drivers/STM32F1xx_HAL_Driver/Src/stm32f1xx_hal_exti.o
LOAD ./Drivers/STM32F1xx_HAL_Driver/Src/stm32f1xx_hal_flash.o
LOAD ./Drivers/STM32F1xx_HAL_Driver/Src/stm32f1xx_hal_flash_ex.o
LOAD ./Drivers/STM32F1xx_HAL_Driver/Src/stm32f1xx_hal_gpio.o
LOAD ./Drivers/STM32F1xx_HAL_Driver/Src/stm32f1xx_hal_gpio_ex.o
LOAD ./Drivers/STM32F1xx_HAL_Driver/Src/stm32f1xx_hal_pwr.o
LOAD ./Drivers/STM32F1xx_HAL_Driver/Src/stm32f1xx_hal_rcc.o
LOAD ./Drivers/STM32F1xx_HAL_Driver/Src/stm32f1xx_hal_rcc_ex.o
LOAD ./Drivers/STM32F1xx_HAL_Driver/Src/stm32f1xx_hal_tim.o
LOAD ./Drivers/STM32F1xx_HAL_Driver/Src/stm32f1xx_hal_tim_ex.o
LOAD ./Drivers/STM32F1xx_HAL_Driver/Src/stm32f1xx_hal_uart.o
LOAD ./FreeModbus_SLAVE/app/user_mb_app.o
LOAD ./FreeModbus_SLAVE/app/user_mb_app_m.o
LOAD ./FreeModbus_SLAVE/ascii/mbascii.o
LOAD ./FreeModbus_SLAVE/functions/mbfunccoils.o
LOAD ./FreeModbus_SLAVE/functions/mbfunccoils_m.o
LOAD ./FreeModbus_SLAVE/functions/mbfuncdiag.o
LOAD ./FreeModbus_SLAVE/functions/mbfuncdisc.o
LOAD ./FreeModbus_SLAVE/functions/mbfuncdisc_m.o
LOAD ./FreeModbus_SLAVE/functions/mbfuncholding.o
LOAD ./FreeModbus_SLAVE/functions/mbfuncholding_m.o
LOAD ./FreeModbus_SLAVE/functions/mbfuncinput.o
LOAD ./FreeModbus_SLAVE/functions/mbfuncinput_m.o
LOAD ./FreeModbus_SLAVE/functions/mbfuncother.o
LOAD ./FreeModbus_SLAVE/functions/mbutils.o
LOAD ./FreeModbus_SLAVE/mb.o
LOAD ./FreeModbus_SLAVE/mb_m.o
LOAD ./FreeModbus_SLAVE/port/portcritical.o
LOAD ./FreeModbus_SLAVE/port/portevent.o
LOAD ./FreeModbus_SLAVE/port/portevent_m.o
LOAD ./FreeModbus_SLAVE/port/portserial.o
LOAD ./FreeModbus_SLAVE/port/portserial_m.o
LOAD ./FreeModbus_SLAVE/port/porttimer.o
LOAD ./FreeModbus_SLAVE/port/porttimer_m.o
LOAD ./FreeModbus_SLAVE/rtu/mbcrc.o
LOAD ./FreeModbus_SLAVE/rtu/mbrtu.o
LOAD ./FreeModbus_SLAVE/rtu/mbrtu_m.o
LOAD ./FreeModbus_SLAVE/tcp/mbtcp.o
START GROUP
LOAD c:/st/stm32cubeide_1.7.0/stm32cubeide/plugins/com.st.stm32cube.ide.mcu.externaltools.gnu-tools-for-stm32.9-2020-q2-update.win32_2.0.0.202105311346/tools/bin/../lib/gcc/arm-none-eabi/9.3.1/../../../../arm-none-eabi/lib/thumb/v7-m/nofp\libc_nano.a
LOAD c:/st/stm32cubeide_1.7.0/stm32cubeide/plugins/com.st.stm32cube.ide.mcu.externaltools.gnu-tools-for-stm32.9-2020-q2-update.win32_2.0.0.202105311346/tools/bin/../lib/gcc/arm-none-eabi/9.3.1/../../../../arm-none-eabi/lib/thumb/v7-m/nofp\libm.a
END GROUP
START GROUP
LOAD c:/st/stm32cubeide_1.7.0/stm32cubeide/plugins/com.st.stm32cube.ide.mcu.externaltools.gnu-tools-for-stm32.9-2020-q2-update.win32_2.0.0.202105311346/tools/bin/../lib/gcc/arm-none-eabi/9.3.1/thumb/v7-m/nofp\libgcc.a
LOAD c:/st/stm32cubeide_1.7.0/stm32cubeide/plugins/com.st.stm32cube.ide.mcu.externaltools.gnu-tools-for-stm32.9-2020-q2-update.win32_2.0.0.202105311346/tools/bin/../lib/gcc/arm-none-eabi/9.3.1/../../../../arm-none-eabi/lib/thumb/v7-m/nofp\libc_nano.a
END GROUP
START GROUP
LOAD c:/st/stm32cubeide_1.7.0/stm32cubeide/plugins/com.st.stm32cube.ide.mcu.externaltools.gnu-tools-for-stm32.9-2020-q2-update.win32_2.0.0.202105311346/tools/bin/../lib/gcc/arm-none-eabi/9.3.1/thumb/v7-m/nofp\libgcc.a
LOAD c:/st/stm32cubeide_1.7.0/stm32cubeide/plugins/com.st.stm32cube.ide.mcu.externaltools.gnu-tools-for-stm32.9-2020-q2-update.win32_2.0.0.202105311346/tools/bin/../lib/gcc/arm-none-eabi/9.3.1/../../../../arm-none-eabi/lib/thumb/v7-m/nofp\libc_nano.a
LOAD c:/st/stm32cubeide_1.7.0/stm32cubeide/plugins/com.st.stm32cube.ide.mcu.externaltools.gnu-tools-for-stm32.9-2020-q2-update.win32_2.0.0.202105311346/tools/bin/../lib/gcc/arm-none-eabi/9.3.1/../../../../arm-none-eabi/lib/thumb/v7-m/nofp\libnosys.a
END GROUP
START GROUP
LOAD c:/st/stm32cubeide_1.7.0/stm32cubeide/plugins/com.st.stm32cube.ide.mcu.externaltools.gnu-tools-for-stm32.9-2020-q2-update.win32_2.0.0.202105311346/tools/bin/../lib/gcc/arm-none-eabi/9.3.1/thumb/v7-m/nofp\libgcc.a
LOAD c:/st/stm32cubeide_1.7.0/stm32cubeide/plugins/com.st.stm32cube.ide.mcu.externaltools.gnu-tools-for-stm32.9-2020-q2-update.win32_2.0.0.202105311346/tools/bin/../lib/gcc/arm-none-eabi/9.3.1/../../../../arm-none-eabi/lib/thumb/v7-m/nofp\libc_nano.a
LOAD c:/st/stm32cubeide_1.7.0/stm32cubeide/plugins/com.st.stm32cube.ide.mcu.externaltools.gnu-tools-for-stm32.9-2020-q2-update.win32_2.0.0.202105311346/tools/bin/../lib/gcc/arm-none-eabi/9.3.1/../../../../arm-none-eabi/lib/thumb/v7-m/nofp\libnosys.a
END GROUP
LOAD c:/st/stm32cubeide_1.7.0/stm32cubeide/plugins/com.st.stm32cube.ide.mcu.externaltools.gnu-tools-for-stm32.9-2020-q2-update.win32_2.0.0.202105311346/tools/bin/../lib/gcc/arm-none-eabi/9.3.1/thumb/v7-m/nofp/crtend.o
LOAD c:/st/stm32cubeide_1.7.0/stm32cubeide/plugins/com.st.stm32cube.ide.mcu.externaltools.gnu-tools-for-stm32.9-2020-q2-update.win32_2.0.0.202105311346/tools/bin/../lib/gcc/arm-none-eabi/9.3.1/thumb/v7-m/nofp/crtn.o
                0x0000000020005000                _estack = (ORIGIN (RAM) + LENGTH (RAM))
                0x0000000000000200                _Min_Heap_Size = 0x200
                0x0000000000000400                _Min_Stack_Size = 0x400

.isr_vector     0x0000000008000000      0x10c
                0x0000000008000000                . = ALIGN (0x4)
 *(.isr_vector)
 .isr_vector    0x0000000008000000      0x10c ./Core/Startup/startup_stm32f103rbtx.o
                0x0000000008000000                g_pfnVectors
                0x000000000800010c                . = ALIGN (0x4)

.text           0x000000000800010c     0x3a8c
                0x000000000800010c                . = ALIGN (0x4)
 *(.text)
 .text          0x000000000800010c       0x40 c:/st/stm32cubeide_1.7.0/stm32cubeide/plugins/com.st.stm32cube.ide.mcu.externaltools.gnu-tools-for-stm32.9-2020-q2-update.win32_2.0.0.202105311346/tools/bin/../lib/gcc/arm-none-eabi/9.3.1/thumb/v7-m/nofp/crtbegin.o
 *(.text*)
 .text.main     0x000000000800014c       0x68 ./Core/Src/main.o
                0x000000000800014c                main
 .text.SystemClock_Config
                0x00000000080001b4       0x8a ./Core/Src/main.o
                0x00000000080001b4                SystemClock_Config
 *fill*         0x000000000800023e        0x2 
 .text.MX_TIM4_Init
                0x0000000008000240       0x9c ./Core/Src/main.o
 .text.MX_USART1_UART_Init
                0x00000000080002dc       0x54 ./Core/Src/main.o
 .text.MX_GPIO_Init
                0x0000000008000330       0x98 ./Core/Src/main.o
 .text.Error_Handler
                0x00000000080003c8        0xa ./Core/Src/main.o
                0x00000000080003c8                Error_Handler
 *fill*         0x00000000080003d2        0x2 
 .text.HAL_MspInit
                0x00000000080003d4       0x64 ./Core/Src/stm32f1xx_hal_msp.o
                0x00000000080003d4                HAL_MspInit
 .text.HAL_TIM_Base_MspInit
                0x0000000008000438       0x3c ./Core/Src/stm32f1xx_hal_msp.o
                0x0000000008000438                HAL_TIM_Base_MspInit
 .text.HAL_UART_MspInit
                0x0000000008000474       0xa8 ./Core/Src/stm32f1xx_hal_msp.o
                0x0000000008000474                HAL_UART_MspInit
 .text.NMI_Handler
                0x000000000800051c        0x6 ./Core/Src/stm32f1xx_it.o
                0x000000000800051c                NMI_Handler
 .text.HardFault_Handler
                0x0000000008000522        0x6 ./Core/Src/stm32f1xx_it.o
                0x0000000008000522                HardFault_Handler
 .text.MemManage_Handler
                0x0000000008000528        0x6 ./Core/Src/stm32f1xx_it.o
                0x0000000008000528                MemManage_Handler
 .text.BusFault_Handler
                0x000000000800052e        0x6 ./Core/Src/stm32f1xx_it.o
                0x000000000800052e                BusFault_Handler
 .text.UsageFault_Handler
                0x0000000008000534        0x6 ./Core/Src/stm32f1xx_it.o
                0x0000000008000534                UsageFault_Handler
 .text.SVC_Handler
                0x000000000800053a        0xc ./Core/Src/stm32f1xx_it.o
                0x000000000800053a                SVC_Handler
 .text.DebugMon_Handler
                0x0000000008000546        0xc ./Core/Src/stm32f1xx_it.o
                0x0000000008000546                DebugMon_Handler
 .text.PendSV_Handler
                0x0000000008000552        0xc ./Core/Src/stm32f1xx_it.o
                0x0000000008000552                PendSV_Handler
 .text.SysTick_Handler
                0x000000000800055e        0xc ./Core/Src/stm32f1xx_it.o
                0x000000000800055e                SysTick_Handler
 *fill*         0x000000000800056a        0x2 
 .text.USART1_IRQHandler
                0x000000000800056c       0x14 ./Core/Src/stm32f1xx_it.o
                0x000000000800056c                USART1_IRQHandler
 .text.SystemInit
                0x0000000008000580        0xc ./Core/Src/system_stm32f1xx.o
                0x0000000008000580                SystemInit
 .text.Reset_Handler
                0x000000000800058c       0x48 ./Core/Startup/startup_stm32f103rbtx.o
                0x000000000800058c                Reset_Handler
 .text.Default_Handler
                0x00000000080005d4        0x2 ./Core/Startup/startup_stm32f103rbtx.o
                0x00000000080005d4                RTC_Alarm_IRQHandler
                0x00000000080005d4                EXTI2_IRQHandler
                0x00000000080005d4                TIM1_CC_IRQHandler
                0x00000000080005d4                PVD_IRQHandler
                0x00000000080005d4                EXTI3_IRQHandler
                0x00000000080005d4                EXTI0_IRQHandler
                0x00000000080005d4                I2C2_EV_IRQHandler
                0x00000000080005d4                ADC1_2_IRQHandler
                0x00000000080005d4                SPI1_IRQHandler
                0x00000000080005d4                TAMPER_IRQHandler
                0x00000000080005d4                DMA1_Channel4_IRQHandler
                0x00000000080005d4                USART3_IRQHandler
                0x00000000080005d4                RTC_IRQHandler
                0x00000000080005d4                DMA1_Channel7_IRQHandler
                0x00000000080005d4                CAN1_RX1_IRQHandler
                0x00000000080005d4                TIM4_IRQHandler
                0x00000000080005d4                I2C1_EV_IRQHandler
                0x00000000080005d4                DMA1_Channel6_IRQHandler
                0x00000000080005d4                TIM3_IRQHandler
                0x00000000080005d4                RCC_IRQHandler
                0x00000000080005d4                TIM1_TRG_COM_IRQHandler
                0x00000000080005d4                DMA1_Channel1_IRQHandler
                0x00000000080005d4                Default_Handler
                0x00000000080005d4                EXTI15_10_IRQHandler
                0x00000000080005d4                EXTI9_5_IRQHandler
                0x00000000080005d4                SPI2_IRQHandler
                0x00000000080005d4                DMA1_Channel5_IRQHandler
                0x00000000080005d4                EXTI4_IRQHandler
                0x00000000080005d4                USB_LP_CAN1_RX0_IRQHandler
                0x00000000080005d4                USB_HP_CAN1_TX_IRQHandler
                0x00000000080005d4                DMA1_Channel3_IRQHandler
                0x00000000080005d4                TIM1_UP_IRQHandler
                0x00000000080005d4                WWDG_IRQHandler
                0x00000000080005d4                TIM2_IRQHandler
                0x00000000080005d4                TIM1_BRK_IRQHandler
                0x00000000080005d4                EXTI1_IRQHandler
                0x00000000080005d4                USART2_IRQHandler
                0x00000000080005d4                I2C2_ER_IRQHandler
                0x00000000080005d4                DMA1_Channel2_IRQHandler
                0x00000000080005d4                CAN1_SCE_IRQHandler
                0x00000000080005d4                FLASH_IRQHandler
                0x00000000080005d4                I2C1_ER_IRQHandler
                0x00000000080005d4                USBWakeUp_IRQHandler
 *fill*         0x00000000080005d6        0x2 
 .text.HAL_Init
                0x00000000080005d8       0x2c ./Drivers/STM32F1xx_HAL_Driver/Src/stm32f1xx_hal.o
                0x00000000080005d8                HAL_Init
 .text.HAL_InitTick
                0x0000000008000604       0x60 ./Drivers/STM32F1xx_HAL_Driver/Src/stm32f1xx_hal.o
                0x0000000008000604                HAL_InitTick
 .text.HAL_IncTick
                0x0000000008000664       0x24 ./Drivers/STM32F1xx_HAL_Driver/Src/stm32f1xx_hal.o
                0x0000000008000664                HAL_IncTick
 .text.HAL_GetTick
                0x0000000008000688       0x14 ./Drivers/STM32F1xx_HAL_Driver/Src/stm32f1xx_hal.o
                0x0000000008000688                HAL_GetTick
 .text.__NVIC_SetPriorityGrouping
                0x000000000800069c       0x48 ./Drivers/STM32F1xx_HAL_Driver/Src/stm32f1xx_hal_cortex.o
 .text.__NVIC_GetPriorityGrouping
                0x00000000080006e4       0x1c ./Drivers/STM32F1xx_HAL_Driver/Src/stm32f1xx_hal_cortex.o
 .text.__NVIC_EnableIRQ
                0x0000000008000700       0x38 ./Drivers/STM32F1xx_HAL_Driver/Src/stm32f1xx_hal_cortex.o
 .text.__NVIC_SetPriority
                0x0000000008000738       0x54 ./Drivers/STM32F1xx_HAL_Driver/Src/stm32f1xx_hal_cortex.o
 .text.NVIC_EncodePriority
                0x000000000800078c       0x64 ./Drivers/STM32F1xx_HAL_Driver/Src/stm32f1xx_hal_cortex.o
 .text.SysTick_Config
                0x00000000080007f0       0x44 ./Drivers/STM32F1xx_HAL_Driver/Src/stm32f1xx_hal_cortex.o
 .text.HAL_NVIC_SetPriorityGrouping
                0x0000000008000834       0x16 ./Drivers/STM32F1xx_HAL_Driver/Src/stm32f1xx_hal_cortex.o
                0x0000000008000834                HAL_NVIC_SetPriorityGrouping
 .text.HAL_NVIC_SetPriority
                0x000000000800084a       0x38 ./Drivers/STM32F1xx_HAL_Driver/Src/stm32f1xx_hal_cortex.o
                0x000000000800084a                HAL_NVIC_SetPriority
 .text.HAL_NVIC_EnableIRQ
                0x0000000008000882       0x1c ./Drivers/STM32F1xx_HAL_Driver/Src/stm32f1xx_hal_cortex.o
                0x0000000008000882                HAL_NVIC_EnableIRQ
 .text.HAL_SYSTICK_Config
                0x000000000800089e       0x18 ./Drivers/STM32F1xx_HAL_Driver/Src/stm32f1xx_hal_cortex.o
                0x000000000800089e                HAL_SYSTICK_Config
 .text.HAL_DMA_Abort
                0x00000000080008b6       0x74 ./Drivers/STM32F1xx_HAL_Driver/Src/stm32f1xx_hal_dma.o
                0x00000000080008b6                HAL_DMA_Abort
 *fill*         0x000000000800092a        0x2 
 .text.HAL_DMA_Abort_IT
                0x000000000800092c       0xec ./Drivers/STM32F1xx_HAL_Driver/Src/stm32f1xx_hal_dma.o
                0x000000000800092c                HAL_DMA_Abort_IT
 .text.HAL_GPIO_Init
                0x0000000008000a18      0x308 ./Drivers/STM32F1xx_HAL_Driver/Src/stm32f1xx_hal_gpio.o
                0x0000000008000a18                HAL_GPIO_Init
 .text.HAL_GPIO_ReadPin
                0x0000000008000d20       0x2e ./Drivers/STM32F1xx_HAL_Driver/Src/stm32f1xx_hal_gpio.o
                0x0000000008000d20                HAL_GPIO_ReadPin
 .text.HAL_GPIO_WritePin
                0x0000000008000d4e       0x30 ./Drivers/STM32F1xx_HAL_Driver/Src/stm32f1xx_hal_gpio.o
                0x0000000008000d4e                HAL_GPIO_WritePin
 *fill*         0x0000000008000d7e        0x2 
 .text.HAL_RCC_OscConfig
                0x0000000008000d80      0x500 ./Drivers/STM32F1xx_HAL_Driver/Src/stm32f1xx_hal_rcc.o
                0x0000000008000d80                HAL_RCC_OscConfig
 .text.HAL_RCC_ClockConfig
                0x0000000008001280      0x1d4 ./Drivers/STM32F1xx_HAL_Driver/Src/stm32f1xx_hal_rcc.o
                0x0000000008001280                HAL_RCC_ClockConfig
 .text.HAL_RCC_GetSysClockFreq
                0x0000000008001454       0xc0 ./Drivers/STM32F1xx_HAL_Driver/Src/stm32f1xx_hal_rcc.o
                0x0000000008001454                HAL_RCC_GetSysClockFreq
 .text.HAL_RCC_GetHCLKFreq
                0x0000000008001514       0x14 ./Drivers/STM32F1xx_HAL_Driver/Src/stm32f1xx_hal_rcc.o
                0x0000000008001514                HAL_RCC_GetHCLKFreq
 .text.HAL_RCC_GetPCLK1Freq
                0x0000000008001528       0x28 ./Drivers/STM32F1xx_HAL_Driver/Src/stm32f1xx_hal_rcc.o
                0x0000000008001528                HAL_RCC_GetPCLK1Freq
 .text.HAL_RCC_GetPCLK2Freq
                0x0000000008001550       0x28 ./Drivers/STM32F1xx_HAL_Driver/Src/stm32f1xx_hal_rcc.o
                0x0000000008001550                HAL_RCC_GetPCLK2Freq
 .text.RCC_Delay
                0x0000000008001578       0x3c ./Drivers/STM32F1xx_HAL_Driver/Src/stm32f1xx_hal_rcc.o
 .text.HAL_TIM_Base_Init
                0x00000000080015b4       0x9e ./Drivers/STM32F1xx_HAL_Driver/Src/stm32f1xx_hal_tim.o
                0x00000000080015b4                HAL_TIM_Base_Init
 *fill*         0x0000000008001652        0x2 
 .text.HAL_TIM_Base_Start_IT
                0x0000000008001654       0xa4 ./Drivers/STM32F1xx_HAL_Driver/Src/stm32f1xx_hal_tim.o
                0x0000000008001654                HAL_TIM_Base_Start_IT
 .text.HAL_TIM_Base_Stop_IT
                0x00000000080016f8       0x5c ./Drivers/STM32F1xx_HAL_Driver/Src/stm32f1xx_hal_tim.o
                0x00000000080016f8                HAL_TIM_Base_Stop_IT
 .text.HAL_TIM_ConfigClockSource
                0x0000000008001754      0x188 ./Drivers/STM32F1xx_HAL_Driver/Src/stm32f1xx_hal_tim.o
                0x0000000008001754                HAL_TIM_ConfigClockSource
 .text.TIM_Base_SetConfig
                0x00000000080018dc       0xc4 ./Drivers/STM32F1xx_HAL_Driver/Src/stm32f1xx_hal_tim.o
                0x00000000080018dc                TIM_Base_SetConfig
 .text.TIM_TI1_ConfigInputStage
                0x00000000080019a0       0x5c ./Drivers/STM32F1xx_HAL_Driver/Src/stm32f1xx_hal_tim.o
 .text.TIM_TI2_ConfigInputStage
                0x00000000080019fc       0x5e ./Drivers/STM32F1xx_HAL_Driver/Src/stm32f1xx_hal_tim.o
 .text.TIM_ITRx_SetConfig
                0x0000000008001a5a       0x34 ./Drivers/STM32F1xx_HAL_Driver/Src/stm32f1xx_hal_tim.o
 .text.TIM_ETR_SetConfig
                0x0000000008001a8e       0x3e ./Drivers/STM32F1xx_HAL_Driver/Src/stm32f1xx_hal_tim.o
                0x0000000008001a8e                TIM_ETR_SetConfig
 .text.HAL_TIMEx_MasterConfigSynchronization
                0x0000000008001acc       0xbc ./Drivers/STM32F1xx_HAL_Driver/Src/stm32f1xx_hal_tim_ex.o
                0x0000000008001acc                HAL_TIMEx_MasterConfigSynchronization
 .text.HAL_UART_Init
                0x0000000008001b88       0x9a ./Drivers/STM32F1xx_HAL_Driver/Src/stm32f1xx_hal_uart.o
                0x0000000008001b88                HAL_UART_Init
 .text.HAL_UART_Transmit_IT
                0x0000000008001c22       0x88 ./Drivers/STM32F1xx_HAL_Driver/Src/stm32f1xx_hal_uart.o
                0x0000000008001c22                HAL_UART_Transmit_IT
 .text.HAL_UART_Receive_IT
                0x0000000008001caa       0x60 ./Drivers/STM32F1xx_HAL_Driver/Src/stm32f1xx_hal_uart.o
                0x0000000008001caa                HAL_UART_Receive_IT
 *fill*         0x0000000008001d0a        0x2 
 .text.HAL_UART_AbortTransmit_IT
                0x0000000008001d0c       0xa0 ./Drivers/STM32F1xx_HAL_Driver/Src/stm32f1xx_hal_uart.o
                0x0000000008001d0c                HAL_UART_AbortTransmit_IT
 .text.HAL_UART_AbortReceive_IT
                0x0000000008001dac       0xd4 ./Drivers/STM32F1xx_HAL_Driver/Src/stm32f1xx_hal_uart.o
                0x0000000008001dac                HAL_UART_AbortReceive_IT
 .text.HAL_UART_IRQHandler
                0x0000000008001e80      0x354 ./Drivers/STM32F1xx_HAL_Driver/Src/stm32f1xx_hal_uart.o
                0x0000000008001e80                HAL_UART_IRQHandler
 .text.HAL_UART_ErrorCallback
                0x00000000080021d4       0x12 ./Drivers/STM32F1xx_HAL_Driver/Src/stm32f1xx_hal_uart.o
                0x00000000080021d4                HAL_UART_ErrorCallback
 .text.HAL_UART_AbortTransmitCpltCallback
                0x00000000080021e6       0x12 ./Drivers/STM32F1xx_HAL_Driver/Src/stm32f1xx_hal_uart.o
                0x00000000080021e6                HAL_UART_AbortTransmitCpltCallback
 .text.HAL_UART_AbortReceiveCpltCallback
                0x00000000080021f8       0x12 ./Drivers/STM32F1xx_HAL_Driver/Src/stm32f1xx_hal_uart.o
                0x00000000080021f8                HAL_UART_AbortReceiveCpltCallback
 .text.HAL_UARTEx_RxEventCallback
                0x000000000800220a       0x16 ./Drivers/STM32F1xx_HAL_Driver/Src/stm32f1xx_hal_uart.o
                0x000000000800220a                HAL_UARTEx_RxEventCallback
 .text.UART_Start_Receive_IT
                0x0000000008002220       0x72 ./Drivers/STM32F1xx_HAL_Driver/Src/stm32f1xx_hal_uart.o
                0x0000000008002220                UART_Start_Receive_IT
 .text.UART_EndRxTransfer
                0x0000000008002292       0x58 ./Drivers/STM32F1xx_HAL_Driver/Src/stm32f1xx_hal_uart.o
 .text.UART_DMAAbortOnError
                0x00000000080022ea       0x28 ./Drivers/STM32F1xx_HAL_Driver/Src/stm32f1xx_hal_uart.o
 .text.UART_DMATxOnlyAbortCallback
                0x0000000008002312       0x2a ./Drivers/STM32F1xx_HAL_Driver/Src/stm32f1xx_hal_uart.o
 .text.UART_DMARxOnlyAbortCallback
                0x000000000800233c       0x30 ./Drivers/STM32F1xx_HAL_Driver/Src/stm32f1xx_hal_uart.o
 .text.UART_Transmit_IT
                0x000000000800236c       0x9e ./Drivers/STM32F1xx_HAL_Driver/Src/stm32f1xx_hal_uart.o
 .text.UART_EndTransmit_IT
                0x000000000800240a       0x30 ./Drivers/STM32F1xx_HAL_Driver/Src/stm32f1xx_hal_uart.o
 .text.UART_Receive_IT
                0x000000000800243a      0x152 ./Drivers/STM32F1xx_HAL_Driver/Src/stm32f1xx_hal_uart.o
 .text.UART_SetConfig
                0x000000000800258c      0x11c ./Drivers/STM32F1xx_HAL_Driver/Src/stm32f1xx_hal_uart.o
 .text.eMBRegInputCB
                0x00000000080026a8       0xa8 ./FreeModbus_SLAVE/app/user_mb_app.o
                0x00000000080026a8                eMBRegInputCB
 .text.eMBRegHoldingCB
                0x0000000008002750      0x10c ./FreeModbus_SLAVE/app/user_mb_app.o
                0x0000000008002750                eMBRegHoldingCB
 .text.eMBRegCoilsCB
                0x000000000800285c       0x26 ./FreeModbus_SLAVE/app/user_mb_app.o
                0x000000000800285c                eMBRegCoilsCB
 *fill*         0x0000000008002882        0x2 
 .text.eMBRegDiscreteCB
                0x0000000008002884       0xe8 ./FreeModbus_SLAVE/app/user_mb_app.o
                0x0000000008002884                eMBRegDiscreteCB
 .text.eMBFuncReadCoils
                0x000000000800296c       0xfe ./FreeModbus_SLAVE/functions/mbfunccoils.o
                0x000000000800296c                eMBFuncReadCoils
 .text.eMBFuncWriteCoil
                0x0000000008002a6a       0xa6 ./FreeModbus_SLAVE/functions/mbfunccoils.o
                0x0000000008002a6a                eMBFuncWriteCoil
 .text.eMBFuncWriteMultipleCoils
                0x0000000008002b10       0xce ./FreeModbus_SLAVE/functions/mbfunccoils.o
                0x0000000008002b10                eMBFuncWriteMultipleCoils
 .text.eMBFuncReadDiscreteInputs
                0x0000000008002bde       0xfe ./FreeModbus_SLAVE/functions/mbfuncdisc.o
                0x0000000008002bde                eMBFuncReadDiscreteInputs
 .text.eMBFuncWriteHoldingRegister
                0x0000000008002cdc       0x6a ./FreeModbus_SLAVE/functions/mbfuncholding.o
                0x0000000008002cdc                eMBFuncWriteHoldingRegister
 .text.eMBFuncWriteMultipleHoldingRegister
                0x0000000008002d46       0xb2 ./FreeModbus_SLAVE/functions/mbfuncholding.o
                0x0000000008002d46                eMBFuncWriteMultipleHoldingRegister
 .text.eMBFuncReadHoldingRegister
                0x0000000008002df8       0xe4 ./FreeModbus_SLAVE/functions/mbfuncholding.o
                0x0000000008002df8                eMBFuncReadHoldingRegister
 .text.eMBFuncReadWriteMultipleHoldingRegister
                0x0000000008002edc      0x154 ./FreeModbus_SLAVE/functions/mbfuncholding.o
                0x0000000008002edc                eMBFuncReadWriteMultipleHoldingRegister
 .text.eMBFuncReadInputRegister
                0x0000000008003030       0xe4 ./FreeModbus_SLAVE/functions/mbfuncinput.o
                0x0000000008003030                eMBFuncReadInputRegister
 .text.eMBFuncReportSlaveID
                0x0000000008003114       0x38 ./FreeModbus_SLAVE/functions/mbfuncother.o
                0x0000000008003114                eMBFuncReportSlaveID
 .text.xMBUtilGetBits
                0x000000000800314c       0x72 ./FreeModbus_SLAVE/functions/mbutils.o
                0x000000000800314c                xMBUtilGetBits
 .text.prveMBError2Exception
                0x00000000080031be       0x42 ./FreeModbus_SLAVE/functions/mbutils.o
                0x00000000080031be                prveMBError2Exception
 .text.eMBInit  0x0000000008003200       0xf8 ./FreeModbus_SLAVE/mb.o
                0x0000000008003200                eMBInit
 .text.eMBEnable
                0x00000000080032f8       0x38 ./FreeModbus_SLAVE/mb.o
                0x00000000080032f8                eMBEnable
 .text.eMBPoll  0x0000000008003330      0x18c ./FreeModbus_SLAVE/mb.o
                0x0000000008003330                eMBPoll
 .text.__critical_enter
                0x00000000080034bc       0x20 ./FreeModbus_SLAVE/port/portcritical.o
                0x00000000080034bc                __critical_enter
 .text.__critical_exit
                0x00000000080034dc       0x28 ./FreeModbus_SLAVE/port/portcritical.o
                0x00000000080034dc                __critical_exit
 .text.xMBPortEventInit
                0x0000000008003504       0x18 ./FreeModbus_SLAVE/port/portevent.o
                0x0000000008003504                xMBPortEventInit
 .text.xMBPortEventPost
                0x000000000800351c       0x2c ./FreeModbus_SLAVE/port/portevent.o
                0x000000000800351c                xMBPortEventPost
 .text.xMBPortEventGet
                0x0000000008003548       0x3c ./FreeModbus_SLAVE/port/portevent.o
                0x0000000008003548                xMBPortEventGet
 .text.xMBPortSerialInit
                0x0000000008003584       0x24 ./FreeModbus_SLAVE/port/portserial.o
                0x0000000008003584                xMBPortSerialInit
 .text.vMBPortSerialEnable
                0x00000000080035a8       0x78 ./FreeModbus_SLAVE/port/portserial.o
                0x00000000080035a8                vMBPortSerialEnable
 .text.xMBPortSerialPutBytes
                0x0000000008003620       0x28 ./FreeModbus_SLAVE/port/portserial.o
                0x0000000008003620                xMBPortSerialPutBytes
 .text.xMBPortSerialGetByte
                0x0000000008003648       0x20 ./FreeModbus_SLAVE/port/portserial.o
                0x0000000008003648                xMBPortSerialGetByte
 .text.HAL_UART_RxCpltCallback
                0x0000000008003668       0x40 ./FreeModbus_SLAVE/port/portserial.o
                0x0000000008003668                HAL_UART_RxCpltCallback
 .text.HAL_UART_TxCpltCallback
                0x00000000080036a8       0x2c ./FreeModbus_SLAVE/port/portserial.o
                0x00000000080036a8                HAL_UART_TxCpltCallback
 .text.xMBPortTimersInit
                0x00000000080036d4       0x2c ./FreeModbus_SLAVE/port/porttimer.o
                0x00000000080036d4                xMBPortTimersInit
 .text.vMBPortTimersEnable
                0x0000000008003700       0x20 ./FreeModbus_SLAVE/port/porttimer.o
                0x0000000008003700                vMBPortTimersEnable
 .text.vMBPortTimersDisable
                0x0000000008003720       0x18 ./FreeModbus_SLAVE/port/porttimer.o
                0x0000000008003720                vMBPortTimersDisable
 .text.usMBCRC16
                0x0000000008003738       0x6c ./FreeModbus_SLAVE/rtu/mbcrc.o
                0x0000000008003738                usMBCRC16
 .text.eMBRTUInit
                0x00000000080037a4       0x70 ./FreeModbus_SLAVE/rtu/mbrtu.o
                0x00000000080037a4                eMBRTUInit
 .text.eMBRTUStart
                0x0000000008003814       0x28 ./FreeModbus_SLAVE/rtu/mbrtu.o
                0x0000000008003814                eMBRTUStart
 .text.eMBRTUStop
                0x000000000800383c       0x1c ./FreeModbus_SLAVE/rtu/mbrtu.o
                0x000000000800383c                eMBRTUStop
 .text.eMBRTUReceive
                0x0000000008003858       0x70 ./FreeModbus_SLAVE/rtu/mbrtu.o
                0x0000000008003858                eMBRTUReceive
 .text.eMBRTUSend
                0x00000000080038c8       0xc8 ./FreeModbus_SLAVE/rtu/mbrtu.o
                0x00000000080038c8                eMBRTUSend
 .text.xMBRTUReceiveFSM
                0x0000000008003990       0xac ./FreeModbus_SLAVE/rtu/mbrtu.o
                0x0000000008003990                xMBRTUReceiveFSM
 .text.xMBRTUTransmitFSM
                0x0000000008003a3c       0x78 ./FreeModbus_SLAVE/rtu/mbrtu.o
                0x0000000008003a3c                xMBRTUTransmitFSM
 .text.xMBRTUTimerT35Expired
                0x0000000008003ab4       0x58 ./FreeModbus_SLAVE/rtu/mbrtu.o
                0x0000000008003ab4                xMBRTUTimerT35Expired
 .text.__libc_init_array
                0x0000000008003b0c       0x48 c:/st/stm32cubeide_1.7.0/stm32cubeide/plugins/com.st.stm32cube.ide.mcu.externaltools.gnu-tools-for-stm32.9-2020-q2-update.win32_2.0.0.202105311346/tools/bin/../lib/gcc/arm-none-eabi/9.3.1/../../../../arm-none-eabi/lib/thumb/v7-m/nofp\libc_nano.a(lib_a-init.o)
                0x0000000008003b0c                __libc_init_array
 .text.memcpy   0x0000000008003b54       0x1c c:/st/stm32cubeide_1.7.0/stm32cubeide/plugins/com.st.stm32cube.ide.mcu.externaltools.gnu-tools-for-stm32.9-2020-q2-update.win32_2.0.0.202105311346/tools/bin/../lib/gcc/arm-none-eabi/9.3.1/../../../../arm-none-eabi/lib/thumb/v7-m/nofp\libc_nano.a(lib_a-memcpy-stub.o)
                0x0000000008003b54                memcpy
 .text.memset   0x0000000008003b70       0x10 c:/st/stm32cubeide_1.7.0/stm32cubeide/plugins/com.st.stm32cube.ide.mcu.externaltools.gnu-tools-for-stm32.9-2020-q2-update.win32_2.0.0.202105311346/tools/bin/../lib/gcc/arm-none-eabi/9.3.1/../../../../arm-none-eabi/lib/thumb/v7-m/nofp\libc_nano.a(lib_a-memset.o)
                0x0000000008003b70                memset
 *(.glue_7)
 .glue_7        0x0000000008003b80        0x0 linker stubs
 *(.glue_7t)
 .glue_7t       0x0000000008003b80        0x0 linker stubs
 *(.eh_frame)
 .eh_frame      0x0000000008003b80        0x0 c:/st/stm32cubeide_1.7.0/stm32cubeide/plugins/com.st.stm32cube.ide.mcu.externaltools.gnu-tools-for-stm32.9-2020-q2-update.win32_2.0.0.202105311346/tools/bin/../lib/gcc/arm-none-eabi/9.3.1/thumb/v7-m/nofp/crtbegin.o
 *(.init)
 .init          0x0000000008003b80        0x4 c:/st/stm32cubeide_1.7.0/stm32cubeide/plugins/com.st.stm32cube.ide.mcu.externaltools.gnu-tools-for-stm32.9-2020-q2-update.win32_2.0.0.202105311346/tools/bin/../lib/gcc/arm-none-eabi/9.3.1/thumb/v7-m/nofp/crti.o
                0x0000000008003b80                _init
 .init          0x0000000008003b84        0x8 c:/st/stm32cubeide_1.7.0/stm32cubeide/plugins/com.st.stm32cube.ide.mcu.externaltools.gnu-tools-for-stm32.9-2020-q2-update.win32_2.0.0.202105311346/tools/bin/../lib/gcc/arm-none-eabi/9.3.1/thumb/v7-m/nofp/crtn.o
 *(.fini)
 .fini          0x0000000008003b8c        0x4 c:/st/stm32cubeide_1.7.0/stm32cubeide/plugins/com.st.stm32cube.ide.mcu.externaltools.gnu-tools-for-stm32.9-2020-q2-update.win32_2.0.0.202105311346/tools/bin/../lib/gcc/arm-none-eabi/9.3.1/thumb/v7-m/nofp/crti.o
                0x0000000008003b8c                _fini
 .fini          0x0000000008003b90        0x8 c:/st/stm32cubeide_1.7.0/stm32cubeide/plugins/com.st.stm32cube.ide.mcu.externaltools.gnu-tools-for-stm32.9-2020-q2-update.win32_2.0.0.202105311346/tools/bin/../lib/gcc/arm-none-eabi/9.3.1/thumb/v7-m/nofp/crtn.o
                0x0000000008003b98                . = ALIGN (0x4)
                0x0000000008003b98                _etext = .

.vfp11_veneer   0x0000000008003b98        0x0
 .vfp11_veneer  0x0000000008003b98        0x0 linker stubs

.v4_bx          0x0000000008003b98        0x0
 .v4_bx         0x0000000008003b98        0x0 linker stubs

.iplt           0x0000000008003b98        0x0
 .iplt          0x0000000008003b98        0x0 c:/st/stm32cubeide_1.7.0/stm32cubeide/plugins/com.st.stm32cube.ide.mcu.externaltools.gnu-tools-for-stm32.9-2020-q2-update.win32_2.0.0.202105311346/tools/bin/../lib/gcc/arm-none-eabi/9.3.1/thumb/v7-m/nofp/crtbegin.o

.rodata         0x0000000008003b98      0x228
                0x0000000008003b98                . = ALIGN (0x4)
 *(.rodata)
 .rodata        0x0000000008003b98       0x10 ./Drivers/STM32F1xx_HAL_Driver/Src/stm32f1xx_hal_rcc.o
 *(.rodata*)
 .rodata.AHBPrescTable
                0x0000000008003ba8       0x10 ./Core/Src/system_stm32f1xx.o
                0x0000000008003ba8                AHBPrescTable
 .rodata.APBPrescTable
                0x0000000008003bb8        0x8 ./Core/Src/system_stm32f1xx.o
                0x0000000008003bb8                APBPrescTable
 .rodata.aucCRCHi
                0x0000000008003bc0      0x100 ./FreeModbus_SLAVE/rtu/mbcrc.o
 .rodata.aucCRCLo
                0x0000000008003cc0      0x100 ./FreeModbus_SLAVE/rtu/mbcrc.o
                0x0000000008003dc0                . = ALIGN (0x4)

.rel.dyn        0x0000000008003dc0        0x0
 .rel.iplt      0x0000000008003dc0        0x0 c:/st/stm32cubeide_1.7.0/stm32cubeide/plugins/com.st.stm32cube.ide.mcu.externaltools.gnu-tools-for-stm32.9-2020-q2-update.win32_2.0.0.202105311346/tools/bin/../lib/gcc/arm-none-eabi/9.3.1/thumb/v7-m/nofp/crtbegin.o

.ARM.extab      0x0000000008003dc0        0x0
                0x0000000008003dc0                . = ALIGN (0x4)
 *(.ARM.extab* .gnu.linkonce.armextab.*)
                0x0000000008003dc0                . = ALIGN (0x4)

.ARM            0x0000000008003dc0        0x0
                0x0000000008003dc0                . = ALIGN (0x4)
                0x0000000008003dc0                __exidx_start = .
 *(.ARM.exidx*)
                0x0000000008003dc0                __exidx_end = .
                0x0000000008003dc0                . = ALIGN (0x4)

.preinit_array  0x0000000008003dc0        0x0
                0x0000000008003dc0                . = ALIGN (0x4)
                0x0000000008003dc0                PROVIDE (__preinit_array_start = .)
 *(.preinit_array*)
                0x0000000008003dc0                PROVIDE (__preinit_array_end = .)
                0x0000000008003dc0                . = ALIGN (0x4)

.init_array     0x0000000008003dc0        0x4
                0x0000000008003dc0                . = ALIGN (0x4)
                0x0000000008003dc0                PROVIDE (__init_array_start = .)
 *(SORT_BY_NAME(.init_array.*))
 *(.init_array*)
 .init_array    0x0000000008003dc0        0x4 c:/st/stm32cubeide_1.7.0/stm32cubeide/plugins/com.st.stm32cube.ide.mcu.externaltools.gnu-tools-for-stm32.9-2020-q2-update.win32_2.0.0.202105311346/tools/bin/../lib/gcc/arm-none-eabi/9.3.1/thumb/v7-m/nofp/crtbegin.o
                0x0000000008003dc4                PROVIDE (__init_array_end = .)
                0x0000000008003dc4                . = ALIGN (0x4)

.fini_array     0x0000000008003dc4        0x4
                0x0000000008003dc4                . = ALIGN (0x4)
                [!provide]                        PROVIDE (__fini_array_start = .)
 *(SORT_BY_NAME(.fini_array.*))
 *(.fini_array*)
 .fini_array    0x0000000008003dc4        0x4 c:/st/stm32cubeide_1.7.0/stm32cubeide/plugins/com.st.stm32cube.ide.mcu.externaltools.gnu-tools-for-stm32.9-2020-q2-update.win32_2.0.0.202105311346/tools/bin/../lib/gcc/arm-none-eabi/9.3.1/thumb/v7-m/nofp/crtbegin.o
                [!provide]                        PROVIDE (__fini_array_end = .)
                0x0000000008003dc8                . = ALIGN (0x4)
                0x0000000008003dc8                _sidata = LOADADDR (.data)

.data           0x0000000020000000       0x8c load address 0x0000000008003dc8
                0x0000000020000000                . = ALIGN (0x4)
                0x0000000020000000                _sdata = .
 *(.data)
 *(.data*)
 .data.SystemCoreClock
                0x0000000020000000        0x4 ./Core/Src/system_stm32f1xx.o
                0x0000000020000000                SystemCoreClock
 .data.uwTickPrio
                0x0000000020000004        0x4 ./Drivers/STM32F1xx_HAL_Driver/Src/stm32f1xx_hal.o
                0x0000000020000004                uwTickPrio
 .data.uwTickFreq
                0x0000000020000008        0x1 ./Drivers/STM32F1xx_HAL_Driver/Src/stm32f1xx_hal.o
                0x0000000020000008                uwTickFreq
 .data.eMBState
                0x0000000020000009        0x1 ./FreeModbus_SLAVE/mb.o
 *fill*         0x000000002000000a        0x2 
 .data.xFuncHandlers
                0x000000002000000c       0x80 ./FreeModbus_SLAVE/mb.o
 *(.RamFunc)
 *(.RamFunc*)
                0x000000002000008c                . = ALIGN (0x4)
                0x000000002000008c                _edata = .

.igot.plt       0x000000002000008c        0x0 load address 0x0000000008003e54
 .igot.plt      0x000000002000008c        0x0 c:/st/stm32cubeide_1.7.0/stm32cubeide/plugins/com.st.stm32cube.ide.mcu.externaltools.gnu-tools-for-stm32.9-2020-q2-update.win32_2.0.0.202105311346/tools/bin/../lib/gcc/arm-none-eabi/9.3.1/thumb/v7-m/nofp/crtbegin.o
                0x000000002000008c                . = ALIGN (0x4)

.bss            0x000000002000008c      0x248 load address 0x0000000008003e54
                0x000000002000008c                _sbss = .
                0x000000002000008c                __bss_start__ = _sbss
 *(.bss)
 .bss           0x000000002000008c       0x1c c:/st/stm32cubeide_1.7.0/stm32cubeide/plugins/com.st.stm32cube.ide.mcu.externaltools.gnu-tools-for-stm32.9-2020-q2-update.win32_2.0.0.202105311346/tools/bin/../lib/gcc/arm-none-eabi/9.3.1/thumb/v7-m/nofp/crtbegin.o
 *(.bss*)
 .bss.usSDiscInStart
                0x00000000200000a8        0x2 ./FreeModbus_SLAVE/app/user_mb_app.o
                0x00000000200000a8                usSDiscInStart
 .bss.usSRegInStart
                0x00000000200000aa        0x2 ./FreeModbus_SLAVE/app/user_mb_app.o
                0x00000000200000aa                usSRegInStart
 .bss.usSRegHoldStart
                0x00000000200000ac        0x2 ./FreeModbus_SLAVE/app/user_mb_app.o
                0x00000000200000ac                usSRegHoldStart
 *fill*         0x00000000200000ae        0x2 
 .bss.ucMBSlaveID
                0x00000000200000b0       0x20 ./FreeModbus_SLAVE/functions/mbfuncother.o
 .bss.usMBSlaveIDLen
                0x00000000200000d0        0x2 ./FreeModbus_SLAVE/functions/mbfuncother.o
 .bss.ucMBAddress
                0x00000000200000d2        0x1 ./FreeModbus_SLAVE/mb.o
 .bss.eMBCurrentMode
                0x00000000200000d3        0x1 ./FreeModbus_SLAVE/mb.o
 .bss.peMBFrameSendCur
                0x00000000200000d4        0x4 ./FreeModbus_SLAVE/mb.o
 .bss.pvMBFrameStartCur
                0x00000000200000d8        0x4 ./FreeModbus_SLAVE/mb.o
 .bss.pvMBFrameStopCur
                0x00000000200000dc        0x4 ./FreeModbus_SLAVE/mb.o
 .bss.peMBFrameReceiveCur
                0x00000000200000e0        0x4 ./FreeModbus_SLAVE/mb.o
 .bss.pvMBFrameCloseCur
                0x00000000200000e4        0x4 ./FreeModbus_SLAVE/mb.o
 .bss.ucRcvAddress.7385
                0x00000000200000e8        0x1 ./FreeModbus_SLAVE/mb.o
 *fill*         0x00000000200000e9        0x3 
 .bss.ucMBFrame.7384
                0x00000000200000ec        0x4 ./FreeModbus_SLAVE/mb.o
 .bss.usLength.7387
                0x00000000200000f0        0x2 ./FreeModbus_SLAVE/mb.o
 .bss.ucFunctionCode.7386
                0x00000000200000f2        0x1 ./FreeModbus_SLAVE/mb.o
 .bss.eException.7388
                0x00000000200000f3        0x1 ./FreeModbus_SLAVE/mb.o
 .bss.lock_count
                0x00000000200000f4        0x4 ./FreeModbus_SLAVE/port/portcritical.o
 .bss.eQueuedEvent
                0x00000000200000f8        0x1 ./FreeModbus_SLAVE/port/portevent.o
 .bss.xEventInQueue
                0x00000000200000f9        0x1 ./FreeModbus_SLAVE/port/portevent.o
 .bss.singlechar
                0x00000000200000fa        0x1 ./FreeModbus_SLAVE/port/portserial.o
 *fill*         0x00000000200000fb        0x1 
 .bss.timeout   0x00000000200000fc        0x2 ./FreeModbus_SLAVE/port/porttimer.o
 .bss.counter   0x00000000200000fe        0x2 ./FreeModbus_SLAVE/port/porttimer.o
                0x00000000200000fe                counter
 .bss.eSndState
                0x0000000020000100        0x1 ./FreeModbus_SLAVE/rtu/mbrtu.o
 .bss.eRcvState
                0x0000000020000101        0x1 ./FreeModbus_SLAVE/rtu/mbrtu.o
 *fill*         0x0000000020000102        0x2 
 .bss.pucSndBufferCur
                0x0000000020000104        0x4 ./FreeModbus_SLAVE/rtu/mbrtu.o
 .bss.usSndBufferCount
                0x0000000020000108        0x2 ./FreeModbus_SLAVE/rtu/mbrtu.o
 .bss.usRcvBufferPos
                0x000000002000010a        0x2 ./FreeModbus_SLAVE/rtu/mbrtu.o
 *(COMMON)
 COMMON         0x000000002000010c       0x8c ./Core/Src/main.o
                0x000000002000010c                htim4
                0x0000000020000154                huart1
 COMMON         0x0000000020000198        0x4 ./Drivers/STM32F1xx_HAL_Driver/Src/stm32f1xx_hal.o
                0x0000000020000198                uwTick
 COMMON         0x000000002000019c       0x1c ./FreeModbus_SLAVE/app/user_mb_app.o
                0x000000002000019c                ucSDiscInBuf
                0x00000000200001a0                usSRegHoldBuf
                0x00000000200001b4                usSRegInBuf
 COMMON         0x00000000200001b8       0x14 ./FreeModbus_SLAVE/mb.o
                0x00000000200001b8                pxMBFrameCBTransmitterEmpty
                0x00000000200001bc                pxMBPortCBTimerExpired
                0x00000000200001c0                pxMBFrameCBByteReceived
                0x00000000200001c4                pxMBFrameCBTransmitFSMCur
                0x00000000200001c8                pxMBFrameCBReceiveFSMCur
 COMMON         0x00000000200001cc        0x4 ./FreeModbus_SLAVE/port/portserial.o
                0x00000000200001cc                uart
 COMMON         0x00000000200001d0        0x4 ./FreeModbus_SLAVE/port/porttimer.o
                0x00000000200001d0                tim
 COMMON         0x00000000200001d4      0x100 ./FreeModbus_SLAVE/rtu/mbrtu.o
                0x00000000200001d4                ucRTUBuf
                0x00000000200002d4                . = ALIGN (0x4)
                0x00000000200002d4                _ebss = .
                0x00000000200002d4                __bss_end__ = _ebss

._user_heap_stack
                0x00000000200002d4      0x604 load address 0x0000000008003e54
                0x00000000200002d8                . = ALIGN (0x8)
 *fill*         0x00000000200002d4        0x4 
                [!provide]                        PROVIDE (end = .)
                0x00000000200002d8                PROVIDE (_end = .)
                0x00000000200004d8                . = (. + _Min_Heap_Size)
 *fill*         0x00000000200002d8      0x200 
                0x00000000200008d8                . = (. + _Min_Stack_Size)
 *fill*         0x00000000200004d8      0x400 
                0x00000000200008d8                . = ALIGN (0x8)

/DISCARD/
 libc.a(*)
 libm.a(*)
 libgcc.a(*)

.ARM.attributes
                0x0000000000000000       0x29
 *(.ARM.attributes)
 .ARM.attributes
                0x0000000000000000       0x1d c:/st/stm32cubeide_1.7.0/stm32cubeide/plugins/com.st.stm32cube.ide.mcu.externaltools.gnu-tools-for-stm32.9-2020-q2-update.win32_2.0.0.202105311346/tools/bin/../lib/gcc/arm-none-eabi/9.3.1/thumb/v7-m/nofp/crti.o
 .ARM.attributes
                0x000000000000001d       0x2d c:/st/stm32cubeide_1.7.0/stm32cubeide/plugins/com.st.stm32cube.ide.mcu.externaltools.gnu-tools-for-stm32.9-2020-q2-update.win32_2.0.0.202105311346/tools/bin/../lib/gcc/arm-none-eabi/9.3.1/thumb/v7-m/nofp/crtbegin.o
 .ARM.attributes
                0x000000000000004a       0x2d ./Core/Src/main.o
 .ARM.attributes
                0x0000000000000077       0x2d ./Core/Src/stm32f1xx_hal_msp.o
 .ARM.attributes
                0x00000000000000a4       0x2d ./Core/Src/stm32f1xx_it.o
 .ARM.attributes
                0x00000000000000d1       0x2d ./Core/Src/system_stm32f1xx.o
 .ARM.attributes
                0x00000000000000fe       0x21 ./Core/Startup/startup_stm32f103rbtx.o
 .ARM.attributes
                0x000000000000011f       0x2d ./Drivers/STM32F1xx_HAL_Driver/Src/stm32f1xx_hal.o
 .ARM.attributes
                0x000000000000014c       0x2d ./Drivers/STM32F1xx_HAL_Driver/Src/stm32f1xx_hal_cortex.o
 .ARM.attributes
                0x0000000000000179       0x2d ./Drivers/STM32F1xx_HAL_Driver/Src/stm32f1xx_hal_dma.o
 .ARM.attributes
                0x00000000000001a6       0x2d ./Drivers/STM32F1xx_HAL_Driver/Src/stm32f1xx_hal_gpio.o
 .ARM.attributes
                0x00000000000001d3       0x2d ./Drivers/STM32F1xx_HAL_Driver/Src/stm32f1xx_hal_rcc.o
 .ARM.attributes
                0x0000000000000200       0x2d ./Drivers/STM32F1xx_HAL_Driver/Src/stm32f1xx_hal_tim.o
 .ARM.attributes
                0x000000000000022d       0x2d ./Drivers/STM32F1xx_HAL_Driver/Src/stm32f1xx_hal_tim_ex.o
 .ARM.attributes
                0x000000000000025a       0x2d ./Drivers/STM32F1xx_HAL_Driver/Src/stm32f1xx_hal_uart.o
 .ARM.attributes
                0x0000000000000287       0x2d ./FreeModbus_SLAVE/app/user_mb_app.o
 .ARM.attributes
                0x00000000000002b4       0x2d ./FreeModbus_SLAVE/functions/mbfunccoils.o
 .ARM.attributes
                0x00000000000002e1       0x2d ./FreeModbus_SLAVE/functions/mbfuncdisc.o
 .ARM.attributes
                0x000000000000030e       0x2d ./FreeModbus_SLAVE/functions/mbfuncholding.o
 .ARM.attributes
                0x000000000000033b       0x2d ./FreeModbus_SLAVE/functions/mbfuncinput.o
 .ARM.attributes
                0x0000000000000368       0x2d ./FreeModbus_SLAVE/functions/mbfuncother.o
 .ARM.attributes
                0x0000000000000395       0x2d ./FreeModbus_SLAVE/functions/mbutils.o
 .ARM.attributes
                0x00000000000003c2       0x2d ./FreeModbus_SLAVE/mb.o
 .ARM.attributes
                0x00000000000003ef       0x2d ./FreeModbus_SLAVE/port/portcritical.o
 .ARM.attributes
                0x000000000000041c       0x2d ./FreeModbus_SLAVE/port/portevent.o
 .ARM.attributes
                0x0000000000000449       0x2d ./FreeModbus_SLAVE/port/portserial.o
 .ARM.attributes
                0x0000000000000476       0x2d ./FreeModbus_SLAVE/port/porttimer.o
 .ARM.attributes
                0x00000000000004a3       0x2d ./FreeModbus_SLAVE/rtu/mbcrc.o
 .ARM.attributes
                0x00000000000004d0       0x2d ./FreeModbus_SLAVE/rtu/mbrtu.o
 .ARM.attributes
                0x00000000000004fd       0x2d c:/st/stm32cubeide_1.7.0/stm32cubeide/plugins/com.st.stm32cube.ide.mcu.externaltools.gnu-tools-for-stm32.9-2020-q2-update.win32_2.0.0.202105311346/tools/bin/../lib/gcc/arm-none-eabi/9.3.1/../../../../arm-none-eabi/lib/thumb/v7-m/nofp\libc_nano.a(lib_a-init.o)
 .ARM.attributes
                0x000000000000052a       0x2d c:/st/stm32cubeide_1.7.0/stm32cubeide/plugins/com.st.stm32cube.ide.mcu.externaltools.gnu-tools-for-stm32.9-2020-q2-update.win32_2.0.0.202105311346/tools/bin/../lib/gcc/arm-none-eabi/9.3.1/../../../../arm-none-eabi/lib/thumb/v7-m/nofp\libc_nano.a(lib_a-memcpy-stub.o)
 .ARM.attributes
                0x0000000000000557       0x2d c:/st/stm32cubeide_1.7.0/stm32cubeide/plugins/com.st.stm32cube.ide.mcu.externaltools.gnu-tools-for-stm32.9-2020-q2-update.win32_2.0.0.202105311346/tools/bin/../lib/gcc/arm-none-eabi/9.3.1/../../../../arm-none-eabi/lib/thumb/v7-m/nofp\libc_nano.a(lib_a-memset.o)
 .ARM.attributes
                0x0000000000000584       0x1d c:/st/stm32cubeide_1.7.0/stm32cubeide/plugins/com.st.stm32cube.ide.mcu.externaltools.gnu-tools-for-stm32.9-2020-q2-update.win32_2.0.0.202105311346/tools/bin/../lib/gcc/arm-none-eabi/9.3.1/thumb/v7-m/nofp/crtn.o
OUTPUT(slave.elf elf32-littlearm)
LOAD linker stubs
LOAD c:/st/stm32cubeide_1.7.0/stm32cubeide/plugins/com.st.stm32cube.ide.mcu.externaltools.gnu-tools-for-stm32.9-2020-q2-update.win32_2.0.0.202105311346/tools/bin/../lib/gcc/arm-none-eabi/9.3.1/../../../../arm-none-eabi/lib/thumb/v7-m/nofp\libc.a
LOAD c:/st/stm32cubeide_1.7.0/stm32cubeide/plugins/com.st.stm32cube.ide.mcu.externaltools.gnu-tools-for-stm32.9-2020-q2-update.win32_2.0.0.202105311346/tools/bin/../lib/gcc/arm-none-eabi/9.3.1/../../../../arm-none-eabi/lib/thumb/v7-m/nofp\libm.a
LOAD c:/st/stm32cubeide_1.7.0/stm32cubeide/plugins/com.st.stm32cube.ide.mcu.externaltools.gnu-tools-for-stm32.9-2020-q2-update.win32_2.0.0.202105311346/tools/bin/../lib/gcc/arm-none-eabi/9.3.1/thumb/v7-m/nofp\libgcc.a

.debug_info     0x0000000000000000    0x12d83
 .debug_info    0x0000000000000000      0xe5e ./Core/Src/main.o
 .debug_info    0x0000000000000e5e      0xdcd ./Core/Src/stm32f1xx_hal_msp.o
 .debug_info    0x0000000000001c2b      0x6c0 ./Core/Src/stm32f1xx_it.o
 .debug_info    0x00000000000022eb      0x2be ./Core/Src/system_stm32f1xx.o
 .debug_info    0x00000000000025a9       0x22 ./Core/Startup/startup_stm32f103rbtx.o
 .debug_info    0x00000000000025cb      0x76a ./Drivers/STM32F1xx_HAL_Driver/Src/stm32f1xx_hal.o
 .debug_info    0x0000000000002d35      0xbdc ./Drivers/STM32F1xx_HAL_Driver/Src/stm32f1xx_hal_cortex.o
 .debug_info    0x0000000000003911      0x81e ./Drivers/STM32F1xx_HAL_Driver/Src/stm32f1xx_hal_dma.o
 .debug_info    0x000000000000412f      0x701 ./Drivers/STM32F1xx_HAL_Driver/Src/stm32f1xx_hal_gpio.o
 .debug_info    0x0000000000004830      0x88e ./Drivers/STM32F1xx_HAL_Driver/Src/stm32f1xx_hal_rcc.o
 .debug_info    0x00000000000050be     0x2a45 ./Drivers/STM32F1xx_HAL_Driver/Src/stm32f1xx_hal_tim.o
 .debug_info    0x0000000000007b03     0x14d5 ./Drivers/STM32F1xx_HAL_Driver/Src/stm32f1xx_hal_tim_ex.o
 .debug_info    0x0000000000008fd8     0x161a ./Drivers/STM32F1xx_HAL_Driver/Src/stm32f1xx_hal_uart.o
 .debug_info    0x000000000000a5f2      0x5b2 ./FreeModbus_SLAVE/app/user_mb_app.o
 .debug_info    0x000000000000aba4      0xd2d ./FreeModbus_SLAVE/functions/mbfunccoils.o
 .debug_info    0x000000000000b8d1      0xbfa ./FreeModbus_SLAVE/functions/mbfuncdisc.o
 .debug_info    0x000000000000c4cb      0xda1 ./FreeModbus_SLAVE/functions/mbfuncholding.o
 .debug_info    0x000000000000d26c      0xbeb ./FreeModbus_SLAVE/functions/mbfuncinput.o
 .debug_info    0x000000000000de57      0xc51 ./FreeModbus_SLAVE/functions/mbfuncother.o
 .debug_info    0x000000000000eaa8      0xcbc ./FreeModbus_SLAVE/functions/mbutils.o
 .debug_info    0x000000000000f764      0xfcc ./FreeModbus_SLAVE/mb.o
 .debug_info    0x0000000000010730      0x1f2 ./FreeModbus_SLAVE/port/portcritical.o
 .debug_info    0x0000000000010922      0x2bc ./FreeModbus_SLAVE/port/portevent.o
 .debug_info    0x0000000000010bde      0x8ca ./FreeModbus_SLAVE/port/portserial.o
 .debug_info    0x00000000000114a8      0x83e ./FreeModbus_SLAVE/port/porttimer.o
 .debug_info    0x0000000000011ce6      0x261 ./FreeModbus_SLAVE/rtu/mbcrc.o
 .debug_info    0x0000000000011f47      0xe3c ./FreeModbus_SLAVE/rtu/mbrtu.o

.debug_abbrev   0x0000000000000000     0x3258
 .debug_abbrev  0x0000000000000000      0x241 ./Core/Src/main.o
 .debug_abbrev  0x0000000000000241      0x1e4 ./Core/Src/stm32f1xx_hal_msp.o
 .debug_abbrev  0x0000000000000425      0x163 ./Core/Src/stm32f1xx_it.o
 .debug_abbrev  0x0000000000000588      0x14e ./Core/Src/system_stm32f1xx.o
 .debug_abbrev  0x00000000000006d6       0x12 ./Core/Startup/startup_stm32f103rbtx.o
 .debug_abbrev  0x00000000000006e8      0x1ed ./Drivers/STM32F1xx_HAL_Driver/Src/stm32f1xx_hal.o
 .debug_abbrev  0x00000000000008d5      0x313 ./Drivers/STM32F1xx_HAL_Driver/Src/stm32f1xx_hal_cortex.o
 .debug_abbrev  0x0000000000000be8      0x228 ./Drivers/STM32F1xx_HAL_Driver/Src/stm32f1xx_hal_dma.o
 .debug_abbrev  0x0000000000000e10      0x1e8 ./Drivers/STM32F1xx_HAL_Driver/Src/stm32f1xx_hal_gpio.o
 .debug_abbrev  0x0000000000000ff8      0x273 ./Drivers/STM32F1xx_HAL_Driver/Src/stm32f1xx_hal_rcc.o
 .debug_abbrev  0x000000000000126b      0x25e ./Drivers/STM32F1xx_HAL_Driver/Src/stm32f1xx_hal_tim.o
 .debug_abbrev  0x00000000000014c9      0x266 ./Drivers/STM32F1xx_HAL_Driver/Src/stm32f1xx_hal_tim_ex.o
 .debug_abbrev  0x000000000000172f      0x28b ./Drivers/STM32F1xx_HAL_Driver/Src/stm32f1xx_hal_uart.o
 .debug_abbrev  0x00000000000019ba      0x13d ./FreeModbus_SLAVE/app/user_mb_app.o
 .debug_abbrev  0x0000000000001af7      0x202 ./FreeModbus_SLAVE/functions/mbfunccoils.o
 .debug_abbrev  0x0000000000001cf9      0x1e4 ./FreeModbus_SLAVE/functions/mbfuncdisc.o
 .debug_abbrev  0x0000000000001edd      0x202 ./FreeModbus_SLAVE/functions/mbfuncholding.o
 .debug_abbrev  0x00000000000020df      0x1e4 ./FreeModbus_SLAVE/functions/mbfuncinput.o
 .debug_abbrev  0x00000000000022c3      0x202 ./FreeModbus_SLAVE/functions/mbfuncother.o
 .debug_abbrev  0x00000000000024c5      0x200 ./FreeModbus_SLAVE/functions/mbutils.o
 .debug_abbrev  0x00000000000026c5      0x275 ./FreeModbus_SLAVE/mb.o
 .debug_abbrev  0x000000000000293a       0xed ./FreeModbus_SLAVE/port/portcritical.o
 .debug_abbrev  0x0000000000002a27      0x10c ./FreeModbus_SLAVE/port/portevent.o
 .debug_abbrev  0x0000000000002b33      0x1fb ./FreeModbus_SLAVE/port/portserial.o
 .debug_abbrev  0x0000000000002d2e      0x1e5 ./FreeModbus_SLAVE/port/porttimer.o
 .debug_abbrev  0x0000000000002f13       0xe7 ./FreeModbus_SLAVE/rtu/mbcrc.o
 .debug_abbrev  0x0000000000002ffa      0x25e ./FreeModbus_SLAVE/rtu/mbrtu.o

.debug_aranges  0x0000000000000000      0xea0
 .debug_aranges
                0x0000000000000000       0x48 ./Core/Src/main.o
 .debug_aranges
                0x0000000000000048       0x40 ./Core/Src/stm32f1xx_hal_msp.o
 .debug_aranges
                0x0000000000000088       0x68 ./Core/Src/stm32f1xx_it.o
 .debug_aranges
                0x00000000000000f0       0x28 ./Core/Src/system_stm32f1xx.o
 .debug_aranges
                0x0000000000000118       0x28 ./Core/Startup/startup_stm32f103rbtx.o
 .debug_aranges
                0x0000000000000140       0xe0 ./Drivers/STM32F1xx_HAL_Driver/Src/stm32f1xx_hal.o
 .debug_aranges
                0x0000000000000220      0x100 ./Drivers/STM32F1xx_HAL_Driver/Src/stm32f1xx_hal_cortex.o
 .debug_aranges
                0x0000000000000320       0x80 ./Drivers/STM32F1xx_HAL_Driver/Src/stm32f1xx_hal_dma.o
 .debug_aranges
                0x00000000000003a0       0x58 ./Drivers/STM32F1xx_HAL_Driver/Src/stm32f1xx_hal_gpio.o
 .debug_aranges
                0x00000000000003f8       0x90 ./Drivers/STM32F1xx_HAL_Driver/Src/stm32f1xx_hal_rcc.o
 .debug_aranges
                0x0000000000000488      0x3d0 ./Drivers/STM32F1xx_HAL_Driver/Src/stm32f1xx_hal_tim.o
 .debug_aranges
                0x0000000000000858      0x168 ./Drivers/STM32F1xx_HAL_Driver/Src/stm32f1xx_hal_tim_ex.o
 .debug_aranges
                0x00000000000009c0      0x200 ./Drivers/STM32F1xx_HAL_Driver/Src/stm32f1xx_hal_uart.o
 .debug_aranges
                0x0000000000000bc0       0x38 ./FreeModbus_SLAVE/app/user_mb_app.o
 .debug_aranges
                0x0000000000000bf8       0x30 ./FreeModbus_SLAVE/functions/mbfunccoils.o
 .debug_aranges
                0x0000000000000c28       0x20 ./FreeModbus_SLAVE/functions/mbfuncdisc.o
 .debug_aranges
                0x0000000000000c48       0x38 ./FreeModbus_SLAVE/functions/mbfuncholding.o
 .debug_aranges
                0x0000000000000c80       0x20 ./FreeModbus_SLAVE/functions/mbfuncinput.o
 .debug_aranges
                0x0000000000000ca0       0x28 ./FreeModbus_SLAVE/functions/mbfuncother.o
 .debug_aranges
                0x0000000000000cc8       0x30 ./FreeModbus_SLAVE/functions/mbutils.o
 .debug_aranges
                0x0000000000000cf8       0x48 ./FreeModbus_SLAVE/mb.o
 .debug_aranges
                0x0000000000000d40       0x28 ./FreeModbus_SLAVE/port/portcritical.o
 .debug_aranges
                0x0000000000000d68       0x30 ./FreeModbus_SLAVE/port/portevent.o
 .debug_aranges
                0x0000000000000d98       0x58 ./FreeModbus_SLAVE/port/portserial.o
 .debug_aranges
                0x0000000000000df0       0x38 ./FreeModbus_SLAVE/port/porttimer.o
 .debug_aranges
                0x0000000000000e28       0x20 ./FreeModbus_SLAVE/rtu/mbcrc.o
 .debug_aranges
                0x0000000000000e48       0x58 ./FreeModbus_SLAVE/rtu/mbrtu.o

.debug_ranges   0x0000000000000000      0xd28
 .debug_ranges  0x0000000000000000       0x38 ./Core/Src/main.o
 .debug_ranges  0x0000000000000038       0x30 ./Core/Src/stm32f1xx_hal_msp.o
 .debug_ranges  0x0000000000000068       0x58 ./Core/Src/stm32f1xx_it.o
 .debug_ranges  0x00000000000000c0       0x18 ./Core/Src/system_stm32f1xx.o
 .debug_ranges  0x00000000000000d8       0x20 ./Core/Startup/startup_stm32f103rbtx.o
 .debug_ranges  0x00000000000000f8       0xd0 ./Drivers/STM32F1xx_HAL_Driver/Src/stm32f1xx_hal.o
 .debug_ranges  0x00000000000001c8       0xf0 ./Drivers/STM32F1xx_HAL_Driver/Src/stm32f1xx_hal_cortex.o
 .debug_ranges  0x00000000000002b8       0x70 ./Drivers/STM32F1xx_HAL_Driver/Src/stm32f1xx_hal_dma.o
 .debug_ranges  0x0000000000000328       0x48 ./Drivers/STM32F1xx_HAL_Driver/Src/stm32f1xx_hal_gpio.o
 .debug_ranges  0x0000000000000370       0x80 ./Drivers/STM32F1xx_HAL_Driver/Src/stm32f1xx_hal_rcc.o
 .debug_ranges  0x00000000000003f0      0x3c0 ./Drivers/STM32F1xx_HAL_Driver/Src/stm32f1xx_hal_tim.o
 .debug_ranges  0x00000000000007b0      0x158 ./Drivers/STM32F1xx_HAL_Driver/Src/stm32f1xx_hal_tim_ex.o
 .debug_ranges  0x0000000000000908      0x220 ./Drivers/STM32F1xx_HAL_Driver/Src/stm32f1xx_hal_uart.o
 .debug_ranges  0x0000000000000b28       0x28 ./FreeModbus_SLAVE/app/user_mb_app.o
 .debug_ranges  0x0000000000000b50       0x20 ./FreeModbus_SLAVE/functions/mbfunccoils.o
 .debug_ranges  0x0000000000000b70       0x10 ./FreeModbus_SLAVE/functions/mbfuncdisc.o
 .debug_ranges  0x0000000000000b80       0x28 ./FreeModbus_SLAVE/functions/mbfuncholding.o
 .debug_ranges  0x0000000000000ba8       0x10 ./FreeModbus_SLAVE/functions/mbfuncinput.o
 .debug_ranges  0x0000000000000bb8       0x18 ./FreeModbus_SLAVE/functions/mbfuncother.o
 .debug_ranges  0x0000000000000bd0       0x20 ./FreeModbus_SLAVE/functions/mbutils.o
 .debug_ranges  0x0000000000000bf0       0x38 ./FreeModbus_SLAVE/mb.o
 .debug_ranges  0x0000000000000c28       0x18 ./FreeModbus_SLAVE/port/portcritical.o
 .debug_ranges  0x0000000000000c40       0x20 ./FreeModbus_SLAVE/port/portevent.o
 .debug_ranges  0x0000000000000c60       0x48 ./FreeModbus_SLAVE/port/portserial.o
 .debug_ranges  0x0000000000000ca8       0x28 ./FreeModbus_SLAVE/port/porttimer.o
 .debug_ranges  0x0000000000000cd0       0x10 ./FreeModbus_SLAVE/rtu/mbcrc.o
 .debug_ranges  0x0000000000000ce0       0x48 ./FreeModbus_SLAVE/rtu/mbrtu.o

.debug_macro    0x0000000000000000    0x19dad
 .debug_macro   0x0000000000000000      0x287 ./Core/Src/main.o
 .debug_macro   0x0000000000000287      0xa9c ./Core/Src/main.o
 .debug_macro   0x0000000000000d23      0x21b ./Core/Src/main.o
 .debug_macro   0x0000000000000f3e       0x2e ./Core/Src/main.o
 .debug_macro   0x0000000000000f6c       0x22 ./Core/Src/main.o
 .debug_macro   0x0000000000000f8e       0x22 ./Core/Src/main.o
 .debug_macro   0x0000000000000fb0       0x8e ./Core/Src/main.o
 .debug_macro   0x000000000000103e       0x51 ./Core/Src/main.o
 .debug_macro   0x000000000000108f      0x103 ./Core/Src/main.o
 .debug_macro   0x0000000000001192       0x6a ./Core/Src/main.o
 .debug_macro   0x00000000000011fc      0x1df ./Core/Src/main.o
 .debug_macro   0x00000000000013db       0x1c ./Core/Src/main.o
 .debug_macro   0x00000000000013f7       0x22 ./Core/Src/main.o
 .debug_macro   0x0000000000001419       0xc3 ./Core/Src/main.o
 .debug_macro   0x00000000000014dc      0xd23 ./Core/Src/main.o
 .debug_macro   0x00000000000021ff     0xe09e ./Core/Src/main.o
 .debug_macro   0x000000000001029d       0x6d ./Core/Src/main.o
 .debug_macro   0x000000000001030a     0x3468 ./Core/Src/main.o
 .debug_macro   0x0000000000013772      0x174 ./Core/Src/main.o
 .debug_macro   0x00000000000138e6       0x5c ./Core/Src/main.o
 .debug_macro   0x0000000000013942      0x5be ./Core/Src/main.o
 .debug_macro   0x0000000000013f00      0x289 ./Core/Src/main.o
 .debug_macro   0x0000000000014189      0x1cb ./Core/Src/main.o
 .debug_macro   0x0000000000014354      0x114 ./Core/Src/main.o
 .debug_macro   0x0000000000014468      0x1b2 ./Core/Src/main.o
 .debug_macro   0x000000000001461a       0x27 ./Core/Src/main.o
 .debug_macro   0x0000000000014641      0x136 ./Core/Src/main.o
 .debug_macro   0x0000000000014777      0x1bc ./Core/Src/main.o
 .debug_macro   0x0000000000014933       0x34 ./Core/Src/main.o
 .debug_macro   0x0000000000014967       0x3c ./Core/Src/main.o
 .debug_macro   0x00000000000149a3       0x57 ./Core/Src/main.o
 .debug_macro   0x00000000000149fa       0x88 ./Core/Src/main.o
 .debug_macro   0x0000000000014a82      0x241 ./Core/Src/main.o
 .debug_macro   0x0000000000014cc3      0x141 ./Core/Src/main.o
 .debug_macro   0x0000000000014e04      0x8d1 ./Core/Src/main.o
 .debug_macro   0x00000000000156d5      0x279 ./Core/Src/main.o
 .debug_macro   0x000000000001594e       0x83 ./Core/Src/main.o
 .debug_macro   0x00000000000159d1       0x28 ./Core/Src/main.o
 .debug_macro   0x00000000000159f9       0x52 ./Core/Src/main.o
 .debug_macro   0x0000000000015a4b       0x18 ./Core/Src/main.o
 .debug_macro   0x0000000000015a63       0x3c ./Core/Src/main.o
 .debug_macro   0x0000000000015a9f       0x34 ./Core/Src/main.o
 .debug_macro   0x0000000000015ad3       0x1c ./Core/Src/main.o
 .debug_macro   0x0000000000015aef       0x10 ./Core/Src/main.o
 .debug_macro   0x0000000000015aff       0x35 ./Core/Src/main.o
 .debug_macro   0x0000000000015b34      0x460 ./Core/Src/main.o
 .debug_macro   0x0000000000015f94       0x7c ./Core/Src/main.o
 .debug_macro   0x0000000000016010       0x2e ./Core/Src/main.o
 .debug_macro   0x000000000001603e       0x10 ./Core/Src/main.o
 .debug_macro   0x000000000001604e       0x7c ./Core/Src/main.o
 .debug_macro   0x00000000000160ca       0x10 ./Core/Src/main.o
 .debug_macro   0x00000000000160da       0x22 ./Core/Src/main.o
 .debug_macro   0x00000000000160fc       0x58 ./Core/Src/main.o
 .debug_macro   0x0000000000016154      0x1b2 ./Core/Src/stm32f1xx_hal_msp.o
 .debug_macro   0x0000000000016306      0x1bc ./Core/Src/stm32f1xx_it.o
 .debug_macro   0x00000000000164c2      0x1a3 ./Core/Src/system_stm32f1xx.o
 .debug_macro   0x0000000000016665      0x1c7 ./Drivers/STM32F1xx_HAL_Driver/Src/stm32f1xx_hal.o
 .debug_macro   0x000000000001682c      0x1a3 ./Drivers/STM32F1xx_HAL_Driver/Src/stm32f1xx_hal_cortex.o
 .debug_macro   0x00000000000169cf      0x1a3 ./Drivers/STM32F1xx_HAL_Driver/Src/stm32f1xx_hal_dma.o
 .debug_macro   0x0000000000016b72      0x20e ./Drivers/STM32F1xx_HAL_Driver/Src/stm32f1xx_hal_gpio.o
 .debug_macro   0x0000000000016d80      0x1b5 ./Drivers/STM32F1xx_HAL_Driver/Src/stm32f1xx_hal_rcc.o
 .debug_macro   0x0000000000016f35      0x1a4 ./Drivers/STM32F1xx_HAL_Driver/Src/stm32f1xx_hal_tim.o
 .debug_macro   0x00000000000170d9      0x1a3 ./Drivers/STM32F1xx_HAL_Driver/Src/stm32f1xx_hal_tim_ex.o
 .debug_macro   0x000000000001727c      0x1a4 ./Drivers/STM32F1xx_HAL_Driver/Src/stm32f1xx_hal_uart.o
 .debug_macro   0x0000000000017420      0x280 ./FreeModbus_SLAVE/app/user_mb_app.o
 .debug_macro   0x00000000000176a0       0x82 ./FreeModbus_SLAVE/app/user_mb_app.o
 .debug_macro   0x0000000000017722      0x104 ./FreeModbus_SLAVE/app/user_mb_app.o
 .debug_macro   0x0000000000017826      0x376 ./FreeModbus_SLAVE/functions/mbfunccoils.o
 .debug_macro   0x0000000000017b9c      0x340 ./FreeModbus_SLAVE/functions/mbfuncdisc.o
 .debug_macro   0x0000000000017edc      0x3a0 ./FreeModbus_SLAVE/functions/mbfuncholding.o
 .debug_macro   0x000000000001827c      0x346 ./FreeModbus_SLAVE/functions/mbfuncinput.o
 .debug_macro   0x00000000000185c2      0x328 ./FreeModbus_SLAVE/functions/mbfuncother.o
 .debug_macro   0x00000000000188ea      0x321 ./FreeModbus_SLAVE/functions/mbutils.o
 .debug_macro   0x0000000000018c0b      0x34a ./FreeModbus_SLAVE/mb.o
 .debug_macro   0x0000000000018f55      0x1bc ./FreeModbus_SLAVE/port/portcritical.o
 .debug_macro   0x0000000000019111      0x255 ./FreeModbus_SLAVE/port/portevent.o
 .debug_macro   0x0000000000019366      0x265 ./FreeModbus_SLAVE/port/portserial.o
 .debug_macro   0x00000000000195cb      0x259 ./FreeModbus_SLAVE/port/porttimer.o
 .debug_macro   0x0000000000019824      0x22f ./FreeModbus_SLAVE/rtu/mbcrc.o
 .debug_macro   0x0000000000019a53      0x35a ./FreeModbus_SLAVE/rtu/mbrtu.o

.debug_line     0x0000000000000000    0x14ad8
 .debug_line    0x0000000000000000      0xa38 ./Core/Src/main.o
 .debug_line    0x0000000000000a38      0x70c ./Core/Src/stm32f1xx_hal_msp.o
 .debug_line    0x0000000000001144      0x757 ./Core/Src/stm32f1xx_it.o
 .debug_line    0x000000000000189b      0x6fb ./Core/Src/system_stm32f1xx.o
 .debug_line    0x0000000000001f96       0x87 ./Core/Startup/startup_stm32f103rbtx.o
 .debug_line    0x000000000000201d      0x928 ./Drivers/STM32F1xx_HAL_Driver/Src/stm32f1xx_hal.o
 .debug_line    0x0000000000002945      0xb10 ./Drivers/STM32F1xx_HAL_Driver/Src/stm32f1xx_hal_cortex.o
 .debug_line    0x0000000000003455      0xd80 ./Drivers/STM32F1xx_HAL_Driver/Src/stm32f1xx_hal_dma.o
 .debug_line    0x00000000000041d5      0x9bf ./Drivers/STM32F1xx_HAL_Driver/Src/stm32f1xx_hal_gpio.o
 .debug_line    0x0000000000004b94      0xd36 ./Drivers/STM32F1xx_HAL_Driver/Src/stm32f1xx_hal_rcc.o
 .debug_line    0x00000000000058ca     0x32d1 ./Drivers/STM32F1xx_HAL_Driver/Src/stm32f1xx_hal_tim.o
 .debug_line    0x0000000000008b9b     0x1850 ./Drivers/STM32F1xx_HAL_Driver/Src/stm32f1xx_hal_tim_ex.o
 .debug_line    0x000000000000a3eb     0x1a03 ./Drivers/STM32F1xx_HAL_Driver/Src/stm32f1xx_hal_uart.o
 .debug_line    0x000000000000bdee      0xae8 ./FreeModbus_SLAVE/app/user_mb_app.o
 .debug_line    0x000000000000c8d6      0xb05 ./FreeModbus_SLAVE/functions/mbfunccoils.o
 .debug_line    0x000000000000d3db      0xa1e ./FreeModbus_SLAVE/functions/mbfuncdisc.o
 .debug_line    0x000000000000ddf9      0xb77 ./FreeModbus_SLAVE/functions/mbfuncholding.o
 .debug_line    0x000000000000e970      0xa0d ./FreeModbus_SLAVE/functions/mbfuncinput.o
 .debug_line    0x000000000000f37d      0xa0d ./FreeModbus_SLAVE/functions/mbfuncother.o
 .debug_line    0x000000000000fd8a      0xa4d ./FreeModbus_SLAVE/functions/mbutils.o
 .debug_line    0x00000000000107d7      0xc05 ./FreeModbus_SLAVE/mb.o
 .debug_line    0x00000000000113dc      0x6ef ./FreeModbus_SLAVE/port/portcritical.o
 .debug_line    0x0000000000011acb      0x91b ./FreeModbus_SLAVE/port/portevent.o
 .debug_line    0x00000000000123e6      0x9be ./FreeModbus_SLAVE/port/portserial.o
 .debug_line    0x0000000000012da4      0x94a ./FreeModbus_SLAVE/port/porttimer.o
 .debug_line    0x00000000000136ee      0x84e ./FreeModbus_SLAVE/rtu/mbcrc.o
 .debug_line    0x0000000000013f3c      0xb9c ./FreeModbus_SLAVE/rtu/mbrtu.o

.debug_str      0x0000000000000000    0x8c4a7
 .debug_str     0x0000000000000000    0x855f7 ./Core/Src/main.o
                                      0x85a30 (size before relaxing)
 .debug_str     0x00000000000855f7      0x31e ./Core/Src/stm32f1xx_hal_msp.o
                                      0x83ef4 (size before relaxing)
 .debug_str     0x0000000000085915       0xcf ./Core/Src/stm32f1xx_it.o
                                      0x838d5 (size before relaxing)
 .debug_str     0x00000000000859e4       0x52 ./Core/Src/system_stm32f1xx.o
                                      0x8344a (size before relaxing)
 .debug_str     0x0000000000085a36       0x36 ./Core/Startup/startup_stm32f103rbtx.o
                                         0x66 (size before relaxing)
 .debug_str     0x0000000000085a6c      0x304 ./Drivers/STM32F1xx_HAL_Driver/Src/stm32f1xx_hal.o
                                      0x83adb (size before relaxing)
 .debug_str     0x0000000000085d70      0x300 ./Drivers/STM32F1xx_HAL_Driver/Src/stm32f1xx_hal_cortex.o
                                      0x83ae3 (size before relaxing)
 .debug_str     0x0000000000086070      0x235 ./Drivers/STM32F1xx_HAL_Driver/Src/stm32f1xx_hal_dma.o
                                      0x83825 (size before relaxing)
 .debug_str     0x00000000000862a5      0x31f ./Drivers/STM32F1xx_HAL_Driver/Src/stm32f1xx_hal_gpio.o
                                      0x8380e (size before relaxing)
 .debug_str     0x00000000000865c4      0x24f ./Drivers/STM32F1xx_HAL_Driver/Src/stm32f1xx_hal_rcc.o
                                      0x83847 (size before relaxing)
 .debug_str     0x0000000000086813      0xde6 ./Drivers/STM32F1xx_HAL_Driver/Src/stm32f1xx_hal_tim.o
                                      0x84819 (size before relaxing)
 .debug_str     0x00000000000875f9      0x4ee ./Drivers/STM32F1xx_HAL_Driver/Src/stm32f1xx_hal_tim_ex.o
                                      0x83fca (size before relaxing)
 .debug_str     0x0000000000087ae7      0x5ed ./Drivers/STM32F1xx_HAL_Driver/Src/stm32f1xx_hal_uart.o
                                      0x83e39 (size before relaxing)
 .debug_str     0x00000000000880d4      0x27b ./FreeModbus_SLAVE/app/user_mb_app.o
                                      0x8530b (size before relaxing)
 .debug_str     0x000000000008834f     0x331a ./FreeModbus_SLAVE/functions/mbfunccoils.o
                                      0x88331 (size before relaxing)
 .debug_str     0x000000000008b669       0xb0 ./FreeModbus_SLAVE/functions/mbfuncdisc.o
                                      0x88117 (size before relaxing)
 .debug_str     0x000000000008b719      0x40f ./FreeModbus_SLAVE/functions/mbfuncholding.o
                                      0x88541 (size before relaxing)
 .debug_str     0x000000000008bb28       0x7a ./FreeModbus_SLAVE/functions/mbfuncinput.o
                                      0x8813e (size before relaxing)
 .debug_str     0x000000000008bba2       0x9d ./FreeModbus_SLAVE/functions/mbfuncother.o
                                      0x88094 (size before relaxing)
 .debug_str     0x000000000008bc3f       0xcc ./FreeModbus_SLAVE/functions/mbutils.o
                                      0x88056 (size before relaxing)
 .debug_str     0x000000000008bd0b      0x275 ./FreeModbus_SLAVE/mb.o
                                      0x882a3 (size before relaxing)
 .debug_str     0x000000000008bf80       0x61 ./FreeModbus_SLAVE/port/portcritical.o
                                      0x834c0 (size before relaxing)
 .debug_str     0x000000000008bfe1       0x81 ./FreeModbus_SLAVE/port/portevent.o
                                      0x84f7f (size before relaxing)
 .debug_str     0x000000000008c062      0x16e ./FreeModbus_SLAVE/port/portserial.o
                                      0x85489 (size before relaxing)
 .debug_str     0x000000000008c1d0       0x83 ./FreeModbus_SLAVE/port/porttimer.o
                                      0x85431 (size before relaxing)
 .debug_str     0x000000000008c253       0x43 ./FreeModbus_SLAVE/rtu/mbcrc.o
                                      0x84bdc (size before relaxing)
 .debug_str     0x000000000008c296      0x211 ./FreeModbus_SLAVE/rtu/mbrtu.o
                                      0x8818e (size before relaxing)

.comment        0x0000000000000000       0x53
 .comment       0x0000000000000000       0x53 ./Core/Src/main.o
                                         0x54 (size before relaxing)
 .comment       0x0000000000000053       0x54 ./Core/Src/stm32f1xx_hal_msp.o
 .comment       0x0000000000000053       0x54 ./Core/Src/stm32f1xx_it.o
 .comment       0x0000000000000053       0x54 ./Core/Src/system_stm32f1xx.o
 .comment       0x0000000000000053       0x54 ./Drivers/STM32F1xx_HAL_Driver/Src/stm32f1xx_hal.o
 .comment       0x0000000000000053       0x54 ./Drivers/STM32F1xx_HAL_Driver/Src/stm32f1xx_hal_cortex.o
 .comment       0x0000000000000053       0x54 ./Drivers/STM32F1xx_HAL_Driver/Src/stm32f1xx_hal_dma.o
 .comment       0x0000000000000053       0x54 ./Drivers/STM32F1xx_HAL_Driver/Src/stm32f1xx_hal_gpio.o
 .comment       0x0000000000000053       0x54 ./Drivers/STM32F1xx_HAL_Driver/Src/stm32f1xx_hal_rcc.o
 .comment       0x0000000000000053       0x54 ./Drivers/STM32F1xx_HAL_Driver/Src/stm32f1xx_hal_tim.o
 .comment       0x0000000000000053       0x54 ./Drivers/STM32F1xx_HAL_Driver/Src/stm32f1xx_hal_tim_ex.o
 .comment       0x0000000000000053       0x54 ./Drivers/STM32F1xx_HAL_Driver/Src/stm32f1xx_hal_uart.o
 .comment       0x0000000000000053       0x54 ./FreeModbus_SLAVE/app/user_mb_app.o
 .comment       0x0000000000000053       0x54 ./FreeModbus_SLAVE/functions/mbfunccoils.o
 .comment       0x0000000000000053       0x54 ./FreeModbus_SLAVE/functions/mbfuncdisc.o
 .comment       0x0000000000000053       0x54 ./FreeModbus_SLAVE/functions/mbfuncholding.o
 .comment       0x0000000000000053       0x54 ./FreeModbus_SLAVE/functions/mbfuncinput.o
 .comment       0x0000000000000053       0x54 ./FreeModbus_SLAVE/functions/mbfuncother.o
 .comment       0x0000000000000053       0x54 ./FreeModbus_SLAVE/functions/mbutils.o
 .comment       0x0000000000000053       0x54 ./FreeModbus_SLAVE/mb.o
 .comment       0x0000000000000053       0x54 ./FreeModbus_SLAVE/port/portcritical.o
 .comment       0x0000000000000053       0x54 ./FreeModbus_SLAVE/port/portevent.o
 .comment       0x0000000000000053       0x54 ./FreeModbus_SLAVE/port/portserial.o
 .comment       0x0000000000000053       0x54 ./FreeModbus_SLAVE/port/porttimer.o
 .comment       0x0000000000000053       0x54 ./FreeModbus_SLAVE/rtu/mbcrc.o
 .comment       0x0000000000000053       0x54 ./FreeModbus_SLAVE/rtu/mbrtu.o

.debug_frame    0x0000000000000000     0x3948
 .debug_frame   0x0000000000000000       0xd0 ./Core/Src/main.o
 .debug_frame   0x00000000000000d0       0xd0 ./Core/Src/stm32f1xx_hal_msp.o
 .debug_frame   0x00000000000001a0      0x120 ./Core/Src/stm32f1xx_it.o
 .debug_frame   0x00000000000002c0       0x58 ./Core/Src/system_stm32f1xx.o
 .debug_frame   0x0000000000000318      0x334 ./Drivers/STM32F1xx_HAL_Driver/Src/stm32f1xx_hal.o
 .debug_frame   0x000000000000064c      0x428 ./Drivers/STM32F1xx_HAL_Driver/Src/stm32f1xx_hal_cortex.o
 .debug_frame   0x0000000000000a74      0x208 ./Drivers/STM32F1xx_HAL_Driver/Src/stm32f1xx_hal_dma.o
 .debug_frame   0x0000000000000c7c      0x14c ./Drivers/STM32F1xx_HAL_Driver/Src/stm32f1xx_hal_gpio.o
 .debug_frame   0x0000000000000dc8      0x21c ./Drivers/STM32F1xx_HAL_Driver/Src/stm32f1xx_hal_rcc.o
 .debug_frame   0x0000000000000fe4     0x11b8 ./Drivers/STM32F1xx_HAL_Driver/Src/stm32f1xx_hal_tim.o
 .debug_frame   0x000000000000219c      0x638 ./Drivers/STM32F1xx_HAL_Driver/Src/stm32f1xx_hal_tim_ex.o
 .debug_frame   0x00000000000027d4      0x914 ./Drivers/STM32F1xx_HAL_Driver/Src/stm32f1xx_hal_uart.o
 .debug_frame   0x00000000000030e8       0xb0 ./FreeModbus_SLAVE/app/user_mb_app.o
 .debug_frame   0x0000000000003198       0x7c ./FreeModbus_SLAVE/functions/mbfunccoils.o
 .debug_frame   0x0000000000003214       0x34 ./FreeModbus_SLAVE/functions/mbfuncdisc.o
 .debug_frame   0x0000000000003248       0xa0 ./FreeModbus_SLAVE/functions/mbfuncholding.o
 .debug_frame   0x00000000000032e8       0x34 ./FreeModbus_SLAVE/functions/mbfuncinput.o
 .debug_frame   0x000000000000331c       0x58 ./FreeModbus_SLAVE/functions/mbfuncother.o
 .debug_frame   0x0000000000003374       0x88 ./FreeModbus_SLAVE/functions/mbutils.o
 .debug_frame   0x00000000000033fc       0xec ./FreeModbus_SLAVE/mb.o
 .debug_frame   0x00000000000034e8       0x50 ./FreeModbus_SLAVE/port/portcritical.o
 .debug_frame   0x0000000000003538       0x80 ./FreeModbus_SLAVE/port/portevent.o
 .debug_frame   0x00000000000035b8      0x130 ./FreeModbus_SLAVE/port/portserial.o
 .debug_frame   0x00000000000036e8       0x94 ./FreeModbus_SLAVE/port/porttimer.o
 .debug_frame   0x000000000000377c       0x38 ./FreeModbus_SLAVE/rtu/mbcrc.o
 .debug_frame   0x00000000000037b4      0x120 ./FreeModbus_SLAVE/rtu/mbrtu.o
 .debug_frame   0x00000000000038d4       0x2c c:/st/stm32cubeide_1.7.0/stm32cubeide/plugins/com.st.stm32cube.ide.mcu.externaltools.gnu-tools-for-stm32.9-2020-q2-update.win32_2.0.0.202105311346/tools/bin/../lib/gcc/arm-none-eabi/9.3.1/../../../../arm-none-eabi/lib/thumb/v7-m/nofp\libc_nano.a(lib_a-init.o)
 .debug_frame   0x0000000000003900       0x28 c:/st/stm32cubeide_1.7.0/stm32cubeide/plugins/com.st.stm32cube.ide.mcu.externaltools.gnu-tools-for-stm32.9-2020-q2-update.win32_2.0.0.202105311346/tools/bin/../lib/gcc/arm-none-eabi/9.3.1/../../../../arm-none-eabi/lib/thumb/v7-m/nofp\libc_nano.a(lib_a-memcpy-stub.o)
 .debug_frame   0x0000000000003928       0x20 c:/st/stm32cubeide_1.7.0/stm32cubeide/plugins/com.st.stm32cube.ide.mcu.externaltools.gnu-tools-for-stm32.9-2020-q2-update.win32_2.0.0.202105311346/tools/bin/../lib/gcc/arm-none-eabi/9.3.1/../../../../arm-none-eabi/lib/thumb/v7-m/nofp\libc_nano.a(lib_a-memset.o)
