Archive member included to satisfy reference by file (symbol)

c:/st/stm32cubeide_1.7.0/stm32cubeide/plugins/com.st.stm32cube.ide.mcu.externaltools.gnu-tools-for-stm32.9-2020-q2-update.win32_2.0.0.202105311346/tools/bin/../lib/gcc/arm-none-eabi/9.3.1/../../../../arm-none-eabi/lib/thumb/v7-m/nofp\libc_nano.a(lib_a-errno.o)
                              ./Core/Src/syscalls.o (__errno)
c:/st/stm32cubeide_1.7.0/stm32cubeide/plugins/com.st.stm32cube.ide.mcu.externaltools.gnu-tools-for-stm32.9-2020-q2-update.win32_2.0.0.202105311346/tools/bin/../lib/gcc/arm-none-eabi/9.3.1/../../../../arm-none-eabi/lib/thumb/v7-m/nofp\libc_nano.a(lib_a-exit.o)
                              c:/st/stm32cubeide_1.7.0/stm32cubeide/plugins/com.st.stm32cube.ide.mcu.externaltools.gnu-tools-for-stm32.9-2020-q2-update.win32_2.0.0.202105311346/tools/bin/../lib/gcc/arm-none-eabi/9.3.1/../../../../arm-none-eabi/lib/thumb/v7-m/nofp/crt0.o (exit)
c:/st/stm32cubeide_1.7.0/stm32cubeide/plugins/com.st.stm32cube.ide.mcu.externaltools.gnu-tools-for-stm32.9-2020-q2-update.win32_2.0.0.202105311346/tools/bin/../lib/gcc/arm-none-eabi/9.3.1/../../../../arm-none-eabi/lib/thumb/v7-m/nofp\libc_nano.a(lib_a-impure.o)
                              c:/st/stm32cubeide_1.7.0/stm32cubeide/plugins/com.st.stm32cube.ide.mcu.externaltools.gnu-tools-for-stm32.9-2020-q2-update.win32_2.0.0.202105311346/tools/bin/../lib/gcc/arm-none-eabi/9.3.1/../../../../arm-none-eabi/lib/thumb/v7-m/nofp\libc_nano.a(lib_a-exit.o) (_global_impure_ptr)
c:/st/stm32cubeide_1.7.0/stm32cubeide/plugins/com.st.stm32cube.ide.mcu.externaltools.gnu-tools-for-stm32.9-2020-q2-update.win32_2.0.0.202105311346/tools/bin/../lib/gcc/arm-none-eabi/9.3.1/../../../../arm-none-eabi/lib/thumb/v7-m/nofp\libc_nano.a(lib_a-init.o)
                              c:/st/stm32cubeide_1.7.0/stm32cubeide/plugins/com.st.stm32cube.ide.mcu.externaltools.gnu-tools-for-stm32.9-2020-q2-update.win32_2.0.0.202105311346/tools/bin/../lib/gcc/arm-none-eabi/9.3.1/../../../../arm-none-eabi/lib/thumb/v7-m/nofp/crt0.o (__libc_init_array)
c:/st/stm32cubeide_1.7.0/stm32cubeide/plugins/com.st.stm32cube.ide.mcu.externaltools.gnu-tools-for-stm32.9-2020-q2-update.win32_2.0.0.202105311346/tools/bin/../lib/gcc/arm-none-eabi/9.3.1/../../../../arm-none-eabi/lib/thumb/v7-m/nofp\libc_nano.a(lib_a-memcpy-stub.o)
                              ./FreeModbus_MASTER/functions/mbfuncother.o (memcpy)
c:/st/stm32cubeide_1.7.0/stm32cubeide/plugins/com.st.stm32cube.ide.mcu.externaltools.gnu-tools-for-stm32.9-2020-q2-update.win32_2.0.0.202105311346/tools/bin/../lib/gcc/arm-none-eabi/9.3.1/../../../../arm-none-eabi/lib/thumb/v7-m/nofp\libc_nano.a(lib_a-memset.o)
                              c:/st/stm32cubeide_1.7.0/stm32cubeide/plugins/com.st.stm32cube.ide.mcu.externaltools.gnu-tools-for-stm32.9-2020-q2-update.win32_2.0.0.202105311346/tools/bin/../lib/gcc/arm-none-eabi/9.3.1/../../../../arm-none-eabi/lib/thumb/v7-m/nofp/crt0.o (memset)

Allocating common symbols
Common symbol       size              file

ucMDiscInBuf        0x10              ./FreeModbus_MASTER/app/user_mb_app_m.o
pxMBFrameCBTransmitterEmpty
                    0x4               ./FreeModbus_MASTER/mb.o
tim                 0x4               ./FreeModbus_MASTER/port/porttimer_m.o
pxMBPortCBTimerExpired
                    0x4               ./FreeModbus_MASTER/mb.o
xNeedPoll           0x1               ./FreeModbus_MASTER/port/portevent_m.o
uwTick              0x4               ./Drivers/STM32F1xx_HAL_Driver/Src/stm32f1xx_hal.o
pFlash              0x20              ./Drivers/STM32F1xx_HAL_Driver/Src/stm32f1xx_hal_flash.o
ucRTUBuf            0x100             ./FreeModbus_MASTER/rtu/mbrtu.o
pxMBMasterFrameCBReceiveFSMCur
                    0x4               ./FreeModbus_MASTER/mb_m.o
ucMCoilBuf          0x20              ./FreeModbus_MASTER/app/user_mb_app_m.o
pxMBMasterFrameCBTransmitFSMCur
                    0x4               ./FreeModbus_MASTER/mb_m.o
usMRegHoldBuf       0x140             ./FreeModbus_MASTER/app/user_mb_app_m.o
pxMBFrameCBByteReceived
                    0x4               ./FreeModbus_MASTER/mb.o
huart1              0x44              ./Core/Src/main.o
pxMBFrameCBTransmitFSMCur
                    0x4               ./FreeModbus_MASTER/mb.o
pxMBFrameCBReceiveFSMCur
                    0x4               ./FreeModbus_MASTER/mb.o
pxMBMasterFrameCBTransmitterEmpty
                    0x4               ./FreeModbus_MASTER/mb_m.o
htim2               0x48              ./Core/Src/main.o
pxMBMasterFrameCBByteReceived
                    0x4               ./FreeModbus_MASTER/mb_m.o
uart                0x4               ./FreeModbus_MASTER/port/portserial_m.o
usMRegInBuf         0x40              ./FreeModbus_MASTER/app/user_mb_app_m.o
pxMBMasterPortCBTimerExpired
                    0x4               ./FreeModbus_MASTER/mb_m.o

Discarded input sections

[...]
Memory Configuration

Name             Origin             Length             Attributes
RAM              0x0000000020000000 0x0000000000010000 xrw
FLASH            0x0000000008000000 0x0000000000080000 xr
*default*        0x0000000000000000 0xffffffffffffffff

Linker script and memory map

LOAD c:/st/stm32cubeide_1.7.0/stm32cubeide/plugins/com.st.stm32cube.ide.mcu.externaltools.gnu-tools-for-stm32.9-2020-q2-update.win32_2.0.0.202105311346/tools/bin/../lib/gcc/arm-none-eabi/9.3.1/thumb/v7-m/nofp/crti.o
LOAD c:/st/stm32cubeide_1.7.0/stm32cubeide/plugins/com.st.stm32cube.ide.mcu.externaltools.gnu-tools-for-stm32.9-2020-q2-update.win32_2.0.0.202105311346/tools/bin/../lib/gcc/arm-none-eabi/9.3.1/thumb/v7-m/nofp/crtbegin.o
LOAD c:/st/stm32cubeide_1.7.0/stm32cubeide/plugins/com.st.stm32cube.ide.mcu.externaltools.gnu-tools-for-stm32.9-2020-q2-update.win32_2.0.0.202105311346/tools/bin/../lib/gcc/arm-none-eabi/9.3.1/../../../../arm-none-eabi/lib/thumb/v7-m/nofp/crt0.o
LOAD ./Core/Src/main.o
LOAD ./Core/Src/stm32f1xx_hal_msp.o
LOAD ./Core/Src/stm32f1xx_it.o
LOAD ./Core/Src/syscalls.o
LOAD ./Core/Src/sysmem.o
LOAD ./Core/Src/system_stm32f1xx.o
LOAD ./Core/Startup/startup_stm32f103vetx.o
LOAD ./Drivers/STM32F1xx_HAL_Driver/Src/stm32f1xx_hal.o
LOAD ./Drivers/STM32F1xx_HAL_Driver/Src/stm32f1xx_hal_cortex.o
LOAD ./Drivers/STM32F1xx_HAL_Driver/Src/stm32f1xx_hal_dma.o
LOAD ./Drivers/STM32F1xx_HAL_Driver/Src/stm32f1xx_hal_exti.o
LOAD ./Drivers/STM32F1xx_HAL_Driver/Src/stm32f1xx_hal_flash.o
LOAD ./Drivers/STM32F1xx_HAL_Driver/Src/stm32f1xx_hal_flash_ex.o
LOAD ./Drivers/STM32F1xx_HAL_Driver/Src/stm32f1xx_hal_gpio.o
LOAD ./Drivers/STM32F1xx_HAL_Driver/Src/stm32f1xx_hal_gpio_ex.o
LOAD ./Drivers/STM32F1xx_HAL_Driver/Src/stm32f1xx_hal_pwr.o
LOAD ./Drivers/STM32F1xx_HAL_Driver/Src/stm32f1xx_hal_rcc.o
LOAD ./Drivers/STM32F1xx_HAL_Driver/Src/stm32f1xx_hal_rcc_ex.o
LOAD ./Drivers/STM32F1xx_HAL_Driver/Src/stm32f1xx_hal_tim.o
LOAD ./Drivers/STM32F1xx_HAL_Driver/Src/stm32f1xx_hal_tim_ex.o
LOAD ./Drivers/STM32F1xx_HAL_Driver/Src/stm32f1xx_hal_uart.o
LOAD ./FreeModbus_MASTER/app/user_mb_app.o
LOAD ./FreeModbus_MASTER/app/user_mb_app_m.o
LOAD ./FreeModbus_MASTER/ascii/mbascii.o
LOAD ./FreeModbus_MASTER/functions/mbfunccoils.o
LOAD ./FreeModbus_MASTER/functions/mbfunccoils_m.o
LOAD ./FreeModbus_MASTER/functions/mbfuncdiag.o
LOAD ./FreeModbus_MASTER/functions/mbfuncdisc.o
LOAD ./FreeModbus_MASTER/functions/mbfuncdisc_m.o
LOAD ./FreeModbus_MASTER/functions/mbfuncholding.o
LOAD ./FreeModbus_MASTER/functions/mbfuncholding_m.o
LOAD ./FreeModbus_MASTER/functions/mbfuncinput.o
LOAD ./FreeModbus_MASTER/functions/mbfuncinput_m.o
LOAD ./FreeModbus_MASTER/functions/mbfuncother.o
LOAD ./FreeModbus_MASTER/functions/mbutils.o
LOAD ./FreeModbus_MASTER/mb.o
LOAD ./FreeModbus_MASTER/mb_m.o
LOAD ./FreeModbus_MASTER/port/portcritical.o
LOAD ./FreeModbus_MASTER/port/portevent.o
LOAD ./FreeModbus_MASTER/port/portevent_m.o
LOAD ./FreeModbus_MASTER/port/portserial.o
LOAD ./FreeModbus_MASTER/port/portserial_m.o
LOAD ./FreeModbus_MASTER/port/porttimer.o
LOAD ./FreeModbus_MASTER/port/porttimer_m.o
LOAD ./FreeModbus_MASTER/rtu/mbcrc.o
LOAD ./FreeModbus_MASTER/rtu/mbrtu.o
LOAD ./FreeModbus_MASTER/rtu/mbrtu_m.o
LOAD ./FreeModbus_MASTER/tcp/mbtcp.o
START GROUP
LOAD c:/st/stm32cubeide_1.7.0/stm32cubeide/plugins/com.st.stm32cube.ide.mcu.externaltools.gnu-tools-for-stm32.9-2020-q2-update.win32_2.0.0.202105311346/tools/bin/../lib/gcc/arm-none-eabi/9.3.1/../../../../arm-none-eabi/lib/thumb/v7-m/nofp\libc_nano.a
LOAD c:/st/stm32cubeide_1.7.0/stm32cubeide/plugins/com.st.stm32cube.ide.mcu.externaltools.gnu-tools-for-stm32.9-2020-q2-update.win32_2.0.0.202105311346/tools/bin/../lib/gcc/arm-none-eabi/9.3.1/../../../../arm-none-eabi/lib/thumb/v7-m/nofp\libm.a
END GROUP
START GROUP
LOAD c:/st/stm32cubeide_1.7.0/stm32cubeide/plugins/com.st.stm32cube.ide.mcu.externaltools.gnu-tools-for-stm32.9-2020-q2-update.win32_2.0.0.202105311346/tools/bin/../lib/gcc/arm-none-eabi/9.3.1/thumb/v7-m/nofp\libgcc.a
LOAD c:/st/stm32cubeide_1.7.0/stm32cubeide/plugins/com.st.stm32cube.ide.mcu.externaltools.gnu-tools-for-stm32.9-2020-q2-update.win32_2.0.0.202105311346/tools/bin/../lib/gcc/arm-none-eabi/9.3.1/../../../../arm-none-eabi/lib/thumb/v7-m/nofp\libc_nano.a
END GROUP
START GROUP
LOAD c:/st/stm32cubeide_1.7.0/stm32cubeide/plugins/com.st.stm32cube.ide.mcu.externaltools.gnu-tools-for-stm32.9-2020-q2-update.win32_2.0.0.202105311346/tools/bin/../lib/gcc/arm-none-eabi/9.3.1/thumb/v7-m/nofp\libgcc.a
LOAD c:/st/stm32cubeide_1.7.0/stm32cubeide/plugins/com.st.stm32cube.ide.mcu.externaltools.gnu-tools-for-stm32.9-2020-q2-update.win32_2.0.0.202105311346/tools/bin/../lib/gcc/arm-none-eabi/9.3.1/../../../../arm-none-eabi/lib/thumb/v7-m/nofp\libc_nano.a
LOAD c:/st/stm32cubeide_1.7.0/stm32cubeide/plugins/com.st.stm32cube.ide.mcu.externaltools.gnu-tools-for-stm32.9-2020-q2-update.win32_2.0.0.202105311346/tools/bin/../lib/gcc/arm-none-eabi/9.3.1/../../../../arm-none-eabi/lib/thumb/v7-m/nofp\libnosys.a
END GROUP
START GROUP
LOAD c:/st/stm32cubeide_1.7.0/stm32cubeide/plugins/com.st.stm32cube.ide.mcu.externaltools.gnu-tools-for-stm32.9-2020-q2-update.win32_2.0.0.202105311346/tools/bin/../lib/gcc/arm-none-eabi/9.3.1/thumb/v7-m/nofp\libgcc.a
LOAD c:/st/stm32cubeide_1.7.0/stm32cubeide/plugins/com.st.stm32cube.ide.mcu.externaltools.gnu-tools-for-stm32.9-2020-q2-update.win32_2.0.0.202105311346/tools/bin/../lib/gcc/arm-none-eabi/9.3.1/../../../../arm-none-eabi/lib/thumb/v7-m/nofp\libc_nano.a
LOAD c:/st/stm32cubeide_1.7.0/stm32cubeide/plugins/com.st.stm32cube.ide.mcu.externaltools.gnu-tools-for-stm32.9-2020-q2-update.win32_2.0.0.202105311346/tools/bin/../lib/gcc/arm-none-eabi/9.3.1/../../../../arm-none-eabi/lib/thumb/v7-m/nofp\libnosys.a
END GROUP
LOAD c:/st/stm32cubeide_1.7.0/stm32cubeide/plugins/com.st.stm32cube.ide.mcu.externaltools.gnu-tools-for-stm32.9-2020-q2-update.win32_2.0.0.202105311346/tools/bin/../lib/gcc/arm-none-eabi/9.3.1/thumb/v7-m/nofp/crtend.o
LOAD c:/st/stm32cubeide_1.7.0/stm32cubeide/plugins/com.st.stm32cube.ide.mcu.externaltools.gnu-tools-for-stm32.9-2020-q2-update.win32_2.0.0.202105311346/tools/bin/../lib/gcc/arm-none-eabi/9.3.1/thumb/v7-m/nofp/crtn.o
                0x0000000020010000                _estack = (ORIGIN (RAM) + LENGTH (RAM))
                0x0000000000000200                _Min_Heap_Size = 0x200
                0x0000000000000400                _Min_Stack_Size = 0x400

.isr_vector     0x0000000008000000      0x1e4
                0x0000000008000000                . = ALIGN (0x4)
 *(.isr_vector)
 .isr_vector    0x0000000008000000      0x1e4 ./Core/Startup/startup_stm32f103vetx.o
                0x0000000008000000                g_pfnVectors
                0x00000000080001e4                . = ALIGN (0x4)

.text           0x00000000080001e4     0x44fc
                0x00000000080001e4                . = ALIGN (0x4)
 *(.text)
 .text          0x00000000080001e4       0x40 c:/st/stm32cubeide_1.7.0/stm32cubeide/plugins/com.st.stm32cube.ide.mcu.externaltools.gnu-tools-for-stm32.9-2020-q2-update.win32_2.0.0.202105311346/tools/bin/../lib/gcc/arm-none-eabi/9.3.1/thumb/v7-m/nofp/crtbegin.o
 *(.text*)
 .text.main     0x0000000008000224       0xac ./Core/Src/main.o
                0x0000000008000224                main
 .text.SystemClock_Config
                0x00000000080002d0       0x8a ./Core/Src/main.o
                0x00000000080002d0                SystemClock_Config
 *fill*         0x000000000800035a        0x2 
 .text.MX_TIM2_Init
                0x000000000800035c       0x98 ./Core/Src/main.o
 .text.MX_USART1_UART_Init
                0x00000000080003f4       0x54 ./Core/Src/main.o
 .text.MX_GPIO_Init
                0x0000000008000448       0xa4 ./Core/Src/main.o
 .text.Error_Handler
                0x00000000080004ec        0xa ./Core/Src/main.o
                0x00000000080004ec                Error_Handler
 *fill*         0x00000000080004f6        0x2 
 .text.HAL_MspInit
                0x00000000080004f8       0x64 ./Core/Src/stm32f1xx_hal_msp.o
                0x00000000080004f8                HAL_MspInit
 .text.HAL_TIM_Base_MspInit
                0x000000000800055c       0x48 ./Core/Src/stm32f1xx_hal_msp.o
                0x000000000800055c                HAL_TIM_Base_MspInit
 .text.HAL_UART_MspInit
                0x00000000080005a4       0xa8 ./Core/Src/stm32f1xx_hal_msp.o
                0x00000000080005a4                HAL_UART_MspInit
 .text.NMI_Handler
                0x000000000800064c        0x6 ./Core/Src/stm32f1xx_it.o
                0x000000000800064c                NMI_Handler
 .text.HardFault_Handler
                0x0000000008000652        0x6 ./Core/Src/stm32f1xx_it.o
                0x0000000008000652                HardFault_Handler
 .text.MemManage_Handler
                0x0000000008000658        0x6 ./Core/Src/stm32f1xx_it.o
                0x0000000008000658                MemManage_Handler
 .text.BusFault_Handler
                0x000000000800065e        0x6 ./Core/Src/stm32f1xx_it.o
                0x000000000800065e                BusFault_Handler
 .text.UsageFault_Handler
                0x0000000008000664        0x6 ./Core/Src/stm32f1xx_it.o
                0x0000000008000664                UsageFault_Handler
 .text.SVC_Handler
                0x000000000800066a        0xc ./Core/Src/stm32f1xx_it.o
                0x000000000800066a                SVC_Handler
 .text.DebugMon_Handler
                0x0000000008000676        0xc ./Core/Src/stm32f1xx_it.o
                0x0000000008000676                DebugMon_Handler
 .text.PendSV_Handler
                0x0000000008000682        0xc ./Core/Src/stm32f1xx_it.o
                0x0000000008000682                PendSV_Handler
 .text.SysTick_Handler
                0x000000000800068e        0xc ./Core/Src/stm32f1xx_it.o
                0x000000000800068e                SysTick_Handler
 *fill*         0x000000000800069a        0x2 
 .text.TIM2_IRQHandler
                0x000000000800069c       0x14 ./Core/Src/stm32f1xx_it.o
                0x000000000800069c                TIM2_IRQHandler
 .text.USART1_IRQHandler
                0x00000000080006b0       0x14 ./Core/Src/stm32f1xx_it.o
                0x00000000080006b0                USART1_IRQHandler
 .text.SystemInit
                0x00000000080006c4        0xc ./Core/Src/system_stm32f1xx.o
                0x00000000080006c4                SystemInit
 .text.Reset_Handler
                0x00000000080006d0       0x48 ./Core/Startup/startup_stm32f103vetx.o
                0x00000000080006d0                Reset_Handler
 .text.Default_Handler
                0x0000000008000718        0x2 ./Core/Startup/startup_stm32f103vetx.o
                0x0000000008000718                RTC_Alarm_IRQHandler
                0x0000000008000718                EXTI2_IRQHandler
                0x0000000008000718                TIM8_TRG_COM_IRQHandler
                0x0000000008000718                TIM8_CC_IRQHandler
                0x0000000008000718                TIM1_CC_IRQHandler
                0x0000000008000718                TIM6_IRQHandler
                0x0000000008000718                PVD_IRQHandler
                0x0000000008000718                SDIO_IRQHandler
                0x0000000008000718                EXTI3_IRQHandler
                0x0000000008000718                EXTI0_IRQHandler
                0x0000000008000718                I2C2_EV_IRQHandler
                0x0000000008000718                ADC1_2_IRQHandler
                0x0000000008000718                SPI1_IRQHandler
                0x0000000008000718                TAMPER_IRQHandler
                0x0000000008000718                TIM8_UP_IRQHandler
                0x0000000008000718                DMA2_Channel2_IRQHandler
                0x0000000008000718                DMA1_Channel4_IRQHandler
                0x0000000008000718                USART3_IRQHandler
                0x0000000008000718                RTC_IRQHandler
                0x0000000008000718                DMA1_Channel7_IRQHandler
                0x0000000008000718                CAN1_RX1_IRQHandler
                0x0000000008000718                UART5_IRQHandler
                0x0000000008000718                ADC3_IRQHandler
                0x0000000008000718                TIM4_IRQHandler
                0x0000000008000718                DMA2_Channel1_IRQHandler
                0x0000000008000718                I2C1_EV_IRQHandler
                0x0000000008000718                DMA1_Channel6_IRQHandler
                0x0000000008000718                UART4_IRQHandler
                0x0000000008000718                TIM3_IRQHandler
                0x0000000008000718                RCC_IRQHandler
                0x0000000008000718                TIM1_TRG_COM_IRQHandler
                0x0000000008000718                DMA1_Channel1_IRQHandler
                0x0000000008000718                Default_Handler
                0x0000000008000718                EXTI15_10_IRQHandler
                0x0000000008000718                TIM7_IRQHandler
                0x0000000008000718                TIM5_IRQHandler
                0x0000000008000718                EXTI9_5_IRQHandler
                0x0000000008000718                SPI2_IRQHandler
                0x0000000008000718                DMA1_Channel5_IRQHandler
                0x0000000008000718                EXTI4_IRQHandler
                0x0000000008000718                USB_LP_CAN1_RX0_IRQHandler
                0x0000000008000718                USB_HP_CAN1_TX_IRQHandler
                0x0000000008000718                DMA1_Channel3_IRQHandler
                0x0000000008000718                FSMC_IRQHandler
                0x0000000008000718                TIM1_UP_IRQHandler
                0x0000000008000718                WWDG_IRQHandler
                0x0000000008000718                TIM1_BRK_IRQHandler
                0x0000000008000718                EXTI1_IRQHandler
                0x0000000008000718                DMA2_Channel4_5_IRQHandler
                0x0000000008000718                USART2_IRQHandler
                0x0000000008000718                I2C2_ER_IRQHandler
                0x0000000008000718                DMA1_Channel2_IRQHandler
                0x0000000008000718                TIM8_BRK_IRQHandler
                0x0000000008000718                CAN1_SCE_IRQHandler
                0x0000000008000718                FLASH_IRQHandler
                0x0000000008000718                SPI3_IRQHandler
                0x0000000008000718                I2C1_ER_IRQHandler
                0x0000000008000718                USBWakeUp_IRQHandler
                0x0000000008000718                DMA2_Channel3_IRQHandler
 *fill*         0x000000000800071a        0x2 
 .text.HAL_Init
                0x000000000800071c       0x2c ./Drivers/STM32F1xx_HAL_Driver/Src/stm32f1xx_hal.o
                0x000000000800071c                HAL_Init
 .text.HAL_InitTick
                0x0000000008000748       0x60 ./Drivers/STM32F1xx_HAL_Driver/Src/stm32f1xx_hal.o
                0x0000000008000748                HAL_InitTick
 .text.HAL_IncTick
                0x00000000080007a8       0x24 ./Drivers/STM32F1xx_HAL_Driver/Src/stm32f1xx_hal.o
                0x00000000080007a8                HAL_IncTick
 .text.HAL_GetTick
                0x00000000080007cc       0x14 ./Drivers/STM32F1xx_HAL_Driver/Src/stm32f1xx_hal.o
                0x00000000080007cc                HAL_GetTick
 .text.HAL_Delay
                0x00000000080007e0       0x48 ./Drivers/STM32F1xx_HAL_Driver/Src/stm32f1xx_hal.o
                0x00000000080007e0                HAL_Delay
 .text.__NVIC_SetPriorityGrouping
                0x0000000008000828       0x48 ./Drivers/STM32F1xx_HAL_Driver/Src/stm32f1xx_hal_cortex.o
 .text.__NVIC_GetPriorityGrouping
                0x0000000008000870       0x1c ./Drivers/STM32F1xx_HAL_Driver/Src/stm32f1xx_hal_cortex.o
 .text.__NVIC_EnableIRQ
                0x000000000800088c       0x38 ./Drivers/STM32F1xx_HAL_Driver/Src/stm32f1xx_hal_cortex.o
 .text.__NVIC_SetPriority
                0x00000000080008c4       0x54 ./Drivers/STM32F1xx_HAL_Driver/Src/stm32f1xx_hal_cortex.o
 .text.NVIC_EncodePriority
                0x0000000008000918       0x64 ./Drivers/STM32F1xx_HAL_Driver/Src/stm32f1xx_hal_cortex.o
 .text.SysTick_Config
                0x000000000800097c       0x44 ./Drivers/STM32F1xx_HAL_Driver/Src/stm32f1xx_hal_cortex.o
 .text.HAL_NVIC_SetPriorityGrouping
                0x00000000080009c0       0x16 ./Drivers/STM32F1xx_HAL_Driver/Src/stm32f1xx_hal_cortex.o
                0x00000000080009c0                HAL_NVIC_SetPriorityGrouping
 .text.HAL_NVIC_SetPriority
                0x00000000080009d6       0x38 ./Drivers/STM32F1xx_HAL_Driver/Src/stm32f1xx_hal_cortex.o
                0x00000000080009d6                HAL_NVIC_SetPriority
 .text.HAL_NVIC_EnableIRQ
                0x0000000008000a0e       0x1c ./Drivers/STM32F1xx_HAL_Driver/Src/stm32f1xx_hal_cortex.o
                0x0000000008000a0e                HAL_NVIC_EnableIRQ
 .text.HAL_SYSTICK_Config
                0x0000000008000a2a       0x18 ./Drivers/STM32F1xx_HAL_Driver/Src/stm32f1xx_hal_cortex.o
                0x0000000008000a2a                HAL_SYSTICK_Config
 .text.HAL_DMA_Abort
                0x0000000008000a42       0x74 ./Drivers/STM32F1xx_HAL_Driver/Src/stm32f1xx_hal_dma.o
                0x0000000008000a42                HAL_DMA_Abort
 *fill*         0x0000000008000ab6        0x2 
 .text.HAL_DMA_Abort_IT
                0x0000000008000ab8      0x210 ./Drivers/STM32F1xx_HAL_Driver/Src/stm32f1xx_hal_dma.o
                0x0000000008000ab8                HAL_DMA_Abort_IT
 .text.HAL_GPIO_Init
                0x0000000008000cc8      0x328 ./Drivers/STM32F1xx_HAL_Driver/Src/stm32f1xx_hal_gpio.o
                0x0000000008000cc8                HAL_GPIO_Init
 .text.HAL_GPIO_WritePin
                0x0000000008000ff0       0x30 ./Drivers/STM32F1xx_HAL_Driver/Src/stm32f1xx_hal_gpio.o
                0x0000000008000ff0                HAL_GPIO_WritePin
 .text.HAL_RCC_OscConfig
                0x0000000008001020      0x500 ./Drivers/STM32F1xx_HAL_Driver/Src/stm32f1xx_hal_rcc.o
                0x0000000008001020                HAL_RCC_OscConfig
 .text.HAL_RCC_ClockConfig
                0x0000000008001520      0x1d4 ./Drivers/STM32F1xx_HAL_Driver/Src/stm32f1xx_hal_rcc.o
                0x0000000008001520                HAL_RCC_ClockConfig
 .text.HAL_RCC_GetSysClockFreq
                0x00000000080016f4       0xc0 ./Drivers/STM32F1xx_HAL_Driver/Src/stm32f1xx_hal_rcc.o
                0x00000000080016f4                HAL_RCC_GetSysClockFreq
 .text.HAL_RCC_GetHCLKFreq
                0x00000000080017b4       0x14 ./Drivers/STM32F1xx_HAL_Driver/Src/stm32f1xx_hal_rcc.o
                0x00000000080017b4                HAL_RCC_GetHCLKFreq
 .text.HAL_RCC_GetPCLK1Freq
                0x00000000080017c8       0x28 ./Drivers/STM32F1xx_HAL_Driver/Src/stm32f1xx_hal_rcc.o
                0x00000000080017c8                HAL_RCC_GetPCLK1Freq
 .text.HAL_RCC_GetPCLK2Freq
                0x00000000080017f0       0x28 ./Drivers/STM32F1xx_HAL_Driver/Src/stm32f1xx_hal_rcc.o
                0x00000000080017f0                HAL_RCC_GetPCLK2Freq
 .text.RCC_Delay
                0x0000000008001818       0x3c ./Drivers/STM32F1xx_HAL_Driver/Src/stm32f1xx_hal_rcc.o
 .text.HAL_TIM_Base_Init
                0x0000000008001854       0x9e ./Drivers/STM32F1xx_HAL_Driver/Src/stm32f1xx_hal_tim.o
                0x0000000008001854                HAL_TIM_Base_Init
 *fill*         0x00000000080018f2        0x2 
 .text.HAL_TIM_Base_Start_IT
                0x00000000080018f4       0xc0 ./Drivers/STM32F1xx_HAL_Driver/Src/stm32f1xx_hal_tim.o
                0x00000000080018f4                HAL_TIM_Base_Start_IT
 .text.HAL_TIM_Base_Stop_IT
                0x00000000080019b4       0x5c ./Drivers/STM32F1xx_HAL_Driver/Src/stm32f1xx_hal_tim.o
                0x00000000080019b4                HAL_TIM_Base_Stop_IT
 .text.HAL_TIM_IRQHandler
                0x0000000008001a10      0x210 ./Drivers/STM32F1xx_HAL_Driver/Src/stm32f1xx_hal_tim.o
                0x0000000008001a10                HAL_TIM_IRQHandler
 .text.HAL_TIM_ConfigClockSource
                0x0000000008001c20      0x188 ./Drivers/STM32F1xx_HAL_Driver/Src/stm32f1xx_hal_tim.o
                0x0000000008001c20                HAL_TIM_ConfigClockSource
 .text.HAL_TIM_OC_DelayElapsedCallback
                0x0000000008001da8       0x12 ./Drivers/STM32F1xx_HAL_Driver/Src/stm32f1xx_hal_tim.o
                0x0000000008001da8                HAL_TIM_OC_DelayElapsedCallback
 .text.HAL_TIM_IC_CaptureCallback
                0x0000000008001dba       0x12 ./Drivers/STM32F1xx_HAL_Driver/Src/stm32f1xx_hal_tim.o
                0x0000000008001dba                HAL_TIM_IC_CaptureCallback
 .text.HAL_TIM_PWM_PulseFinishedCallback
                0x0000000008001dcc       0x12 ./Drivers/STM32F1xx_HAL_Driver/Src/stm32f1xx_hal_tim.o
                0x0000000008001dcc                HAL_TIM_PWM_PulseFinishedCallback
 .text.HAL_TIM_TriggerCallback
                0x0000000008001dde       0x12 ./Drivers/STM32F1xx_HAL_Driver/Src/stm32f1xx_hal_tim.o
                0x0000000008001dde                HAL_TIM_TriggerCallback
 .text.TIM_Base_SetConfig
                0x0000000008001df0       0xf4 ./Drivers/STM32F1xx_HAL_Driver/Src/stm32f1xx_hal_tim.o
                0x0000000008001df0                TIM_Base_SetConfig
 .text.TIM_TI1_ConfigInputStage
                0x0000000008001ee4       0x5c ./Drivers/STM32F1xx_HAL_Driver/Src/stm32f1xx_hal_tim.o
 .text.TIM_TI2_ConfigInputStage
                0x0000000008001f40       0x5e ./Drivers/STM32F1xx_HAL_Driver/Src/stm32f1xx_hal_tim.o
 .text.TIM_ITRx_SetConfig
                0x0000000008001f9e       0x34 ./Drivers/STM32F1xx_HAL_Driver/Src/stm32f1xx_hal_tim.o
 .text.TIM_ETR_SetConfig
                0x0000000008001fd2       0x3e ./Drivers/STM32F1xx_HAL_Driver/Src/stm32f1xx_hal_tim.o
                0x0000000008001fd2                TIM_ETR_SetConfig
 .text.HAL_TIMEx_MasterConfigSynchronization
                0x0000000008002010       0xd8 ./Drivers/STM32F1xx_HAL_Driver/Src/stm32f1xx_hal_tim_ex.o
                0x0000000008002010                HAL_TIMEx_MasterConfigSynchronization
 .text.HAL_TIMEx_CommutCallback
                0x00000000080020e8       0x12 ./Drivers/STM32F1xx_HAL_Driver/Src/stm32f1xx_hal_tim_ex.o
                0x00000000080020e8                HAL_TIMEx_CommutCallback
 .text.HAL_TIMEx_BreakCallback
                0x00000000080020fa       0x12 ./Drivers/STM32F1xx_HAL_Driver/Src/stm32f1xx_hal_tim_ex.o
                0x00000000080020fa                HAL_TIMEx_BreakCallback
 .text.HAL_UART_Init
                0x000000000800210c       0x9a ./Drivers/STM32F1xx_HAL_Driver/Src/stm32f1xx_hal_uart.o
                0x000000000800210c                HAL_UART_Init
 .text.HAL_UART_Transmit_IT
                0x00000000080021a6       0x88 ./Drivers/STM32F1xx_HAL_Driver/Src/stm32f1xx_hal_uart.o
                0x00000000080021a6                HAL_UART_Transmit_IT
 .text.HAL_UART_Receive_IT
                0x000000000800222e       0x60 ./Drivers/STM32F1xx_HAL_Driver/Src/stm32f1xx_hal_uart.o
                0x000000000800222e                HAL_UART_Receive_IT
 *fill*         0x000000000800228e        0x2 
 .text.HAL_UART_AbortTransmit_IT
                0x0000000008002290       0xa0 ./Drivers/STM32F1xx_HAL_Driver/Src/stm32f1xx_hal_uart.o
                0x0000000008002290                HAL_UART_AbortTransmit_IT
 .text.HAL_UART_AbortReceive_IT
                0x0000000008002330       0xd4 ./Drivers/STM32F1xx_HAL_Driver/Src/stm32f1xx_hal_uart.o
                0x0000000008002330                HAL_UART_AbortReceive_IT
 .text.HAL_UART_IRQHandler
                0x0000000008002404      0x354 ./Drivers/STM32F1xx_HAL_Driver/Src/stm32f1xx_hal_uart.o
                0x0000000008002404                HAL_UART_IRQHandler
 .text.HAL_UART_ErrorCallback
                0x0000000008002758       0x12 ./Drivers/STM32F1xx_HAL_Driver/Src/stm32f1xx_hal_uart.o
                0x0000000008002758                HAL_UART_ErrorCallback
 .text.HAL_UART_AbortTransmitCpltCallback
                0x000000000800276a       0x12 ./Drivers/STM32F1xx_HAL_Driver/Src/stm32f1xx_hal_uart.o
                0x000000000800276a                HAL_UART_AbortTransmitCpltCallback
 .text.HAL_UART_AbortReceiveCpltCallback
                0x000000000800277c       0x12 ./Drivers/STM32F1xx_HAL_Driver/Src/stm32f1xx_hal_uart.o
                0x000000000800277c                HAL_UART_AbortReceiveCpltCallback
 .text.HAL_UARTEx_RxEventCallback
                0x000000000800278e       0x16 ./Drivers/STM32F1xx_HAL_Driver/Src/stm32f1xx_hal_uart.o
                0x000000000800278e                HAL_UARTEx_RxEventCallback
 .text.UART_Start_Receive_IT
                0x00000000080027a4       0x72 ./Drivers/STM32F1xx_HAL_Driver/Src/stm32f1xx_hal_uart.o
                0x00000000080027a4                UART_Start_Receive_IT
 .text.UART_EndRxTransfer
                0x0000000008002816       0x58 ./Drivers/STM32F1xx_HAL_Driver/Src/stm32f1xx_hal_uart.o
 .text.UART_DMAAbortOnError
                0x000000000800286e       0x28 ./Drivers/STM32F1xx_HAL_Driver/Src/stm32f1xx_hal_uart.o
 .text.UART_DMATxOnlyAbortCallback
                0x0000000008002896       0x2a ./Drivers/STM32F1xx_HAL_Driver/Src/stm32f1xx_hal_uart.o
 .text.UART_DMARxOnlyAbortCallback
                0x00000000080028c0       0x30 ./Drivers/STM32F1xx_HAL_Driver/Src/stm32f1xx_hal_uart.o
 .text.UART_Transmit_IT
                0x00000000080028f0       0x9e ./Drivers/STM32F1xx_HAL_Driver/Src/stm32f1xx_hal_uart.o
 .text.UART_EndTransmit_IT
                0x000000000800298e       0x30 ./Drivers/STM32F1xx_HAL_Driver/Src/stm32f1xx_hal_uart.o
 .text.UART_Receive_IT
                0x00000000080029be      0x152 ./Drivers/STM32F1xx_HAL_Driver/Src/stm32f1xx_hal_uart.o
 .text.UART_SetConfig
                0x0000000008002b10      0x11c ./Drivers/STM32F1xx_HAL_Driver/Src/stm32f1xx_hal_uart.o
 .text.eMBMasterRegInputCB
                0x0000000008002c2c       0xc0 ./FreeModbus_MASTER/app/user_mb_app_m.o
                0x0000000008002c2c                eMBMasterRegInputCB
 .text.eMBMasterRegHoldingCB
                0x0000000008002cec      0x120 ./FreeModbus_MASTER/app/user_mb_app_m.o
                0x0000000008002cec                eMBMasterRegHoldingCB
 .text.eMBMasterRegCoilsCB
                0x0000000008002e0c      0x16c ./FreeModbus_MASTER/app/user_mb_app_m.o
                0x0000000008002e0c                eMBMasterRegCoilsCB
 .text.eMBMasterRegDiscreteCB
                0x0000000008002f78       0xe4 ./FreeModbus_MASTER/app/user_mb_app_m.o
                0x0000000008002f78                eMBMasterRegDiscreteCB
 .text.eMBMasterFuncReadCoils
                0x000000000800305c       0xd6 ./FreeModbus_MASTER/functions/mbfunccoils_m.o
                0x000000000800305c                eMBMasterFuncReadCoils
 .text.eMBMasterFuncWriteCoil
                0x0000000008003132       0xa6 ./FreeModbus_MASTER/functions/mbfunccoils_m.o
                0x0000000008003132                eMBMasterFuncWriteCoil
 .text.eMBMasterFuncWriteMultipleCoils
                0x00000000080031d8       0xd4 ./FreeModbus_MASTER/functions/mbfunccoils_m.o
                0x00000000080031d8                eMBMasterFuncWriteMultipleCoils
 .text.eMBMasterFuncReadDiscreteInputs
                0x00000000080032ac       0xd6 ./FreeModbus_MASTER/functions/mbfuncdisc_m.o
                0x00000000080032ac                eMBMasterFuncReadDiscreteInputs
 .text.eMBMasterFuncWriteHoldingRegister
                0x0000000008003382       0x6a ./FreeModbus_MASTER/functions/mbfuncholding_m.o
                0x0000000008003382                eMBMasterFuncWriteHoldingRegister
 .text.eMBMasterFuncWriteMultipleHoldingRegister
                0x00000000080033ec       0xb2 ./FreeModbus_MASTER/functions/mbfuncholding_m.o
                0x00000000080033ec                eMBMasterFuncWriteMultipleHoldingRegister
 .text.eMBMasterReqReadHoldingRegister
                0x000000000800349e       0x9c ./FreeModbus_MASTER/functions/mbfuncholding_m.o
                0x000000000800349e                eMBMasterReqReadHoldingRegister
 .text.eMBMasterFuncReadHoldingRegister
                0x000000000800353a       0xb8 ./FreeModbus_MASTER/functions/mbfuncholding_m.o
                0x000000000800353a                eMBMasterFuncReadHoldingRegister
 .text.eMBMasterFuncReadWriteMultipleHoldingRegister
                0x00000000080035f2      0x100 ./FreeModbus_MASTER/functions/mbfuncholding_m.o
                0x00000000080035f2                eMBMasterFuncReadWriteMultipleHoldingRegister
 .text.eMBMasterFuncReadInputRegister
                0x00000000080036f2       0xb8 ./FreeModbus_MASTER/functions/mbfuncinput_m.o
                0x00000000080036f2                eMBMasterFuncReadInputRegister
 *fill*         0x00000000080037aa        0x2 
 .text.eMBFuncReportSlaveID
                0x00000000080037ac       0x38 ./FreeModbus_MASTER/functions/mbfuncother.o
                0x00000000080037ac                eMBFuncReportSlaveID
 .text.xMBUtilSetBits
                0x00000000080037e4       0xbc ./FreeModbus_MASTER/functions/mbutils.o
                0x00000000080037e4                xMBUtilSetBits
 .text.xMBUtilGetBits
                0x00000000080038a0       0x72 ./FreeModbus_MASTER/functions/mbutils.o
                0x00000000080038a0                xMBUtilGetBits
 .text.prveMBError2Exception
                0x0000000008003912       0x42 ./FreeModbus_MASTER/functions/mbutils.o
                0x0000000008003912                prveMBError2Exception
 .text.eMBMasterInit
                0x0000000008003954       0xcc ./FreeModbus_MASTER/mb_m.o
                0x0000000008003954                eMBMasterInit
 .text.eMBMasterEnable
                0x0000000008003a20       0x38 ./FreeModbus_MASTER/mb_m.o
                0x0000000008003a20                eMBMasterEnable
 .text.eMBMasterPoll
                0x0000000008003a58      0x29c ./FreeModbus_MASTER/mb_m.o
                0x0000000008003a58                eMBMasterPoll
 .text.vMBMasterSetCBRunInMasterMode
                0x0000000008003cf4       0x20 ./FreeModbus_MASTER/mb_m.o
                0x0000000008003cf4                vMBMasterSetCBRunInMasterMode
 .text.ucMBMasterGetDestAddress
                0x0000000008003d14       0x14 ./FreeModbus_MASTER/mb_m.o
                0x0000000008003d14                ucMBMasterGetDestAddress
 .text.vMBMasterSetDestAddress
                0x0000000008003d28       0x20 ./FreeModbus_MASTER/mb_m.o
                0x0000000008003d28                vMBMasterSetDestAddress
 .text.eMBMasterGetErrorType
                0x0000000008003d48       0x14 ./FreeModbus_MASTER/mb_m.o
                0x0000000008003d48                eMBMasterGetErrorType
 .text.vMBMasterSetErrorType
                0x0000000008003d5c       0x20 ./FreeModbus_MASTER/mb_m.o
                0x0000000008003d5c                vMBMasterSetErrorType
 .text.__critical_enter
                0x0000000008003d7c       0x20 ./FreeModbus_MASTER/port/portcritical.o
                0x0000000008003d7c                __critical_enter
 .text.__critical_exit
                0x0000000008003d9c       0x28 ./FreeModbus_MASTER/port/portcritical.o
                0x0000000008003d9c                __critical_exit
 .text.xMBMasterPortEventInit
                0x0000000008003dc4       0x18 ./FreeModbus_MASTER/port/portevent_m.o
                0x0000000008003dc4                xMBMasterPortEventInit
 .text.xMBMasterPortEventPost
                0x0000000008003ddc       0x2c ./FreeModbus_MASTER/port/portevent_m.o
                0x0000000008003ddc                xMBMasterPortEventPost
 .text.xMBMasterPortEventGet
                0x0000000008003e08       0x3c ./FreeModbus_MASTER/port/portevent_m.o
                0x0000000008003e08                xMBMasterPortEventGet
 .text.vMBMasterOsResInit
                0x0000000008003e44        0xc ./FreeModbus_MASTER/port/portevent_m.o
                0x0000000008003e44                vMBMasterOsResInit
 .text.xMBMasterRunResTake
                0x0000000008003e50       0x14 ./FreeModbus_MASTER/port/portevent_m.o
                0x0000000008003e50                xMBMasterRunResTake
 .text.vMBMasterRunResRelease
                0x0000000008003e64       0x18 ./FreeModbus_MASTER/port/portevent_m.o
                0x0000000008003e64                vMBMasterRunResRelease
 .text.vMBMasterErrorCBRespondTimeout
                0x0000000008003e7c       0x1e ./FreeModbus_MASTER/port/portevent_m.o
                0x0000000008003e7c                vMBMasterErrorCBRespondTimeout
 .text.vMBMasterErrorCBReceiveData
                0x0000000008003e9a       0x1e ./FreeModbus_MASTER/port/portevent_m.o
                0x0000000008003e9a                vMBMasterErrorCBReceiveData
 .text.vMBMasterErrorCBExecuteFunction
                0x0000000008003eb8       0x20 ./FreeModbus_MASTER/port/portevent_m.o
                0x0000000008003eb8                vMBMasterErrorCBExecuteFunction
 .text.vMBMasterCBRequestScuuess
                0x0000000008003ed8        0xe ./FreeModbus_MASTER/port/portevent_m.o
                0x0000000008003ed8                vMBMasterCBRequestScuuess
 *fill*         0x0000000008003ee6        0x2 
 .text.eMBMasterWaitRequestFinish
                0x0000000008003ee8       0x4c ./FreeModbus_MASTER/port/portevent_m.o
                0x0000000008003ee8                eMBMasterWaitRequestFinish
 .text.xMBMasterPortSerialInit
                0x0000000008003f34       0x24 ./FreeModbus_MASTER/port/portserial_m.o
                0x0000000008003f34                xMBMasterPortSerialInit
 .text.vMBMasterPortSerialEnable
                0x0000000008003f58       0x74 ./FreeModbus_MASTER/port/portserial_m.o
                0x0000000008003f58                vMBMasterPortSerialEnable
 .text.xMBMasterPortSerialPutBytes
                0x0000000008003fcc       0x28 ./FreeModbus_MASTER/port/portserial_m.o
                0x0000000008003fcc                xMBMasterPortSerialPutBytes
 .text.xMBMasterPortSerialGetByte
                0x0000000008003ff4       0x20 ./FreeModbus_MASTER/port/portserial_m.o
                0x0000000008003ff4                xMBMasterPortSerialGetByte
 .text.HAL_UART_RxCpltCallback
                0x0000000008004014       0x40 ./FreeModbus_MASTER/port/portserial_m.o
                0x0000000008004014                HAL_UART_RxCpltCallback
 .text.HAL_UART_TxCpltCallback
                0x0000000008004054       0x2c ./FreeModbus_MASTER/port/portserial_m.o
                0x0000000008004054                HAL_UART_TxCpltCallback
 .text.xMBMasterPortTimersInit
                0x0000000008004080       0x2c ./FreeModbus_MASTER/port/porttimer_m.o
                0x0000000008004080                xMBMasterPortTimersInit
 .text.vMBMasterPortTimersT35Enable
                0x00000000080040ac       0x28 ./FreeModbus_MASTER/port/porttimer_m.o
                0x00000000080040ac                vMBMasterPortTimersT35Enable
 .text.vMBMasterPortTimersConvertDelayEnable
                0x00000000080040d4        0xe ./FreeModbus_MASTER/port/porttimer_m.o
                0x00000000080040d4                vMBMasterPortTimersConvertDelayEnable
 .text.vMBMasterPortTimersRespondTimeoutEnable
                0x00000000080040e2        0xe ./FreeModbus_MASTER/port/porttimer_m.o
                0x00000000080040e2                vMBMasterPortTimersRespondTimeoutEnable
 .text.vMBMasterPortTimersDisable
                0x00000000080040f0       0x18 ./FreeModbus_MASTER/port/porttimer_m.o
                0x00000000080040f0                vMBMasterPortTimersDisable
 .text.HAL_TIM_PeriodElapsedCallback
                0x0000000008004108       0x4c ./FreeModbus_MASTER/port/porttimer_m.o
                0x0000000008004108                HAL_TIM_PeriodElapsedCallback
 .text.usMBCRC16
                0x0000000008004154       0x6c ./FreeModbus_MASTER/rtu/mbcrc.o
                0x0000000008004154                usMBCRC16
 .text.eMBMasterRTUInit
                0x00000000080041c0       0x6c ./FreeModbus_MASTER/rtu/mbrtu_m.o
                0x00000000080041c0                eMBMasterRTUInit
 .text.eMBMasterRTUStart
                0x000000000800422c       0x28 ./FreeModbus_MASTER/rtu/mbrtu_m.o
                0x000000000800422c                eMBMasterRTUStart
 .text.eMBMasterRTUStop
                0x0000000008004254       0x1c ./FreeModbus_MASTER/rtu/mbrtu_m.o
                0x0000000008004254                eMBMasterRTUStop
 .text.eMBMasterRTUReceive
                0x0000000008004270       0x70 ./FreeModbus_MASTER/rtu/mbrtu_m.o
                0x0000000008004270                eMBMasterRTUReceive
 .text.eMBMasterRTUSend
                0x00000000080042e0       0xd4 ./FreeModbus_MASTER/rtu/mbrtu_m.o
                0x00000000080042e0                eMBMasterRTUSend
 .text.xMBMasterRTUReceiveFSM
                0x00000000080043b4       0xbc ./FreeModbus_MASTER/rtu/mbrtu_m.o
                0x00000000080043b4                xMBMasterRTUReceiveFSM
 .text.xMBMasterRTUTransmitFSM
                0x0000000008004470       0xa0 ./FreeModbus_MASTER/rtu/mbrtu_m.o
                0x0000000008004470                xMBMasterRTUTransmitFSM
 .text.xMBMasterRTUTimerExpired
                0x0000000008004510       0xb8 ./FreeModbus_MASTER/rtu/mbrtu_m.o
                0x0000000008004510                xMBMasterRTUTimerExpired
 .text.vMBMasterGetPDUSndBuf
                0x00000000080045c8       0x1c ./FreeModbus_MASTER/rtu/mbrtu_m.o
                0x00000000080045c8                vMBMasterGetPDUSndBuf
 .text.vMBMasterSetPDUSndLength
                0x00000000080045e4       0x20 ./FreeModbus_MASTER/rtu/mbrtu_m.o
                0x00000000080045e4                vMBMasterSetPDUSndLength
 .text.usMBMasterGetPDUSndLength
                0x0000000008004604       0x18 ./FreeModbus_MASTER/rtu/mbrtu_m.o
                0x0000000008004604                usMBMasterGetPDUSndLength
 .text.vMBMasterSetCurTimerMode
                0x000000000800461c       0x20 ./FreeModbus_MASTER/rtu/mbrtu_m.o
                0x000000000800461c                vMBMasterSetCurTimerMode
 .text.xMBMasterRequestIsBroadcast
                0x000000000800463c       0x18 ./FreeModbus_MASTER/rtu/mbrtu_m.o
                0x000000000800463c                xMBMasterRequestIsBroadcast
 .text.__libc_init_array
                0x0000000008004654       0x48 c:/st/stm32cubeide_1.7.0/stm32cubeide/plugins/com.st.stm32cube.ide.mcu.externaltools.gnu-tools-for-stm32.9-2020-q2-update.win32_2.0.0.202105311346/tools/bin/../lib/gcc/arm-none-eabi/9.3.1/../../../../arm-none-eabi/lib/thumb/v7-m/nofp\libc_nano.a(lib_a-init.o)
                0x0000000008004654                __libc_init_array
 .text.memcpy   0x000000000800469c       0x1c c:/st/stm32cubeide_1.7.0/stm32cubeide/plugins/com.st.stm32cube.ide.mcu.externaltools.gnu-tools-for-stm32.9-2020-q2-update.win32_2.0.0.202105311346/tools/bin/../lib/gcc/arm-none-eabi/9.3.1/../../../../arm-none-eabi/lib/thumb/v7-m/nofp\libc_nano.a(lib_a-memcpy-stub.o)
                0x000000000800469c                memcpy
 .text.memset   0x00000000080046b8       0x10 c:/st/stm32cubeide_1.7.0/stm32cubeide/plugins/com.st.stm32cube.ide.mcu.externaltools.gnu-tools-for-stm32.9-2020-q2-update.win32_2.0.0.202105311346/tools/bin/../lib/gcc/arm-none-eabi/9.3.1/../../../../arm-none-eabi/lib/thumb/v7-m/nofp\libc_nano.a(lib_a-memset.o)
                0x00000000080046b8                memset
 *(.glue_7)
 .glue_7        0x00000000080046c8        0x0 linker stubs
 *(.glue_7t)
 .glue_7t       0x00000000080046c8        0x0 linker stubs
 *(.eh_frame)
 .eh_frame      0x00000000080046c8        0x0 c:/st/stm32cubeide_1.7.0/stm32cubeide/plugins/com.st.stm32cube.ide.mcu.externaltools.gnu-tools-for-stm32.9-2020-q2-update.win32_2.0.0.202105311346/tools/bin/../lib/gcc/arm-none-eabi/9.3.1/thumb/v7-m/nofp/crtbegin.o
 *(.init)
 .init          0x00000000080046c8        0x4 c:/st/stm32cubeide_1.7.0/stm32cubeide/plugins/com.st.stm32cube.ide.mcu.externaltools.gnu-tools-for-stm32.9-2020-q2-update.win32_2.0.0.202105311346/tools/bin/../lib/gcc/arm-none-eabi/9.3.1/thumb/v7-m/nofp/crti.o
                0x00000000080046c8                _init
 .init          0x00000000080046cc        0x8 c:/st/stm32cubeide_1.7.0/stm32cubeide/plugins/com.st.stm32cube.ide.mcu.externaltools.gnu-tools-for-stm32.9-2020-q2-update.win32_2.0.0.202105311346/tools/bin/../lib/gcc/arm-none-eabi/9.3.1/thumb/v7-m/nofp/crtn.o
 *(.fini)
 .fini          0x00000000080046d4        0x4 c:/st/stm32cubeide_1.7.0/stm32cubeide/plugins/com.st.stm32cube.ide.mcu.externaltools.gnu-tools-for-stm32.9-2020-q2-update.win32_2.0.0.202105311346/tools/bin/../lib/gcc/arm-none-eabi/9.3.1/thumb/v7-m/nofp/crti.o
                0x00000000080046d4                _fini
 .fini          0x00000000080046d8        0x8 c:/st/stm32cubeide_1.7.0/stm32cubeide/plugins/com.st.stm32cube.ide.mcu.externaltools.gnu-tools-for-stm32.9-2020-q2-update.win32_2.0.0.202105311346/tools/bin/../lib/gcc/arm-none-eabi/9.3.1/thumb/v7-m/nofp/crtn.o
                0x00000000080046e0                . = ALIGN (0x4)
                0x00000000080046e0                _etext = .

.vfp11_veneer   0x00000000080046e0        0x0
 .vfp11_veneer  0x00000000080046e0        0x0 linker stubs

.v4_bx          0x00000000080046e0        0x0
 .v4_bx         0x00000000080046e0        0x0 linker stubs

.iplt           0x00000000080046e0        0x0
 .iplt          0x00000000080046e0        0x0 c:/st/stm32cubeide_1.7.0/stm32cubeide/plugins/com.st.stm32cube.ide.mcu.externaltools.gnu-tools-for-stm32.9-2020-q2-update.win32_2.0.0.202105311346/tools/bin/../lib/gcc/arm-none-eabi/9.3.1/thumb/v7-m/nofp/crtbegin.o

.rodata         0x00000000080046e0      0x228
                0x00000000080046e0                . = ALIGN (0x4)
 *(.rodata)
 .rodata        0x00000000080046e0       0x10 ./Drivers/STM32F1xx_HAL_Driver/Src/stm32f1xx_hal_rcc.o
 *(.rodata*)
 .rodata.AHBPrescTable
                0x00000000080046f0       0x10 ./Core/Src/system_stm32f1xx.o
                0x00000000080046f0                AHBPrescTable
 .rodata.APBPrescTable
                0x0000000008004700        0x8 ./Core/Src/system_stm32f1xx.o
                0x0000000008004700                APBPrescTable
 .rodata.aucCRCHi
                0x0000000008004708      0x100 ./FreeModbus_MASTER/rtu/mbcrc.o
 .rodata.aucCRCLo
                0x0000000008004808      0x100 ./FreeModbus_MASTER/rtu/mbcrc.o
                0x0000000008004908                . = ALIGN (0x4)

.rel.dyn        0x0000000008004908        0x0
 .rel.iplt      0x0000000008004908        0x0 c:/st/stm32cubeide_1.7.0/stm32cubeide/plugins/com.st.stm32cube.ide.mcu.externaltools.gnu-tools-for-stm32.9-2020-q2-update.win32_2.0.0.202105311346/tools/bin/../lib/gcc/arm-none-eabi/9.3.1/thumb/v7-m/nofp/crtbegin.o

.ARM.extab      0x0000000008004908        0x0
                0x0000000008004908                . = ALIGN (0x4)
 *(.ARM.extab* .gnu.linkonce.armextab.*)
                0x0000000008004908                . = ALIGN (0x4)

.ARM            0x0000000008004908        0x0
                0x0000000008004908                . = ALIGN (0x4)
                0x0000000008004908                __exidx_start = .
 *(.ARM.exidx*)
                0x0000000008004908                __exidx_end = .
                0x0000000008004908                . = ALIGN (0x4)

.preinit_array  0x0000000008004908        0x0
                0x0000000008004908                . = ALIGN (0x4)
                0x0000000008004908                PROVIDE (__preinit_array_start = .)
 *(.preinit_array*)
                0x0000000008004908                PROVIDE (__preinit_array_end = .)
                0x0000000008004908                . = ALIGN (0x4)

.init_array     0x0000000008004908        0x4
                0x0000000008004908                . = ALIGN (0x4)
                0x0000000008004908                PROVIDE (__init_array_start = .)
 *(SORT_BY_NAME(.init_array.*))
 *(.init_array*)
 .init_array    0x0000000008004908        0x4 c:/st/stm32cubeide_1.7.0/stm32cubeide/plugins/com.st.stm32cube.ide.mcu.externaltools.gnu-tools-for-stm32.9-2020-q2-update.win32_2.0.0.202105311346/tools/bin/../lib/gcc/arm-none-eabi/9.3.1/thumb/v7-m/nofp/crtbegin.o
                0x000000000800490c                PROVIDE (__init_array_end = .)
                0x000000000800490c                . = ALIGN (0x4)

.fini_array     0x000000000800490c        0x4
                0x000000000800490c                . = ALIGN (0x4)
                [!provide]                        PROVIDE (__fini_array_start = .)
 *(SORT_BY_NAME(.fini_array.*))
 *(.fini_array*)
 .fini_array    0x000000000800490c        0x4 c:/st/stm32cubeide_1.7.0/stm32cubeide/plugins/com.st.stm32cube.ide.mcu.externaltools.gnu-tools-for-stm32.9-2020-q2-update.win32_2.0.0.202105311346/tools/bin/../lib/gcc/arm-none-eabi/9.3.1/thumb/v7-m/nofp/crtbegin.o
                [!provide]                        PROVIDE (__fini_array_end = .)
                0x0000000008004910                . = ALIGN (0x4)
                0x0000000008004910                _sidata = LOADADDR (.data)

.data           0x0000000020000000       0x8c load address 0x0000000008004910
                0x0000000020000000                . = ALIGN (0x4)
                0x0000000020000000                _sdata = .
 *(.data)
 *(.data*)
 .data.SystemCoreClock
                0x0000000020000000        0x4 ./Core/Src/system_stm32f1xx.o
                0x0000000020000000                SystemCoreClock
 .data.uwTickPrio
                0x0000000020000004        0x4 ./Drivers/STM32F1xx_HAL_Driver/Src/stm32f1xx_hal.o
                0x0000000020000004                uwTickPrio
 .data.uwTickFreq
                0x0000000020000008        0x1 ./Drivers/STM32F1xx_HAL_Driver/Src/stm32f1xx_hal.o
                0x0000000020000008                uwTickFreq
 .data.eMBState
                0x0000000020000009        0x1 ./FreeModbus_MASTER/mb_m.o
 *fill*         0x000000002000000a        0x2 
 .data.xMasterFuncHandlers
                0x000000002000000c       0x80 ./FreeModbus_MASTER/mb_m.o
 *(.RamFunc)
 *(.RamFunc*)
                0x000000002000008c                . = ALIGN (0x4)
                0x000000002000008c                _edata = .

.igot.plt       0x000000002000008c        0x0 load address 0x000000000800499c
 .igot.plt      0x000000002000008c        0x0 c:/st/stm32cubeide_1.7.0/stm32cubeide/plugins/com.st.stm32cube.ide.mcu.externaltools.gnu-tools-for-stm32.9-2020-q2-update.win32_2.0.0.202105311346/tools/bin/../lib/gcc/arm-none-eabi/9.3.1/thumb/v7-m/nofp/crtbegin.o
                0x000000002000008c                . = ALIGN (0x4)

.bss            0x000000002000008c      0x4ec load address 0x000000000800499c
                0x000000002000008c                _sbss = .
                0x000000002000008c                __bss_start__ = _sbss
 *(.bss)
 .bss           0x000000002000008c       0x1c c:/st/stm32cubeide_1.7.0/stm32cubeide/plugins/com.st.stm32cube.ide.mcu.externaltools.gnu-tools-for-stm32.9-2020-q2-update.win32_2.0.0.202105311346/tools/bin/../lib/gcc/arm-none-eabi/9.3.1/thumb/v7-m/nofp/crtbegin.o
 *(.bss*)
 .bss.usMDiscInStart
                0x00000000200000a8        0x2 ./FreeModbus_MASTER/app/user_mb_app_m.o
                0x00000000200000a8                usMDiscInStart
 .bss.usMCoilStart
                0x00000000200000aa        0x2 ./FreeModbus_MASTER/app/user_mb_app_m.o
                0x00000000200000aa                usMCoilStart
 .bss.usMRegInStart
                0x00000000200000ac        0x2 ./FreeModbus_MASTER/app/user_mb_app_m.o
                0x00000000200000ac                usMRegInStart
 .bss.usMRegHoldStart
                0x00000000200000ae        0x2 ./FreeModbus_MASTER/app/user_mb_app_m.o
                0x00000000200000ae                usMRegHoldStart
 .bss.ucMBSlaveID
                0x00000000200000b0       0x20 ./FreeModbus_MASTER/functions/mbfuncother.o
 .bss.usMBSlaveIDLen
                0x00000000200000d0        0x2 ./FreeModbus_MASTER/functions/mbfuncother.o
 .bss.ucMBMasterDestAddress
                0x00000000200000d2        0x1 ./FreeModbus_MASTER/mb_m.o
 .bss.xMBRunInMasterMode
                0x00000000200000d3        0x1 ./FreeModbus_MASTER/mb_m.o
 .bss.eMBMasterCurErrorType
                0x00000000200000d4        0x1 ./FreeModbus_MASTER/mb_m.o
 *fill*         0x00000000200000d5        0x3 
 .bss.peMBMasterFrameSendCur
                0x00000000200000d8        0x4 ./FreeModbus_MASTER/mb_m.o
 .bss.pvMBMasterFrameStartCur
                0x00000000200000dc        0x4 ./FreeModbus_MASTER/mb_m.o
 .bss.pvMBMasterFrameStopCur
                0x00000000200000e0        0x4 ./FreeModbus_MASTER/mb_m.o
 .bss.peMBMasterFrameReceiveCur
                0x00000000200000e4        0x4 ./FreeModbus_MASTER/mb_m.o
 .bss.pvMBMasterFrameCloseCur
                0x00000000200000e8        0x4 ./FreeModbus_MASTER/mb_m.o
 .bss.ucRcvAddress.7674
                0x00000000200000ec        0x1 ./FreeModbus_MASTER/mb_m.o
 *fill*         0x00000000200000ed        0x3 
 .bss.ucMBFrame.7673
                0x00000000200000f0        0x4 ./FreeModbus_MASTER/mb_m.o
 .bss.usLength.7676
                0x00000000200000f4        0x2 ./FreeModbus_MASTER/mb_m.o
 .bss.ucFunctionCode.7675
                0x00000000200000f6        0x1 ./FreeModbus_MASTER/mb_m.o
 .bss.eException.7677
                0x00000000200000f7        0x1 ./FreeModbus_MASTER/mb_m.o
 .bss.lock_count
                0x00000000200000f8        0x4 ./FreeModbus_MASTER/port/portcritical.o
 .bss.eQueuedEvent
                0x00000000200000fc        0x2 ./FreeModbus_MASTER/port/portevent_m.o
 .bss.xEventInQueue
                0x00000000200000fe        0x1 ./FreeModbus_MASTER/port/portevent_m.o
 .bss.singlechar
                0x00000000200000ff        0x1 ./FreeModbus_MASTER/port/portserial_m.o
 .bss.timeout   0x0000000020000100        0x2 ./FreeModbus_MASTER/port/porttimer_m.o
 .bss.counter   0x0000000020000102        0x2 ./FreeModbus_MASTER/port/porttimer_m.o
                0x0000000020000102                counter
 .bss.eSndState
                0x0000000020000104        0x1 ./FreeModbus_MASTER/rtu/mbrtu_m.o
 .bss.eRcvState
                0x0000000020000105        0x1 ./FreeModbus_MASTER/rtu/mbrtu_m.o
 *fill*         0x0000000020000106        0x2 
 .bss.ucMasterRTUSndBuf
                0x0000000020000108       0xfd ./FreeModbus_MASTER/rtu/mbrtu_m.o
 *fill*         0x0000000020000205        0x3 
 .bss.ucMasterRTURcvBuf
                0x0000000020000208      0x100 ./FreeModbus_MASTER/rtu/mbrtu_m.o
 .bss.usMasterSendPDULength
                0x0000000020000308        0x2 ./FreeModbus_MASTER/rtu/mbrtu_m.o
 *fill*         0x000000002000030a        0x2 
 .bss.pucMasterSndBufferCur
                0x000000002000030c        0x4 ./FreeModbus_MASTER/rtu/mbrtu_m.o
 .bss.usMasterSndBufferCount
                0x0000000020000310        0x2 ./FreeModbus_MASTER/rtu/mbrtu_m.o
 .bss.usMasterRcvBufferPos
                0x0000000020000312        0x2 ./FreeModbus_MASTER/rtu/mbrtu_m.o
 .bss.xFrameIsBroadcast
                0x0000000020000314        0x1 ./FreeModbus_MASTER/rtu/mbrtu_m.o
 .bss.eMasterCurTimerMode
                0x0000000020000315        0x1 ./FreeModbus_MASTER/rtu/mbrtu_m.o
 *(COMMON)
 *fill*         0x0000000020000316        0x2 
 COMMON         0x0000000020000318       0x8c ./Core/Src/main.o
                0x0000000020000318                huart1
                0x000000002000035c                htim2
 COMMON         0x00000000200003a4        0x4 ./Drivers/STM32F1xx_HAL_Driver/Src/stm32f1xx_hal.o
                0x00000000200003a4                uwTick
 COMMON         0x00000000200003a8      0x1b0 ./FreeModbus_MASTER/app/user_mb_app_m.o
                0x00000000200003a8                ucMDiscInBuf
                0x00000000200003b8                ucMCoilBuf
                0x00000000200003d8                usMRegHoldBuf
                0x0000000020000518                usMRegInBuf
 COMMON         0x0000000020000558       0x14 ./FreeModbus_MASTER/mb_m.o
                0x0000000020000558                pxMBMasterFrameCBReceiveFSMCur
                0x000000002000055c                pxMBMasterFrameCBTransmitFSMCur
                0x0000000020000560                pxMBMasterFrameCBTransmitterEmpty
                0x0000000020000564                pxMBMasterFrameCBByteReceived
                0x0000000020000568                pxMBMasterPortCBTimerExpired
 COMMON         0x000000002000056c        0x1 ./FreeModbus_MASTER/port/portevent_m.o
                0x000000002000056c                xNeedPoll
 *fill*         0x000000002000056d        0x3 
 COMMON         0x0000000020000570        0x4 ./FreeModbus_MASTER/port/portserial_m.o
                0x0000000020000570                uart
 COMMON         0x0000000020000574        0x4 ./FreeModbus_MASTER/port/porttimer_m.o
                0x0000000020000574                tim
                0x0000000020000578                . = ALIGN (0x4)
                0x0000000020000578                _ebss = .
                0x0000000020000578                __bss_end__ = _ebss

._user_heap_stack
                0x0000000020000578      0x600 load address 0x000000000800499c
                0x0000000020000578                . = ALIGN (0x8)
                [!provide]                        PROVIDE (end = .)
                0x0000000020000578                PROVIDE (_end = .)
                0x0000000020000778                . = (. + _Min_Heap_Size)
 *fill*         0x0000000020000578      0x200 
                0x0000000020000b78                . = (. + _Min_Stack_Size)
 *fill*         0x0000000020000778      0x400 
                0x0000000020000b78                . = ALIGN (0x8)

/DISCARD/
 libc.a(*)
 libm.a(*)
 libgcc.a(*)

.ARM.attributes
                0x0000000000000000       0x29
 *(.ARM.attributes)
 .ARM.attributes
                0x0000000000000000       0x1d c:/st/stm32cubeide_1.7.0/stm32cubeide/plugins/com.st.stm32cube.ide.mcu.externaltools.gnu-tools-for-stm32.9-2020-q2-update.win32_2.0.0.202105311346/tools/bin/../lib/gcc/arm-none-eabi/9.3.1/thumb/v7-m/nofp/crti.o
 .ARM.attributes
                0x000000000000001d       0x2d c:/st/stm32cubeide_1.7.0/stm32cubeide/plugins/com.st.stm32cube.ide.mcu.externaltools.gnu-tools-for-stm32.9-2020-q2-update.win32_2.0.0.202105311346/tools/bin/../lib/gcc/arm-none-eabi/9.3.1/thumb/v7-m/nofp/crtbegin.o
 .ARM.attributes
                0x000000000000004a       0x2d ./Core/Src/main.o
 .ARM.attributes
                0x0000000000000077       0x2d ./Core/Src/stm32f1xx_hal_msp.o
 .ARM.attributes
                0x00000000000000a4       0x2d ./Core/Src/stm32f1xx_it.o
 .ARM.attributes
                0x00000000000000d1       0x2d ./Core/Src/system_stm32f1xx.o
 .ARM.attributes
                0x00000000000000fe       0x21 ./Core/Startup/startup_stm32f103vetx.o
 .ARM.attributes
                0x000000000000011f       0x2d ./Drivers/STM32F1xx_HAL_Driver/Src/stm32f1xx_hal.o
 .ARM.attributes
                0x000000000000014c       0x2d ./Drivers/STM32F1xx_HAL_Driver/Src/stm32f1xx_hal_cortex.o
 .ARM.attributes
                0x0000000000000179       0x2d ./Drivers/STM32F1xx_HAL_Driver/Src/stm32f1xx_hal_dma.o
 .ARM.attributes
                0x00000000000001a6       0x2d ./Drivers/STM32F1xx_HAL_Driver/Src/stm32f1xx_hal_gpio.o
 .ARM.attributes
                0x00000000000001d3       0x2d ./Drivers/STM32F1xx_HAL_Driver/Src/stm32f1xx_hal_rcc.o
 .ARM.attributes
                0x0000000000000200       0x2d ./Drivers/STM32F1xx_HAL_Driver/Src/stm32f1xx_hal_tim.o
 .ARM.attributes
                0x000000000000022d       0x2d ./Drivers/STM32F1xx_HAL_Driver/Src/stm32f1xx_hal_tim_ex.o
 .ARM.attributes
                0x000000000000025a       0x2d ./Drivers/STM32F1xx_HAL_Driver/Src/stm32f1xx_hal_uart.o
 .ARM.attributes
                0x0000000000000287       0x2d ./FreeModbus_MASTER/app/user_mb_app_m.o
 .ARM.attributes
                0x00000000000002b4       0x2d ./FreeModbus_MASTER/functions/mbfunccoils_m.o
 .ARM.attributes
                0x00000000000002e1       0x2d ./FreeModbus_MASTER/functions/mbfuncdisc_m.o
 .ARM.attributes
                0x000000000000030e       0x2d ./FreeModbus_MASTER/functions/mbfuncholding_m.o
 .ARM.attributes
                0x000000000000033b       0x2d ./FreeModbus_MASTER/functions/mbfuncinput_m.o
 .ARM.attributes
                0x0000000000000368       0x2d ./FreeModbus_MASTER/functions/mbfuncother.o
 .ARM.attributes
                0x0000000000000395       0x2d ./FreeModbus_MASTER/functions/mbutils.o
 .ARM.attributes
                0x00000000000003c2       0x2d ./FreeModbus_MASTER/mb_m.o
 .ARM.attributes
                0x00000000000003ef       0x2d ./FreeModbus_MASTER/port/portcritical.o
 .ARM.attributes
                0x000000000000041c       0x2d ./FreeModbus_MASTER/port/portevent_m.o
 .ARM.attributes
                0x0000000000000449       0x2d ./FreeModbus_MASTER/port/portserial_m.o
 .ARM.attributes
                0x0000000000000476       0x2d ./FreeModbus_MASTER/port/porttimer_m.o
 .ARM.attributes
                0x00000000000004a3       0x2d ./FreeModbus_MASTER/rtu/mbcrc.o
 .ARM.attributes
                0x00000000000004d0       0x2d ./FreeModbus_MASTER/rtu/mbrtu_m.o
 .ARM.attributes
                0x00000000000004fd       0x2d c:/st/stm32cubeide_1.7.0/stm32cubeide/plugins/com.st.stm32cube.ide.mcu.externaltools.gnu-tools-for-stm32.9-2020-q2-update.win32_2.0.0.202105311346/tools/bin/../lib/gcc/arm-none-eabi/9.3.1/../../../../arm-none-eabi/lib/thumb/v7-m/nofp\libc_nano.a(lib_a-init.o)
 .ARM.attributes
                0x000000000000052a       0x2d c:/st/stm32cubeide_1.7.0/stm32cubeide/plugins/com.st.stm32cube.ide.mcu.externaltools.gnu-tools-for-stm32.9-2020-q2-update.win32_2.0.0.202105311346/tools/bin/../lib/gcc/arm-none-eabi/9.3.1/../../../../arm-none-eabi/lib/thumb/v7-m/nofp\libc_nano.a(lib_a-memcpy-stub.o)
 .ARM.attributes
                0x0000000000000557       0x2d c:/st/stm32cubeide_1.7.0/stm32cubeide/plugins/com.st.stm32cube.ide.mcu.externaltools.gnu-tools-for-stm32.9-2020-q2-update.win32_2.0.0.202105311346/tools/bin/../lib/gcc/arm-none-eabi/9.3.1/../../../../arm-none-eabi/lib/thumb/v7-m/nofp\libc_nano.a(lib_a-memset.o)
 .ARM.attributes
                0x0000000000000584       0x1d c:/st/stm32cubeide_1.7.0/stm32cubeide/plugins/com.st.stm32cube.ide.mcu.externaltools.gnu-tools-for-stm32.9-2020-q2-update.win32_2.0.0.202105311346/tools/bin/../lib/gcc/arm-none-eabi/9.3.1/thumb/v7-m/nofp/crtn.o
OUTPUT(MASTER.elf elf32-littlearm)
LOAD linker stubs
LOAD c:/st/stm32cubeide_1.7.0/stm32cubeide/plugins/com.st.stm32cube.ide.mcu.externaltools.gnu-tools-for-stm32.9-2020-q2-update.win32_2.0.0.202105311346/tools/bin/../lib/gcc/arm-none-eabi/9.3.1/../../../../arm-none-eabi/lib/thumb/v7-m/nofp\libc.a
LOAD c:/st/stm32cubeide_1.7.0/stm32cubeide/plugins/com.st.stm32cube.ide.mcu.externaltools.gnu-tools-for-stm32.9-2020-q2-update.win32_2.0.0.202105311346/tools/bin/../lib/gcc/arm-none-eabi/9.3.1/../../../../arm-none-eabi/lib/thumb/v7-m/nofp\libm.a
LOAD c:/st/stm32cubeide_1.7.0/stm32cubeide/plugins/com.st.stm32cube.ide.mcu.externaltools.gnu-tools-for-stm32.9-2020-q2-update.win32_2.0.0.202105311346/tools/bin/../lib/gcc/arm-none-eabi/9.3.1/thumb/v7-m/nofp\libgcc.a

.debug_info     0x0000000000000000    0x13f17
 .debug_info    0x0000000000000000      0xe93 ./Core/Src/main.o
 .debug_info    0x0000000000000e93      0xe33 ./Core/Src/stm32f1xx_hal_msp.o
 .debug_info    0x0000000000001cc6      0xa22 ./Core/Src/stm32f1xx_it.o
 .debug_info    0x00000000000026e8      0x2be ./Core/Src/system_stm32f1xx.o
 .debug_info    0x00000000000029a6       0x22 ./Core/Startup/startup_stm32f103vetx.o
 .debug_info    0x00000000000029c8      0x7d0 ./Drivers/STM32F1xx_HAL_Driver/Src/stm32f1xx_hal.o
 .debug_info    0x0000000000003198      0xc42 ./Drivers/STM32F1xx_HAL_Driver/Src/stm32f1xx_hal_cortex.o
 .debug_info    0x0000000000003dda      0x81e ./Drivers/STM32F1xx_HAL_Driver/Src/stm32f1xx_hal_dma.o
 .debug_info    0x00000000000045f8      0x701 ./Drivers/STM32F1xx_HAL_Driver/Src/stm32f1xx_hal_gpio.o
 .debug_info    0x0000000000004cf9      0x88e ./Drivers/STM32F1xx_HAL_Driver/Src/stm32f1xx_hal_rcc.o
 .debug_info    0x0000000000005587     0x2a45 ./Drivers/STM32F1xx_HAL_Driver/Src/stm32f1xx_hal_tim.o
 .debug_info    0x0000000000007fcc     0x14d5 ./Drivers/STM32F1xx_HAL_Driver/Src/stm32f1xx_hal_tim_ex.o
 .debug_info    0x00000000000094a1     0x161a ./Drivers/STM32F1xx_HAL_Driver/Src/stm32f1xx_hal_uart.o
 .debug_info    0x000000000000aabb      0x65a ./FreeModbus_MASTER/app/user_mb_app_m.o
 .debug_info    0x000000000000b115      0xf73 ./FreeModbus_MASTER/functions/mbfunccoils_m.o
 .debug_info    0x000000000000c088      0xd06 ./FreeModbus_MASTER/functions/mbfuncdisc_m.o
 .debug_info    0x000000000000cd8e     0x108a ./FreeModbus_MASTER/functions/mbfuncholding_m.o
 .debug_info    0x000000000000de18      0xcf7 ./FreeModbus_MASTER/functions/mbfuncinput_m.o
 .debug_info    0x000000000000eb0f      0xc51 ./FreeModbus_MASTER/functions/mbfuncother.o
 .debug_info    0x000000000000f760      0xcbc ./FreeModbus_MASTER/functions/mbutils.o
 .debug_info    0x000000000001041c     0x10b7 ./FreeModbus_MASTER/mb_m.o
 .debug_info    0x00000000000114d3      0x1f2 ./FreeModbus_MASTER/port/portcritical.o
 .debug_info    0x00000000000116c5      0x4cf ./FreeModbus_MASTER/port/portevent_m.o
 .debug_info    0x0000000000011b94      0x8ca ./FreeModbus_MASTER/port/portserial_m.o
 .debug_info    0x000000000001245e      0x883 ./FreeModbus_MASTER/port/porttimer_m.o
 .debug_info    0x0000000000012ce1      0x261 ./FreeModbus_MASTER/rtu/mbcrc.o
 .debug_info    0x0000000000012f42      0xfd5 ./FreeModbus_MASTER/rtu/mbrtu_m.o

.debug_abbrev   0x0000000000000000     0x3425
 .debug_abbrev  0x0000000000000000      0x24d ./Core/Src/main.o
 .debug_abbrev  0x000000000000024d      0x1c8 ./Core/Src/stm32f1xx_hal_msp.o
 .debug_abbrev  0x0000000000000415      0x176 ./Core/Src/stm32f1xx_it.o
 .debug_abbrev  0x000000000000058b      0x14e ./Core/Src/system_stm32f1xx.o
 .debug_abbrev  0x00000000000006d9       0x12 ./Core/Startup/startup_stm32f103vetx.o
 .debug_abbrev  0x00000000000006eb      0x1ed ./Drivers/STM32F1xx_HAL_Driver/Src/stm32f1xx_hal.o
 .debug_abbrev  0x00000000000008d8      0x313 ./Drivers/STM32F1xx_HAL_Driver/Src/stm32f1xx_hal_cortex.o
 .debug_abbrev  0x0000000000000beb      0x228 ./Drivers/STM32F1xx_HAL_Driver/Src/stm32f1xx_hal_dma.o
 .debug_abbrev  0x0000000000000e13      0x1e8 ./Drivers/STM32F1xx_HAL_Driver/Src/stm32f1xx_hal_gpio.o
 .debug_abbrev  0x0000000000000ffb      0x273 ./Drivers/STM32F1xx_HAL_Driver/Src/stm32f1xx_hal_rcc.o
 .debug_abbrev  0x000000000000126e      0x25e ./Drivers/STM32F1xx_HAL_Driver/Src/stm32f1xx_hal_tim.o
 .debug_abbrev  0x00000000000014cc      0x266 ./Drivers/STM32F1xx_HAL_Driver/Src/stm32f1xx_hal_tim_ex.o
 .debug_abbrev  0x0000000000001732      0x28b ./Drivers/STM32F1xx_HAL_Driver/Src/stm32f1xx_hal_uart.o
 .debug_abbrev  0x00000000000019bd      0x11f ./FreeModbus_MASTER/app/user_mb_app_m.o
 .debug_abbrev  0x0000000000001adc      0x24b ./FreeModbus_MASTER/functions/mbfunccoils_m.o
 .debug_abbrev  0x0000000000001d27      0x20b ./FreeModbus_MASTER/functions/mbfuncdisc_m.o
 .debug_abbrev  0x0000000000001f32      0x24b ./FreeModbus_MASTER/functions/mbfuncholding_m.o
 .debug_abbrev  0x000000000000217d      0x20b ./FreeModbus_MASTER/functions/mbfuncinput_m.o
 .debug_abbrev  0x0000000000002388      0x202 ./FreeModbus_MASTER/functions/mbfuncother.o
 .debug_abbrev  0x000000000000258a      0x200 ./FreeModbus_MASTER/functions/mbutils.o
 .debug_abbrev  0x000000000000278a      0x2d2 ./FreeModbus_MASTER/mb_m.o
 .debug_abbrev  0x0000000000002a5c       0xed ./FreeModbus_MASTER/port/portcritical.o
 .debug_abbrev  0x0000000000002b49      0x178 ./FreeModbus_MASTER/port/portevent_m.o
 .debug_abbrev  0x0000000000002cc1      0x1fb ./FreeModbus_MASTER/port/portserial_m.o
 .debug_abbrev  0x0000000000002ebc      0x1e5 ./FreeModbus_MASTER/port/porttimer_m.o
 .debug_abbrev  0x00000000000030a1       0xe7 ./FreeModbus_MASTER/rtu/mbcrc.o
 .debug_abbrev  0x0000000000003188      0x29d ./FreeModbus_MASTER/rtu/mbrtu_m.o

.debug_aranges  0x0000000000000000      0xfa0
 .debug_aranges
                0x0000000000000000       0x48 ./Core/Src/main.o
 .debug_aranges
                0x0000000000000048       0x40 ./Core/Src/stm32f1xx_hal_msp.o
 .debug_aranges
                0x0000000000000088       0x70 ./Core/Src/stm32f1xx_it.o
 .debug_aranges
                0x00000000000000f8       0x28 ./Core/Src/system_stm32f1xx.o
 .debug_aranges
                0x0000000000000120       0x28 ./Core/Startup/startup_stm32f103vetx.o
 .debug_aranges
                0x0000000000000148       0xe0 ./Drivers/STM32F1xx_HAL_Driver/Src/stm32f1xx_hal.o
 .debug_aranges
                0x0000000000000228      0x100 ./Drivers/STM32F1xx_HAL_Driver/Src/stm32f1xx_hal_cortex.o
 .debug_aranges
                0x0000000000000328       0x80 ./Drivers/STM32F1xx_HAL_Driver/Src/stm32f1xx_hal_dma.o
 .debug_aranges
                0x00000000000003a8       0x58 ./Drivers/STM32F1xx_HAL_Driver/Src/stm32f1xx_hal_gpio.o
 .debug_aranges
                0x0000000000000400       0x90 ./Drivers/STM32F1xx_HAL_Driver/Src/stm32f1xx_hal_rcc.o
 .debug_aranges
                0x0000000000000490      0x3d0 ./Drivers/STM32F1xx_HAL_Driver/Src/stm32f1xx_hal_tim.o
 .debug_aranges
                0x0000000000000860      0x168 ./Drivers/STM32F1xx_HAL_Driver/Src/stm32f1xx_hal_tim_ex.o
 .debug_aranges
                0x00000000000009c8      0x200 ./Drivers/STM32F1xx_HAL_Driver/Src/stm32f1xx_hal_uart.o
 .debug_aranges
                0x0000000000000bc8       0x38 ./FreeModbus_MASTER/app/user_mb_app_m.o
 .debug_aranges
                0x0000000000000c00       0x48 ./FreeModbus_MASTER/functions/mbfunccoils_m.o
 .debug_aranges
                0x0000000000000c48       0x28 ./FreeModbus_MASTER/functions/mbfuncdisc_m.o
 .debug_aranges
                0x0000000000000c70       0x58 ./FreeModbus_MASTER/functions/mbfuncholding_m.o
 .debug_aranges
                0x0000000000000cc8       0x28 ./FreeModbus_MASTER/functions/mbfuncinput_m.o
 .debug_aranges
                0x0000000000000cf0       0x28 ./FreeModbus_MASTER/functions/mbfuncother.o
 .debug_aranges
                0x0000000000000d18       0x30 ./FreeModbus_MASTER/functions/mbutils.o
 .debug_aranges
                0x0000000000000d48       0x78 ./FreeModbus_MASTER/mb_m.o
 .debug_aranges
                0x0000000000000dc0       0x28 ./FreeModbus_MASTER/port/portcritical.o
 .debug_aranges
                0x0000000000000de8       0x70 ./FreeModbus_MASTER/port/portevent_m.o
 .debug_aranges
                0x0000000000000e58       0x58 ./FreeModbus_MASTER/port/portserial_m.o
 .debug_aranges
                0x0000000000000eb0       0x48 ./FreeModbus_MASTER/port/porttimer_m.o
 .debug_aranges
                0x0000000000000ef8       0x20 ./FreeModbus_MASTER/rtu/mbcrc.o
 .debug_aranges
                0x0000000000000f18       0x88 ./FreeModbus_MASTER/rtu/mbrtu_m.o

.debug_ranges   0x0000000000000000      0xe28
 .debug_ranges  0x0000000000000000       0x38 ./Core/Src/main.o
 .debug_ranges  0x0000000000000038       0x30 ./Core/Src/stm32f1xx_hal_msp.o
 .debug_ranges  0x0000000000000068       0x60 ./Core/Src/stm32f1xx_it.o
 .debug_ranges  0x00000000000000c8       0x18 ./Core/Src/system_stm32f1xx.o
 .debug_ranges  0x00000000000000e0       0x20 ./Core/Startup/startup_stm32f103vetx.o
 .debug_ranges  0x0000000000000100       0xd0 ./Drivers/STM32F1xx_HAL_Driver/Src/stm32f1xx_hal.o
 .debug_ranges  0x00000000000001d0       0xf0 ./Drivers/STM32F1xx_HAL_Driver/Src/stm32f1xx_hal_cortex.o
 .debug_ranges  0x00000000000002c0       0x70 ./Drivers/STM32F1xx_HAL_Driver/Src/stm32f1xx_hal_dma.o
 .debug_ranges  0x0000000000000330       0x48 ./Drivers/STM32F1xx_HAL_Driver/Src/stm32f1xx_hal_gpio.o
 .debug_ranges  0x0000000000000378       0x80 ./Drivers/STM32F1xx_HAL_Driver/Src/stm32f1xx_hal_rcc.o
 .debug_ranges  0x00000000000003f8      0x3c0 ./Drivers/STM32F1xx_HAL_Driver/Src/stm32f1xx_hal_tim.o
 .debug_ranges  0x00000000000007b8      0x158 ./Drivers/STM32F1xx_HAL_Driver/Src/stm32f1xx_hal_tim_ex.o
 .debug_ranges  0x0000000000000910      0x220 ./Drivers/STM32F1xx_HAL_Driver/Src/stm32f1xx_hal_uart.o
 .debug_ranges  0x0000000000000b30       0x28 ./FreeModbus_MASTER/app/user_mb_app_m.o
 .debug_ranges  0x0000000000000b58       0x38 ./FreeModbus_MASTER/functions/mbfunccoils_m.o
 .debug_ranges  0x0000000000000b90       0x18 ./FreeModbus_MASTER/functions/mbfuncdisc_m.o
 .debug_ranges  0x0000000000000ba8       0x48 ./FreeModbus_MASTER/functions/mbfuncholding_m.o
 .debug_ranges  0x0000000000000bf0       0x18 ./FreeModbus_MASTER/functions/mbfuncinput_m.o
 .debug_ranges  0x0000000000000c08       0x18 ./FreeModbus_MASTER/functions/mbfuncother.o
 .debug_ranges  0x0000000000000c20       0x20 ./FreeModbus_MASTER/functions/mbutils.o
 .debug_ranges  0x0000000000000c40       0x68 ./FreeModbus_MASTER/mb_m.o
 .debug_ranges  0x0000000000000ca8       0x18 ./FreeModbus_MASTER/port/portcritical.o
 .debug_ranges  0x0000000000000cc0       0x60 ./FreeModbus_MASTER/port/portevent_m.o
 .debug_ranges  0x0000000000000d20       0x48 ./FreeModbus_MASTER/port/portserial_m.o
 .debug_ranges  0x0000000000000d68       0x38 ./FreeModbus_MASTER/port/porttimer_m.o
 .debug_ranges  0x0000000000000da0       0x10 ./FreeModbus_MASTER/rtu/mbcrc.o
 .debug_ranges  0x0000000000000db0       0x78 ./FreeModbus_MASTER/rtu/mbrtu_m.o

.debug_macro    0x0000000000000000    0x1bcc5
 .debug_macro   0x0000000000000000      0x287 ./Core/Src/main.o
 .debug_macro   0x0000000000000287      0xa9c ./Core/Src/main.o
 .debug_macro   0x0000000000000d23      0x21b ./Core/Src/main.o
 .debug_macro   0x0000000000000f3e       0x2e ./Core/Src/main.o
 .debug_macro   0x0000000000000f6c       0x22 ./Core/Src/main.o
 .debug_macro   0x0000000000000f8e       0x22 ./Core/Src/main.o
 .debug_macro   0x0000000000000fb0       0x8e ./Core/Src/main.o
 .debug_macro   0x000000000000103e       0x51 ./Core/Src/main.o
 .debug_macro   0x000000000000108f      0x103 ./Core/Src/main.o
 .debug_macro   0x0000000000001192       0x6a ./Core/Src/main.o
 .debug_macro   0x00000000000011fc      0x1df ./Core/Src/main.o
 .debug_macro   0x00000000000013db       0x1c ./Core/Src/main.o
 .debug_macro   0x00000000000013f7       0x22 ./Core/Src/main.o
 .debug_macro   0x0000000000001419       0xc3 ./Core/Src/main.o
 .debug_macro   0x00000000000014dc      0xd23 ./Core/Src/main.o
 .debug_macro   0x00000000000021ff     0xfd8c ./Core/Src/main.o
 .debug_macro   0x0000000000011f8b       0x6d ./Core/Src/main.o
 .debug_macro   0x0000000000011ff8     0x3468 ./Core/Src/main.o
 .debug_macro   0x0000000000015460      0x174 ./Core/Src/main.o
 .debug_macro   0x00000000000155d4       0x5c ./Core/Src/main.o
 .debug_macro   0x0000000000015630      0x5be ./Core/Src/main.o
 .debug_macro   0x0000000000015bee      0x4d5 ./Core/Src/main.o
 .debug_macro   0x00000000000160c3      0x1cb ./Core/Src/main.o
 .debug_macro   0x000000000001628e      0x114 ./Core/Src/main.o
 .debug_macro   0x00000000000163a2      0x1ea ./Core/Src/main.o
 .debug_macro   0x000000000001658c       0x27 ./Core/Src/main.o
 .debug_macro   0x00000000000165b3      0x144 ./Core/Src/main.o
 .debug_macro   0x00000000000166f7      0x1bc ./Core/Src/main.o
 .debug_macro   0x00000000000168b3       0x30 ./Core/Src/main.o
 .debug_macro   0x00000000000168e3       0x3c ./Core/Src/main.o
 .debug_macro   0x000000000001691f       0x57 ./Core/Src/main.o
 .debug_macro   0x0000000000016976       0x88 ./Core/Src/main.o
 .debug_macro   0x00000000000169fe      0x24f ./Core/Src/main.o
 .debug_macro   0x0000000000016c4d      0x141 ./Core/Src/main.o
 .debug_macro   0x0000000000016d8e      0x8d1 ./Core/Src/main.o
 .debug_macro   0x000000000001765f      0x279 ./Core/Src/main.o
 .debug_macro   0x00000000000178d8       0xb5 ./Core/Src/main.o
 .debug_macro   0x000000000001798d       0x28 ./Core/Src/main.o
 .debug_macro   0x00000000000179b5       0x52 ./Core/Src/main.o
 .debug_macro   0x0000000000017a07       0x18 ./Core/Src/main.o
 .debug_macro   0x0000000000017a1f       0x3c ./Core/Src/main.o
 .debug_macro   0x0000000000017a5b       0x34 ./Core/Src/main.o
 .debug_macro   0x0000000000017a8f       0x1c ./Core/Src/main.o
 .debug_macro   0x0000000000017aab       0x10 ./Core/Src/main.o
 .debug_macro   0x0000000000017abb       0x35 ./Core/Src/main.o
 .debug_macro   0x0000000000017af0      0x460 ./Core/Src/main.o
 .debug_macro   0x0000000000017f50       0x8e ./Core/Src/main.o
 .debug_macro   0x0000000000017fde       0x2e ./Core/Src/main.o
 .debug_macro   0x000000000001800c       0x10 ./Core/Src/main.o
 .debug_macro   0x000000000001801c       0x7c ./Core/Src/main.o
 .debug_macro   0x0000000000018098       0x10 ./Core/Src/main.o
 .debug_macro   0x00000000000180a8       0x22 ./Core/Src/main.o
 .debug_macro   0x00000000000180ca       0x4c ./Core/Src/main.o
 .debug_macro   0x0000000000018116      0x1b2 ./Core/Src/stm32f1xx_hal_msp.o
 .debug_macro   0x00000000000182c8      0x1bc ./Core/Src/stm32f1xx_it.o
 .debug_macro   0x0000000000018484      0x1a3 ./Core/Src/system_stm32f1xx.o
 .debug_macro   0x0000000000018627      0x1c7 ./Drivers/STM32F1xx_HAL_Driver/Src/stm32f1xx_hal.o
 .debug_macro   0x00000000000187ee      0x1a3 ./Drivers/STM32F1xx_HAL_Driver/Src/stm32f1xx_hal_cortex.o
 .debug_macro   0x0000000000018991      0x1a3 ./Drivers/STM32F1xx_HAL_Driver/Src/stm32f1xx_hal_dma.o
 .debug_macro   0x0000000000018b34      0x20e ./Drivers/STM32F1xx_HAL_Driver/Src/stm32f1xx_hal_gpio.o
 .debug_macro   0x0000000000018d42      0x1b5 ./Drivers/STM32F1xx_HAL_Driver/Src/stm32f1xx_hal_rcc.o
 .debug_macro   0x0000000000018ef7      0x1a4 ./Drivers/STM32F1xx_HAL_Driver/Src/stm32f1xx_hal_tim.o
 .debug_macro   0x000000000001909b      0x1a3 ./Drivers/STM32F1xx_HAL_Driver/Src/stm32f1xx_hal_tim_ex.o
 .debug_macro   0x000000000001923e      0x1a4 ./Drivers/STM32F1xx_HAL_Driver/Src/stm32f1xx_hal_uart.o
 .debug_macro   0x00000000000193e2      0x280 ./FreeModbus_MASTER/app/user_mb_app_m.o
 .debug_macro   0x0000000000019662      0x3af ./FreeModbus_MASTER/functions/mbfunccoils_m.o
 .debug_macro   0x0000000000019a11      0x355 ./FreeModbus_MASTER/functions/mbfuncdisc_m.o
 .debug_macro   0x0000000000019d66      0x3f1 ./FreeModbus_MASTER/functions/mbfuncholding_m.o
 .debug_macro   0x000000000001a157      0x35b ./FreeModbus_MASTER/functions/mbfuncinput_m.o
 .debug_macro   0x000000000001a4b2      0x328 ./FreeModbus_MASTER/functions/mbfuncother.o
 .debug_macro   0x000000000001a7da      0x321 ./FreeModbus_MASTER/functions/mbutils.o
 .debug_macro   0x000000000001aafb      0x353 ./FreeModbus_MASTER/mb_m.o
 .debug_macro   0x000000000001ae4e      0x1bc ./FreeModbus_MASTER/port/portcritical.o
 .debug_macro   0x000000000001b00a      0x262 ./FreeModbus_MASTER/port/portevent_m.o
 .debug_macro   0x000000000001b26c      0x265 ./FreeModbus_MASTER/port/portserial_m.o
 .debug_macro   0x000000000001b4d1      0x262 ./FreeModbus_MASTER/port/porttimer_m.o
 .debug_macro   0x000000000001b733      0x22f ./FreeModbus_MASTER/rtu/mbcrc.o
 .debug_macro   0x000000000001b962      0x363 ./FreeModbus_MASTER/rtu/mbrtu_m.o

.debug_line     0x0000000000000000    0x1571a
 .debug_line    0x0000000000000000      0xa3a ./Core/Src/main.o
 .debug_line    0x0000000000000a3a      0x70f ./Core/Src/stm32f1xx_hal_msp.o
 .debug_line    0x0000000000001149      0x76f ./Core/Src/stm32f1xx_it.o
 .debug_line    0x00000000000018b8      0x6fb ./Core/Src/system_stm32f1xx.o
 .debug_line    0x0000000000001fb3       0x87 ./Core/Startup/startup_stm32f103vetx.o
 .debug_line    0x000000000000203a      0x928 ./Drivers/STM32F1xx_HAL_Driver/Src/stm32f1xx_hal.o
 .debug_line    0x0000000000002962      0xb10 ./Drivers/STM32F1xx_HAL_Driver/Src/stm32f1xx_hal_cortex.o
 .debug_line    0x0000000000003472     0x1252 ./Drivers/STM32F1xx_HAL_Driver/Src/stm32f1xx_hal_dma.o
 .debug_line    0x00000000000046c4      0x9e7 ./Drivers/STM32F1xx_HAL_Driver/Src/stm32f1xx_hal_gpio.o
 .debug_line    0x00000000000050ab      0xd36 ./Drivers/STM32F1xx_HAL_Driver/Src/stm32f1xx_hal_rcc.o
 .debug_line    0x0000000000005de1     0x34ef ./Drivers/STM32F1xx_HAL_Driver/Src/stm32f1xx_hal_tim.o
 .debug_line    0x00000000000092d0     0x18b4 ./Drivers/STM32F1xx_HAL_Driver/Src/stm32f1xx_hal_tim_ex.o
 .debug_line    0x000000000000ab84     0x1a03 ./Drivers/STM32F1xx_HAL_Driver/Src/stm32f1xx_hal_uart.o
 .debug_line    0x000000000000c587      0xb73 ./FreeModbus_MASTER/app/user_mb_app_m.o
 .debug_line    0x000000000000d0fa      0xc41 ./FreeModbus_MASTER/functions/mbfunccoils_m.o
 .debug_line    0x000000000000dd3b      0xa3c ./FreeModbus_MASTER/functions/mbfuncdisc_m.o
 .debug_line    0x000000000000e777      0xcf2 ./FreeModbus_MASTER/functions/mbfuncholding_m.o
 .debug_line    0x000000000000f469      0xa32 ./FreeModbus_MASTER/functions/mbfuncinput_m.o
 .debug_line    0x000000000000fe9b      0x9d2 ./FreeModbus_MASTER/functions/mbfuncother.o
 .debug_line    0x000000000001086d      0xa12 ./FreeModbus_MASTER/functions/mbutils.o
 .debug_line    0x000000000001127f      0xc47 ./FreeModbus_MASTER/mb_m.o
 .debug_line    0x0000000000011ec6      0x6f1 ./FreeModbus_MASTER/port/portcritical.o
 .debug_line    0x00000000000125b7      0x9de ./FreeModbus_MASTER/port/portevent_m.o
 .debug_line    0x0000000000012f95      0x98b ./FreeModbus_MASTER/port/portserial_m.o
 .debug_line    0x0000000000013920      0x952 ./FreeModbus_MASTER/port/porttimer_m.o
 .debug_line    0x0000000000014272      0x852 ./FreeModbus_MASTER/rtu/mbcrc.o
 .debug_line    0x0000000000014ac4      0xc56 ./FreeModbus_MASTER/rtu/mbrtu_m.o

.debug_str      0x0000000000000000    0x9b36a
 .debug_str     0x0000000000000000    0x938c4 ./Core/Src/main.o
                                      0x93dcc (size before relaxing)
 .debug_str     0x00000000000938c4      0x3b6 ./Core/Src/stm32f1xx_hal_msp.o
                                      0x9231a (size before relaxing)
 .debug_str     0x0000000000093c7a       0xdf ./Core/Src/stm32f1xx_it.o
                                      0x91f0a (size before relaxing)
 .debug_str     0x0000000000093d59       0x52 ./Core/Src/system_stm32f1xx.o
                                      0x91789 (size before relaxing)
 .debug_str     0x0000000000093dab       0x36 ./Core/Startup/startup_stm32f103vetx.o
                                         0x67 (size before relaxing)
 .debug_str     0x0000000000093de1      0x304 ./Drivers/STM32F1xx_HAL_Driver/Src/stm32f1xx_hal.o
                                      0x91efe (size before relaxing)
 .debug_str     0x00000000000940e5      0x300 ./Drivers/STM32F1xx_HAL_Driver/Src/stm32f1xx_hal_cortex.o
                                      0x91f06 (size before relaxing)
 .debug_str     0x00000000000943e5      0x235 ./Drivers/STM32F1xx_HAL_Driver/Src/stm32f1xx_hal_dma.o
                                      0x91b64 (size before relaxing)
 .debug_str     0x000000000009461a      0x31f ./Drivers/STM32F1xx_HAL_Driver/Src/stm32f1xx_hal_gpio.o
                                      0x91b4d (size before relaxing)
 .debug_str     0x0000000000094939      0x24f ./Drivers/STM32F1xx_HAL_Driver/Src/stm32f1xx_hal_rcc.o
                                      0x91b86 (size before relaxing)
 .debug_str     0x0000000000094b88      0xde6 ./Drivers/STM32F1xx_HAL_Driver/Src/stm32f1xx_hal_tim.o
                                      0x92b58 (size before relaxing)
 .debug_str     0x000000000009596e      0x4ee ./Drivers/STM32F1xx_HAL_Driver/Src/stm32f1xx_hal_tim_ex.o
                                      0x92309 (size before relaxing)
 .debug_str     0x0000000000095e5c      0x5ed ./Drivers/STM32F1xx_HAL_Driver/Src/stm32f1xx_hal_uart.o
                                      0x92178 (size before relaxing)
 .debug_str     0x0000000000096449      0x2d3 ./FreeModbus_MASTER/app/user_mb_app_m.o
                                      0x936e6 (size before relaxing)
 .debug_str     0x000000000009671c     0x3683 ./FreeModbus_MASTER/functions/mbfunccoils_m.o
                                      0x96a7b (size before relaxing)
 .debug_str     0x0000000000099d9f      0x10a ./FreeModbus_MASTER/functions/mbfuncdisc_m.o
                                      0x96712 (size before relaxing)
 .debug_str     0x0000000000099ea9      0x668 ./FreeModbus_MASTER/functions/mbfuncholding_m.o
                                      0x96dd1 (size before relaxing)
 .debug_str     0x000000000009a511       0xa1 ./FreeModbus_MASTER/functions/mbfuncinput_m.o
                                      0x9672e (size before relaxing)
 .debug_str     0x000000000009a5b2       0x9e ./FreeModbus_MASTER/functions/mbfuncother.o
                                      0x9643e (size before relaxing)
 .debug_str     0x000000000009a650       0xcd ./FreeModbus_MASTER/functions/mbutils.o
                                      0x96400 (size before relaxing)
 .debug_str     0x000000000009a71d      0x3cf ./FreeModbus_MASTER/mb_m.o
                                      0x968c1 (size before relaxing)
 .debug_str     0x000000000009aaec       0x62 ./FreeModbus_MASTER/port/portcritical.o
                                      0x91803 (size before relaxing)
 .debug_str     0x000000000009ab4e      0x189 ./FreeModbus_MASTER/port/portevent_m.o
                                      0x935d0 (size before relaxing)
 .debug_str     0x000000000009acd7      0x1a3 ./FreeModbus_MASTER/port/portserial_m.o
                                      0x93867 (size before relaxing)
 .debug_str     0x000000000009ae7a      0x121 ./FreeModbus_MASTER/port/porttimer_m.o
                                      0x938a2 (size before relaxing)
 .debug_str     0x000000000009af9b       0x44 ./FreeModbus_MASTER/rtu/mbcrc.o
                                      0x92f86 (size before relaxing)
 .debug_str     0x000000000009afdf      0x38b ./FreeModbus_MASTER/rtu/mbrtu_m.o
                                      0x96815 (size before relaxing)

.comment        0x0000000000000000       0x53
 .comment       0x0000000000000000       0x53 ./Core/Src/main.o
                                         0x54 (size before relaxing)
 .comment       0x0000000000000053       0x54 ./Core/Src/stm32f1xx_hal_msp.o
 .comment       0x0000000000000053       0x54 ./Core/Src/stm32f1xx_it.o
 .comment       0x0000000000000053       0x54 ./Core/Src/system_stm32f1xx.o
 .comment       0x0000000000000053       0x54 ./Drivers/STM32F1xx_HAL_Driver/Src/stm32f1xx_hal.o
 .comment       0x0000000000000053       0x54 ./Drivers/STM32F1xx_HAL_Driver/Src/stm32f1xx_hal_cortex.o
 .comment       0x0000000000000053       0x54 ./Drivers/STM32F1xx_HAL_Driver/Src/stm32f1xx_hal_dma.o
 .comment       0x0000000000000053       0x54 ./Drivers/STM32F1xx_HAL_Driver/Src/stm32f1xx_hal_gpio.o
 .comment       0x0000000000000053       0x54 ./Drivers/STM32F1xx_HAL_Driver/Src/stm32f1xx_hal_rcc.o
 .comment       0x0000000000000053       0x54 ./Drivers/STM32F1xx_HAL_Driver/Src/stm32f1xx_hal_tim.o
 .comment       0x0000000000000053       0x54 ./Drivers/STM32F1xx_HAL_Driver/Src/stm32f1xx_hal_tim_ex.o
 .comment       0x0000000000000053       0x54 ./Drivers/STM32F1xx_HAL_Driver/Src/stm32f1xx_hal_uart.o
 .comment       0x0000000000000053       0x54 ./FreeModbus_MASTER/app/user_mb_app_m.o
 .comment       0x0000000000000053       0x54 ./FreeModbus_MASTER/functions/mbfunccoils_m.o
 .comment       0x0000000000000053       0x54 ./FreeModbus_MASTER/functions/mbfuncdisc_m.o
 .comment       0x0000000000000053       0x54 ./FreeModbus_MASTER/functions/mbfuncholding_m.o
 .comment       0x0000000000000053       0x54 ./FreeModbus_MASTER/functions/mbfuncinput_m.o
 .comment       0x0000000000000053       0x54 ./FreeModbus_MASTER/functions/mbfuncother.o
 .comment       0x0000000000000053       0x54 ./FreeModbus_MASTER/functions/mbutils.o
 .comment       0x0000000000000053       0x54 ./FreeModbus_MASTER/mb_m.o
 .comment       0x0000000000000053       0x54 ./FreeModbus_MASTER/port/portcritical.o
 .comment       0x0000000000000053       0x54 ./FreeModbus_MASTER/port/portevent_m.o
 .comment       0x0000000000000053       0x54 ./FreeModbus_MASTER/port/portserial_m.o
 .comment       0x0000000000000053       0x54 ./FreeModbus_MASTER/port/porttimer_m.o
 .comment       0x0000000000000053       0x54 ./FreeModbus_MASTER/rtu/mbcrc.o
 .comment       0x0000000000000053       0x54 ./FreeModbus_MASTER/rtu/mbrtu_m.o

.debug_frame    0x0000000000000000     0x3da4
 .debug_frame   0x0000000000000000       0xcc ./Core/Src/main.o
 .debug_frame   0x00000000000000cc       0xc8 ./Core/Src/stm32f1xx_hal_msp.o
 .debug_frame   0x0000000000000194      0x13c ./Core/Src/stm32f1xx_it.o
 .debug_frame   0x00000000000002d0       0x58 ./Core/Src/system_stm32f1xx.o
 .debug_frame   0x0000000000000328      0x334 ./Drivers/STM32F1xx_HAL_Driver/Src/stm32f1xx_hal.o
 .debug_frame   0x000000000000065c      0x428 ./Drivers/STM32F1xx_HAL_Driver/Src/stm32f1xx_hal_cortex.o
 .debug_frame   0x0000000000000a84      0x20c ./Drivers/STM32F1xx_HAL_Driver/Src/stm32f1xx_hal_dma.o
 .debug_frame   0x0000000000000c90      0x14c ./Drivers/STM32F1xx_HAL_Driver/Src/stm32f1xx_hal_gpio.o
 .debug_frame   0x0000000000000ddc      0x21c ./Drivers/STM32F1xx_HAL_Driver/Src/stm32f1xx_hal_rcc.o
 .debug_frame   0x0000000000000ff8     0x11bc ./Drivers/STM32F1xx_HAL_Driver/Src/stm32f1xx_hal_tim.o
 .debug_frame   0x00000000000021b4      0x638 ./Drivers/STM32F1xx_HAL_Driver/Src/stm32f1xx_hal_tim_ex.o
 .debug_frame   0x00000000000027ec      0x914 ./Drivers/STM32F1xx_HAL_Driver/Src/stm32f1xx_hal_uart.o
 .debug_frame   0x0000000000003100       0xa8 ./FreeModbus_MASTER/app/user_mb_app_m.o
 .debug_frame   0x00000000000031a8       0xe8 ./FreeModbus_MASTER/functions/mbfunccoils_m.o
 .debug_frame   0x0000000000003290       0x58 ./FreeModbus_MASTER/functions/mbfuncdisc_m.o
 .debug_frame   0x00000000000032e8      0x130 ./FreeModbus_MASTER/functions/mbfuncholding_m.o
 .debug_frame   0x0000000000003418       0x58 ./FreeModbus_MASTER/functions/mbfuncinput_m.o
 .debug_frame   0x0000000000003470       0x58 ./FreeModbus_MASTER/functions/mbfuncother.o
 .debug_frame   0x00000000000034c8       0x88 ./FreeModbus_MASTER/functions/mbutils.o
 .debug_frame   0x0000000000003550      0x1c4 ./FreeModbus_MASTER/mb_m.o
 .debug_frame   0x0000000000003714       0x50 ./FreeModbus_MASTER/port/portcritical.o
 .debug_frame   0x0000000000003764      0x198 ./FreeModbus_MASTER/port/portevent_m.o
 .debug_frame   0x00000000000038fc      0x130 ./FreeModbus_MASTER/port/portserial_m.o
 .debug_frame   0x0000000000003a2c       0xcc ./FreeModbus_MASTER/port/porttimer_m.o
 .debug_frame   0x0000000000003af8       0x38 ./FreeModbus_MASTER/rtu/mbcrc.o
 .debug_frame   0x0000000000003b30      0x200 ./FreeModbus_MASTER/rtu/mbrtu_m.o
 .debug_frame   0x0000000000003d30       0x2c c:/st/stm32cubeide_1.7.0/stm32cubeide/plugins/com.st.stm32cube.ide.mcu.externaltools.gnu-tools-for-stm32.9-2020-q2-update.win32_2.0.0.202105311346/tools/bin/../lib/gcc/arm-none-eabi/9.3.1/../../../../arm-none-eabi/lib/thumb/v7-m/nofp\libc_nano.a(lib_a-init.o)
 .debug_frame   0x0000000000003d5c       0x28 c:/st/stm32cubeide_1.7.0/stm32cubeide/plugins/com.st.stm32cube.ide.mcu.externaltools.gnu-tools-for-stm32.9-2020-q2-update.win32_2.0.0.202105311346/tools/bin/../lib/gcc/arm-none-eabi/9.3.1/../../../../arm-none-eabi/lib/thumb/v7-m/nofp\libc_nano.a(lib_a-memcpy-stub.o)
 .debug_frame   0x0000000000003d84       0x20 c:/st/stm32cubeide_1.7.0/stm32cubeide/plugins/com.st.stm32cube.ide.mcu.externaltools.gnu-tools-for-stm32.9-2020-q2-update.win32_2.0.0.202105311346/tools/bin/../lib/gcc/arm-none-eabi/9.3.1/../../../../arm-none-eabi/lib/thumb/v7-m/nofp\libc_nano.a(lib_a-memset.o)
