portevent_m.c:15:6:xMBMasterPortEventInit	4	static
portevent_m.c:21:6:xMBMasterPortEventPost	16	static
portevent_m.c:28:6:xMBMasterPortEventGet	24	static
portevent_m.c:45:6:vMBMasterOsResInit	4	static
portevent_m.c:58:6:xMBMasterRunResTake	16	static
portevent_m.c:69:6:vMBMasterRunResRelease	4	static
portevent_m.c:84:6:vMBMasterErrorCBRespondTimeout	16	static
portevent_m.c:99:6:vMBMasterErrorCBReceiveData	16	static
portevent_m.c:114:6:vMBMasterErrorCBExecuteFunction	16	static
portevent_m.c:125:6:vMBMasterCBRequestScuuess	8	static
portevent_m.c:139:21:eMBMasterWaitRequestFinish	16	static
